<html>
<body>
<pre>
<h1>µVision Build Log</h1>
<h2>Tool Versions:</h2>
IDE-Version: µVision V5.38.0.0
Copyright (C) 2022 ARM Ltd and ARM Germany GmbH. All rights reserved.
License Information: Riccardo Isac, UPT, LIC=----
 
Tool Versions:
Toolchain:       MDK-Lite  Version: 5.38.0.0
Toolchain Path:  C:\Keil_v5\ARM\ARMCLANG\Bin
C Compiler:      ArmClang.exe V6.19
Assembler:       Armasm.exe V6.19
Linker/Locator:  ArmLink.exe V6.19
Library Manager: ArmAr.exe V6.19
Hex Converter:   FromElf.exe V6.19
CPU DLL:         SARMCM3.DLL V5.38.0.0
Dialog DLL:      DARMCM1.DLL V1.19.6.0
Target DLL:      PEMicro\Pemicro_ArmCortexInterface.dll V1.3.0.0
Dialog DLL:      TARMCM1.DLL V1.14.6.0
 
<h2>Project:</h2>
C:\Repos\CalibrareFiltre\MMA_Project.uvprojx
Project File Date:  12/03/2023

<h2>Output:</h2>
*** Using Compiler 'V6.19', folder: 'C:\Keil_v5\ARM\ARMCLANG\Bin'
Rebuild target 'MMA_Project'
compiling LED.c...
compiling PeriodicTimer.c...
src/i2c.c(26): warning: a function declaration without a prototype is deprecated in all versions of C [-Wstrict-prototypes]
void i2c_start()
              ^
               void
1 warning generated.
compiling i2c.c...
src/mma8451.c(16): warning: a function declaration without a prototype is deprecated in all versions of C [-Wstrict-prototypes]
int init_mma()
            ^
             void
src/mma8451.c(30): warning: a function declaration without a prototype is deprecated in all versions of C [-Wstrict-prototypes]
void read_full_xyz()
                  ^
                   void
2 warnings generated.
compiling mma8451.c...
src/main.c(22): warning: no previous extern declaration for non-static variable 'direction' [-Wmissing-variable-declarations]
int direction = 0;      // variable used to determine the direction of pitch and roll (1 -> pos, -1 -> neg)
    ^
src/main.c(22): note: declare 'static' if the variable is not intended to be used outside of this translation unit
int direction = 0;      // variable used to determine the direction of pitch and roll (1 -> pos, -1 -> neg)
^
src/main.c(129): warning: unused variable 'c' [-Wunused-variable]
                        char c = (char)Com_GetByte();
                             ^
src/main.c(36): warning: unused variable 'pitch_counter' [-Wunused-variable]
        int pitch_counter = 0;
            ^
src/main.c(135): warning: 'return' will never be executed [-Wunreachable-code-return]
        return 0;
               ^
src/main.c(260): warning: mixing declarations and code is incompatible with standards before C99 [-Wdeclaration-after-statement]
    int tmpInt1 = (int)tmpVal;                  // Get the integer (678).
        ^
5 warnings generated.
compiling main.c...
assembling startup_MKL25Z4.s...
compiling system_MKL25Z4.c...
compiling UARTCom.c...
linking...
Program Size: Code=6300 RO-data=324 RW-data=0 ZI-data=608  
".\Objects\AsmTimerGPIO.axf" - 0 Error(s), 8 Warning(s).

<h2>Software Packages used:</h2>

Package Vendor: ARM
                http://www.keil.com/pack/ARM.CMSIS.5.9.0.pack
                ARM.CMSIS.5.9.0
                CMSIS (Common Microcontroller Software Interface Standard)
   * Component: I2C Version: 2.4.0
   * Component: Custom Version: 1.0.0
   * Component: CORE Version: 5.6.0

Package Vendor: Keil
                https://www.keil.com/pack/Keil.Kinetis_KLxx_DFP.1.15.1.pack
                Keil.Kinetis_KLxx_DFP.1.15.1
                NXP Kinetis KLxx Series Device Support and Examples
   * Component: Startup Version: 2.5.0

<h2>Collection of Component include folders:</h2>
  ./RTE/Device/MKL25Z128xxx4
  ./RTE/_MMA_Project
  C:/Users/ricoi/AppData/Local/Arm/Packs/ARM/CMSIS/5.9.0/CMSIS/Core/Include
  C:/Users/ricoi/AppData/Local/Arm/Packs/ARM/CMSIS/5.9.0/CMSIS/Driver/Include
  C:/Users/ricoi/AppData/Local/Arm/Packs/Keil/Kinetis_KLxx_DFP/1.15.1/Device/Include

<h2>Collection of Component Files used:</h2>

   * Component: ::CMSIS Driver:I2C:2.4.0 (API)
      Include file:  CMSIS/Driver/Include/Driver_I2C.h

   * Component: ARM::CMSIS Driver:I2C:Custom:1.0.0
      Include file:  CMSIS/Driver/Include/Driver_I2C.h
      Source file:   CMSIS/Driver/DriverTemplates/Driver_I2C.c

   * Component: ARM::CMSIS:CORE:5.6.0

   * Component: Keil::Device:Startup:2.5.0
      Source file:   Device/Source/system_MKL25Z4.c
      Include file:  Device/Source/system_MKL25Z4.h
      Source file:   Device/Source/ARM/startup_MKL25Z4.s
Build Time Elapsed:  00:00:01
</pre>
</body>
</html>
