Component: Arm Compiler for Embedded 6.19 Tool: armlink [5e73cb00]

==============================================================================

Section Cross References

    main.o(.text) refers (Special) to _printf_percent.o(.ARM.Collect$$_printf_percent$$00000000) for _printf_percent
    main.o(.text) refers (Special) to _printf_pad.o(.text) for _printf_pre_padding
    main.o(.text) refers (Special) to _printf_s.o(.ARM.Collect$$_printf_percent$$00000014) for _printf_s
    main.o(.text) refers (Special) to _printf_d.o(.ARM.Collect$$_printf_percent$$00000009) for _printf_d
    main.o(.text) refers (Special) to _printf_dec.o(.text) for _printf_int_dec
    main.o(.text) refers (Special) to _printf_str.o(.text) for _printf_str
    main.o(.text.main) refers (Special) to _printf_percent.o(.ARM.Collect$$_printf_percent$$00000000) for _printf_percent
    main.o(.text.main) refers (Special) to _printf_pad.o(.text) for _printf_pre_padding
    main.o(.text.main) refers (Special) to _printf_s.o(.ARM.Collect$$_printf_percent$$00000014) for _printf_s
    main.o(.text.main) refers (Special) to _printf_d.o(.ARM.Collect$$_printf_percent$$00000009) for _printf_d
    main.o(.text.main) refers (Special) to _printf_dec.o(.text) for _printf_int_dec
    main.o(.text.main) refers (Special) to _printf_str.o(.text) for _printf_str
    main.o(.text.main) refers to periodictimer.o(.text.config_sys_clock) for config_sys_clock
    main.o(.text.main) refers to uartcom.o(.text.Com_Init) for Com_Init
    main.o(.text.main) refers to i2c.o(.text.i2c_init) for i2c_init
    main.o(.text.main) refers to mma8451.o(.text.init_mma) for init_mma
    main.o(.text.main) refers to led.o(.text.init_RGB) for init_RGB
    main.o(.text.main) refers to led.o(.text.toggle) for toggle
    main.o(.text.main) refers to periodictimer.o(.text.timer0_init) for timer0_init
    main.o(.text.main) refers to main.o(.text.calibrate_task) for calibrate_task
    main.o(.text.main) refers to main.o(.text.periodic_task) for periodic_task
    main.o(.text.main) refers to led.o(.text.set_g) for set_g
    main.o(.text.main) refers to led.o(.text.set_b) for set_b
    main.o(.text.main) refers to led.o(.text.set_r) for set_r
    main.o(.text.main) refers to led.o(.text.toggle_g) for toggle_g
    main.o(.text.main) refers to led.o(.text.toggle_gb) for toggle_gb
    main.o(.text.main) refers to mma8451.o(.bss.roll) for roll
    main.o(.text.main) refers to main.o(.bss.offsetX) for [Anonymous Symbol]
    main.o(.text.main) refers to main.o(.bss.calibration_counter) for [Anonymous Symbol]
    main.o(.text.main) refers to periodictimer.o(.bss.timerEvent) for timerEvent
    main.o(.text.main) refers to main.o(.bss.direction) for direction
    main.o(.ARM.exidx.text.main) refers (Special) to _printf_percent.o(.ARM.Collect$$_printf_percent$$00000000) for _printf_percent
    main.o(.ARM.exidx.text.main) refers (Special) to _printf_pad.o(.text) for _printf_pre_padding
    main.o(.ARM.exidx.text.main) refers (Special) to _printf_s.o(.ARM.Collect$$_printf_percent$$00000014) for _printf_s
    main.o(.ARM.exidx.text.main) refers (Special) to _printf_d.o(.ARM.Collect$$_printf_percent$$00000009) for _printf_d
    main.o(.ARM.exidx.text.main) refers (Special) to _printf_dec.o(.text) for _printf_int_dec
    main.o(.ARM.exidx.text.main) refers (Special) to _printf_str.o(.text) for _printf_str
    main.o(.ARM.exidx.text.main) refers to main.o(.text.main) for [Anonymous Symbol]
    main.o(.text.calibrate_task) refers (Special) to _printf_percent.o(.ARM.Collect$$_printf_percent$$00000000) for _printf_percent
    main.o(.text.calibrate_task) refers (Special) to _printf_pad.o(.text) for _printf_pre_padding
    main.o(.text.calibrate_task) refers (Special) to _printf_s.o(.ARM.Collect$$_printf_percent$$00000014) for _printf_s
    main.o(.text.calibrate_task) refers (Special) to _printf_d.o(.ARM.Collect$$_printf_percent$$00000009) for _printf_d
    main.o(.text.calibrate_task) refers (Special) to _printf_dec.o(.text) for _printf_int_dec
    main.o(.text.calibrate_task) refers (Special) to _printf_str.o(.text) for _printf_str
    main.o(.text.calibrate_task) refers to mma8451.o(.text.read_full_xyz) for read_full_xyz
    main.o(.text.calibrate_task) refers to main.o(.bss.calibration_counter) for [Anonymous Symbol]
    main.o(.text.calibrate_task) refers to main.o(.bss.offsetX) for [Anonymous Symbol]
    main.o(.text.calibrate_task) refers to mma8451.o(.bss.acc_X) for acc_X
    main.o(.text.calibrate_task) refers to main.o(.bss.maxX) for [Anonymous Symbol]
    main.o(.text.calibrate_task) refers to main.o(.bss.minX) for [Anonymous Symbol]
    main.o(.text.calibrate_task) refers to main.o(.bss.offsetY) for [Anonymous Symbol]
    main.o(.text.calibrate_task) refers to mma8451.o(.bss.acc_Y) for acc_Y
    main.o(.text.calibrate_task) refers to main.o(.bss.maxY) for [Anonymous Symbol]
    main.o(.text.calibrate_task) refers to main.o(.bss.minY) for [Anonymous Symbol]
[...]
    __printf_flags.o(.text) refers to __printf_flags.o(.constdata) for .constdata
    __printf_ss.o(.text) refers to _printf_percent.o(.ARM.Collect$$_printf_percent$$00000000) for _printf_percent
    __printf_flags_ss.o(.text) refers to _printf_percent.o(.ARM.Collect$$_printf_percent$$00000000) for _printf_percent
    __printf_flags_ss.o(.text) refers to __printf_flags_ss.o(.constdata) for .constdata
    __printf_wp.o(.text) refers to __printf_wp.o(i._is_digit) for _is_digit
    __printf_wp.o(.text) refers to _printf_percent.o(.ARM.Collect$$_printf_percent$$00000000) for _printf_percent
    __printf_flags_wp.o(.text) refers to __printf_wp.o(i._is_digit) for _is_digit
    __printf_flags_wp.o(.text) refers to _printf_percent.o(.ARM.Collect$$_printf_percent$$00000000) for _printf_percent
    __printf_flags_wp.o(.text) refers to __printf_flags_wp.o(.constdata) for .constdata
    __printf_ss_wp.o(.text) refers to __printf_wp.o(i._is_digit) for _is_digit
    __printf_ss_wp.o(.text) refers to _printf_percent.o(.ARM.Collect$$_printf_percent$$00000000) for _printf_percent
    __printf_flags_ss_wp.o(.text) refers to __printf_wp.o(i._is_digit) for _is_digit
    __printf_flags_ss_wp.o(.text) refers to _printf_percent.o(.ARM.Collect$$_printf_percent$$00000000) for _printf_percent
    __printf_flags_ss_wp.o(.text) refers to __printf_flags_ss_wp.o(.constdata) for .constdata
    _printf_s.o(.ARM.Collect$$_printf_percent$$00000014) refers (Weak) to _printf_char.o(.text) for _printf_string
    _printf_d.o(.ARM.Collect$$_printf_percent$$00000009) refers (Weak) to _printf_dec.o(.text) for _printf_int_dec
    _printf_percent.o(.ARM.Collect$$_printf_percent$$00000000) refers (Special) to _printf_percent_end.o(.ARM.Collect$$_printf_percent$$00000017) for _printf_percent_end
    __main.o(!!!main) refers to __rtentry.o(.ARM.Collect$$rtentry$$00000000) for __rt_entry
    faddsub.o(x$fpl$fadd) refers (Special) to usenofp.o(x$fpl$usenofp) for __I$use$fp
    faddsub.o(x$fpl$fadd) refers to faddsub.o(x$fpl$fsub) for _fsub1
    faddsub.o(x$fpl$frsb) refers (Special) to usenofp.o(x$fpl$usenofp) for __I$use$fp
    faddsub.o(x$fpl$frsb) refers to faddsub.o(x$fpl$fsub) for _fsub1
    faddsub.o(x$fpl$frsb) refers to faddsub.o(x$fpl$fadd) for _fadd1
    faddsub.o(x$fpl$fsub) refers (Special) to usenofp.o(x$fpl$usenofp) for __I$use$fp
    faddsub.o(x$fpl$fsub) refers to faddsub.o(x$fpl$fadd) for _fadd1
    fcmp.o(i._feq) refers (Special) to usenofp.o(x$fpl$usenofp) for __I$use$fp
    fcmp.o(i._feq) refers to feqf.o(x$fpl$feqf) for _fcmpeq
    fcmp.o(i._fgeq) refers (Special) to usenofp.o(x$fpl$usenofp) for __I$use$fp
    fcmp.o(i._fgeq) refers to fgef.o(x$fpl$fgeqf) for _fcmpge
    fcmp.o(i._fgr) refers (Special) to usenofp.o(x$fpl$usenofp) for __I$use$fp
    fcmp.o(i._fgr) refers to fgef.o(x$fpl$fgeqf) for _fcmpge
    fcmp.o(i._fleq) refers (Special) to usenofp.o(x$fpl$usenofp) for __I$use$fp
    fcmp.o(i._fleq) refers to flef.o(x$fpl$fleqf) for _fcmple
    fcmp.o(i._fls) refers (Special) to usenofp.o(x$fpl$usenofp) for __I$use$fp
    fcmp.o(i._fls) refers to flef.o(x$fpl$fleqf) for _fcmple
    fcmp.o(i._fneq) refers (Special) to usenofp.o(x$fpl$usenofp) for __I$use$fp
    fcmp.o(i._fneq) refers to feqf.o(x$fpl$feqf) for _fcmpeq
    ffixi.o(.text) refers (Special) to usenofp.o(x$fpl$usenofp) for __I$use$fp
    fflti.o(.text) refers (Special) to usenofp.o(x$fpl$usenofp) for __I$use$fp
    fmul.o(x$fpl$fmul) refers (Special) to usenofp.o(x$fpl$usenofp) for __I$use$fp
    truncf.o(i.truncf) refers (Special) to usenofp.o(x$fpl$usenofp) for __I$use$fp
    truncf.o(i.truncf) refers to frnd.o(.text) for _frnd
    truncf.o(i.truncf) refers to faddsub.o(x$fpl$fsub) for __aeabi_fsub
    truncf.o(i.truncf) refers to faddsub.o(x$fpl$fadd) for __aeabi_fadd
    __rtentry.o(.ARM.Collect$$rtentry$$00000000) refers (Special) to __rtentry2.o(.ARM.Collect$$rtentry$$0000000A) for __rt_entry_li
    __rtentry.o(.ARM.Collect$$rtentry$$00000000) refers (Special) to __rtentry2.o(.ARM.Collect$$rtentry$$0000000D) for __rt_entry_main
    __rtentry.o(.ARM.Collect$$rtentry$$00000000) refers (Special) to __rtentry2.o(.ARM.Collect$$rtentry$$0000000C) for __rt_entry_postli_1
    __rtentry.o(.ARM.Collect$$rtentry$$00000000) refers (Special) to __rtentry2.o(.ARM.Collect$$rtentry$$00000009) for __rt_entry_postsh_1
    __rtentry.o(.ARM.Collect$$rtentry$$00000000) refers (Special) to __rtentry2.o(.ARM.Collect$$rtentry$$00000002) for __rt_entry_presh_1
    __rtentry.o(.ARM.Collect$$rtentry$$00000000) refers (Special) to __rtentry4.o(.ARM.Collect$$rtentry$$00000004) for __rt_entry_sh
    aeabi_idiv0_sigfpe.o(.text) refers to rt_div0.o(.text) for __rt_div0
    _printf_intcommon.o(.text) refers (Weak) to _printf_pad.o(.text) for _printf_pre_padding
    _printf_intcommon.o(.text) refers (Weak) to _printf_pad.o(.text) for _printf_pre_padding
    _printf_intcommon.o(.text) refers (Weak) to _printf_pad.o(.text) for _printf_post_padding
    _printf_char_common.o(.text) refers to __printf_flags_wp.o(.text) for __printf
    _printf_char.o(.text) refers (Weak) to _printf_str.o(.text) for _printf_str
    feqf.o(x$fpl$feqf) refers (Special) to usenofp.o(x$fpl$usenofp) for __I$use$fp
    feqf.o(x$fpl$feqf) refers to fcmpin.o(.text) for __fpl_fcmp_InfNaN
    fgef.o(x$fpl$fgeqf) refers (Special) to usenofp.o(x$fpl$usenofp) for __I$use$fp
    fgef.o(x$fpl$fgeqf) refers to fcmpin.o(.text) for __fpl_fcmp_InfNaN
    flef.o(x$fpl$fleqf) refers (Special) to usenofp.o(x$fpl$usenofp) for __I$use$fp
    flef.o(x$fpl$fleqf) refers to fcmpin.o(.text) for __fpl_fcmp_InfNaN
    frnd.o(.text) refers (Special) to usenofp.o(x$fpl$usenofp) for __I$use$fp
    __rtentry2.o(.ARM.Collect$$rtentry$$00000008) refers to boardinit2.o(.text) for _platform_post_stackheap_init
    __rtentry2.o(.ARM.Collect$$rtentry$$0000000A) refers to libinit.o(.ARM.Collect$$libinit$$00000000) for __rt_lib_init
    __rtentry2.o(.ARM.Collect$$rtentry$$0000000B) refers to boardinit3.o(.text) for _platform_post_lib_init
    __rtentry2.o(.ARM.Collect$$rtentry$$0000000D) refers to main.o(.text.main) for main
    __rtentry2.o(.ARM.Collect$$rtentry$$0000000D) refers to exit.o(.text) for exit
    __rtentry2.o(.ARM.exidx) refers to __rtentry2.o(.ARM.Collect$$rtentry$$00000001) for .ARM.Collect$$rtentry$$00000001
    __rtentry2.o(.ARM.exidx) refers to __rtentry2.o(.ARM.Collect$$rtentry$$00000008) for .ARM.Collect$$rtentry$$00000008
    __rtentry2.o(.ARM.exidx) refers to __rtentry2.o(.ARM.Collect$$rtentry$$0000000A) for .ARM.Collect$$rtentry$$0000000A
    __rtentry2.o(.ARM.exidx) refers to __rtentry2.o(.ARM.Collect$$rtentry$$0000000B) for .ARM.Collect$$rtentry$$0000000B
    __rtentry2.o(.ARM.exidx) refers to __rtentry2.o(.ARM.Collect$$rtentry$$0000000D) for .ARM.Collect$$rtentry$$0000000D
    __rtentry4.o(.ARM.Collect$$rtentry$$00000004) refers to sys_stackheap_outer.o(.text) for __user_setup_stackheap
    __rtentry4.o(.ARM.exidx) refers to __rtentry4.o(.ARM.Collect$$rtentry$$00000004) for .ARM.Collect$$rtentry$$00000004
    rt_div0.o(.text) refers to defsig_fpe_outer.o(.text) for __rt_SIGFPE
    fcmpin.o(.text) refers (Special) to usenofp.o(x$fpl$usenofp) for __I$use$fp
    fcmpin.o(.text) refers to cmpret.o(.text) for __fpl_cmpreturn
    fcmpin.o(.text) refers to fnan2.o(.text) for __fpl_fcheck_NaN2
    sys_stackheap_outer.o(.text) refers to libspace.o(.text) for __user_perproc_libspace
    sys_stackheap_outer.o(.text) refers to startup_mkl25z4.o(.text) for __user_initial_stackheap
    sys_stackheap_outer.o(__vectab_stack_and_reset_area) refers to tempstk.o(.text) for __temporary_stack_top
    sys_stackheap_outer.o(__vectab_stack_and_reset_area) refers to __main.o(!!!main) for __main
    exit.o(.text) refers to rtexit.o(.ARM.Collect$$rtexit$$00000000) for __rt_exit
    defsig_fpe_outer.o(.text) refers to defsig_fpe_inner.o(.text) for __rt_SIGFPE_inner
    defsig_fpe_outer.o(.text) refers to defsig_exit.o(.text) for __sig_exit
    defsig_fpe_formal.o(.text) refers to rt_raise.o(.text) for __rt_raise
    libinit.o(.ARM.Collect$$libinit$$00000000) refers (Special) to libinit2.o(.ARM.Collect$$libinit$$00000030) for __rt_lib_init_alloca_1
    libinit.o(.ARM.Collect$$libinit$$00000000) refers (Special) to libinit2.o(.ARM.Collect$$libinit$$0000002E) for __rt_lib_init_argv_1
    libinit.o(.ARM.Collect$$libinit$$00000000) refers (Special) to libinit2.o(.ARM.Collect$$libinit$$0000001D) for __rt_lib_init_atexit_1
    libinit.o(.ARM.Collect$$libinit$$00000000) refers (Special) to libinit2.o(.ARM.Collect$$libinit$$00000023) for __rt_lib_init_clock_1
    libinit.o(.ARM.Collect$$libinit$$00000000) refers (Special) to libinit2.o(.ARM.Collect$$libinit$$00000034) for __rt_lib_init_cpp_1
    libinit.o(.ARM.Collect$$libinit$$00000000) refers (Special) to libinit2.o(.ARM.Collect$$libinit$$00000032) for __rt_lib_init_exceptions_1
    libinit.o(.ARM.Collect$$libinit$$00000000) refers (Special) to libinit2.o(.ARM.Collect$$libinit$$00000002) for __rt_lib_init_fp_1
    libinit.o(.ARM.Collect$$libinit$$00000000) refers (Special) to libinit2.o(.ARM.Collect$$libinit$$00000021) for __rt_lib_init_fp_trap_1
    libinit.o(.ARM.Collect$$libinit$$00000000) refers (Special) to libinit2.o(.ARM.Collect$$libinit$$00000025) for __rt_lib_init_getenv_1
    libinit.o(.ARM.Collect$$libinit$$00000000) refers (Special) to libinit2.o(.ARM.Collect$$libinit$$0000000C) for __rt_lib_init_heap_1
    libinit.o(.ARM.Collect$$libinit$$00000000) refers (Special) to libinit2.o(.ARM.Collect$$libinit$$00000013) for __rt_lib_init_lc_collate_1
    libinit.o(.ARM.Collect$$libinit$$00000000) refers (Special) to libinit2.o(.ARM.Collect$$libinit$$00000015) for __rt_lib_init_lc_ctype_1
    libinit.o(.ARM.Collect$$libinit$$00000000) refers (Special) to libinit2.o(.ARM.Collect$$libinit$$00000017) for __rt_lib_init_lc_monetary_1
    libinit.o(.ARM.Collect$$libinit$$00000000) refers (Special) to libinit2.o(.ARM.Collect$$libinit$$00000019) for __rt_lib_init_lc_numeric_1
    libinit.o(.ARM.Collect$$libinit$$00000000) refers (Special) to libinit2.o(.ARM.Collect$$libinit$$0000001B) for __rt_lib_init_lc_time_1
    libinit.o(.ARM.Collect$$libinit$$00000000) refers (Special) to libinit2.o(.ARM.Collect$$libinit$$00000006) for __rt_lib_init_preinit_1
    libinit.o(.ARM.Collect$$libinit$$00000000) refers (Special) to libinit2.o(.ARM.Collect$$libinit$$00000010) for __rt_lib_init_rand_1
    libinit.o(.ARM.Collect$$libinit$$00000000) refers (Special) to libinit2.o(.ARM.Collect$$libinit$$00000004) for __rt_lib_init_relocate_pie_1
    libinit.o(.ARM.Collect$$libinit$$00000000) refers (Special) to libinit2.o(.ARM.Collect$$libinit$$00000035) for __rt_lib_init_return
    libinit.o(.ARM.Collect$$libinit$$00000000) refers (Special) to libinit2.o(.ARM.Collect$$libinit$$0000001F) for __rt_lib_init_signal_1
    libinit.o(.ARM.Collect$$libinit$$00000000) refers (Special) to libinit2.o(.ARM.Collect$$libinit$$00000027) for __rt_lib_init_stdio_1
    libinit.o(.ARM.Collect$$libinit$$00000000) refers (Special) to libinit2.o(.ARM.Collect$$libinit$$0000000E) for __rt_lib_init_user_alloc_1
    cmpret.o(.text) refers (Special) to usenofp.o(x$fpl$usenofp) for __I$use$fp
    fnan2.o(.text) refers (Special) to usenofp.o(x$fpl$usenofp) for __I$use$fp
    fnan2.o(.text) refers to retnan.o(.text) for __fpl_return_NaN
    libspace.o(.text) refers to libspace.o(.bss) for __libspace_start
    rtexit.o(.ARM.Collect$$rtexit$$00000000) refers (Special) to rtexit2.o(.ARM.Collect$$rtexit$$00000004) for __rt_exit_exit
    rtexit.o(.ARM.Collect$$rtexit$$00000000) refers (Special) to rtexit2.o(.ARM.Collect$$rtexit$$00000003) for __rt_exit_ls
    rtexit.o(.ARM.Collect$$rtexit$$00000000) refers (Special) to rtexit2.o(.ARM.Collect$$rtexit$$00000002) for __rt_exit_prels_1
    rtexit.o(.ARM.exidx) refers (Special) to rtexit2.o(.ARM.Collect$$rtexit$$00000004) for __rt_exit_exit
    rtexit.o(.ARM.exidx) refers (Special) to rtexit2.o(.ARM.Collect$$rtexit$$00000003) for __rt_exit_ls
    rtexit.o(.ARM.exidx) refers (Special) to rtexit2.o(.ARM.Collect$$rtexit$$00000002) for __rt_exit_prels_1
    rtexit.o(.ARM.exidx) refers to rtexit.o(.ARM.Collect$$rtexit$$00000000) for .ARM.Collect$$rtexit$$00000000
    rt_raise.o(.text) refers to __raise.o(.text) for __raise
    rt_raise.o(.text) refers to sys_exit.o(.text) for _sys_exit
    defsig_exit.o(.text) refers to sys_exit.o(.text) for _sys_exit
    defsig_fpe_inner.o(.text) refers to defsig_general.o(.text) for __default_signal_display
    libinit2.o(.ARM.Collect$$libinit$$00000012) refers to libinit2.o(.ARM.Collect$$libinit$$00000011) for .ARM.Collect$$libinit$$00000011
    libinit2.o(.ARM.Collect$$libinit$$00000014) refers to libinit2.o(.ARM.Collect$$libinit$$00000011) for .ARM.Collect$$libinit$$00000011
    libinit2.o(.ARM.Collect$$libinit$$00000016) refers to libinit2.o(.ARM.Collect$$libinit$$00000011) for .ARM.Collect$$libinit$$00000011
    libinit2.o(.ARM.Collect$$libinit$$00000018) refers to libinit2.o(.ARM.Collect$$libinit$$00000011) for .ARM.Collect$$libinit$$00000011
    libinit2.o(.ARM.Collect$$libinit$$0000001A) refers to libinit2.o(.ARM.Collect$$libinit$$00000011) for .ARM.Collect$$libinit$$00000011
    libinit2.o(.ARM.Collect$$libinit$$00000028) refers to argv_veneer.o(.text) for __ARM_argv_veneer
    libinit2.o(.ARM.Collect$$libinit$$00000029) refers to argv_veneer.o(.text) for __ARM_argv_veneer
    retnan.o(.text) refers (Special) to usenofp.o(x$fpl$usenofp) for __I$use$fp
    retnan.o(.text) refers to cmpret.o(.text) for __fpl_cmpreturn
    sys_exit.o(.text) refers (Special) to use_no_semi.o(.text) for __I$use$semihosting
    sys_exit.o(.text) refers (Special) to indicate_semi.o(.text) for __semihosting_library_function
    sys_exit_hlt.o(.text) refers (Special) to use_no_semi.o(.text) for __I$use$semihosting
    sys_exit_hlt.o(.text) refers (Special) to indicate_semi.o(.text) for __semihosting_library_function
    rtexit2.o(.ARM.Collect$$rtexit$$00000003) refers to libshutdown.o(.ARM.Collect$$libshutdown$$00000000) for __rt_lib_shutdown
    rtexit2.o(.ARM.Collect$$rtexit$$00000004) refers to sys_exit.o(.text) for _sys_exit
    rtexit2.o(.ARM.exidx) refers to rtexit2.o(.ARM.Collect$$rtexit$$00000001) for .ARM.Collect$$rtexit$$00000001
    rtexit2.o(.ARM.exidx) refers to rtexit2.o(.ARM.Collect$$rtexit$$00000003) for .ARM.Collect$$rtexit$$00000003
    rtexit2.o(.ARM.exidx) refers to rtexit2.o(.ARM.Collect$$rtexit$$00000004) for .ARM.Collect$$rtexit$$00000004
    __raise.o(.text) refers to defsig.o(CL$$defsig) for __default_signal_handler
    defsig_general.o(.text) refers to sys_wrch.o(.text) for _ttywrch
    sys_wrch.o(.text) refers (Special) to use_no_semi.o(.text) for __I$use$semihosting
    sys_wrch.o(.text) refers (Special) to indicate_semi.o(.text) for __semihosting_library_function
    sys_wrch_hlt.o(.text) refers (Special) to use_no_semi.o(.text) for __I$use$semihosting
    sys_wrch_hlt.o(.text) refers (Special) to indicate_semi.o(.text) for __semihosting_library_function
    defsig.o(CL$$defsig) refers to defsig_fpe_inner.o(.text) for __rt_SIGFPE_inner
    defsig.o(CL$$defsig) refers to defsig_rtmem_inner.o(.text) for __rt_SIGRTMEM_inner
    _get_argv_nomalloc.o(.text) refers (Special) to hrguard.o(.text) for __heap_region$guard
    _get_argv_nomalloc.o(.text) refers to defsig_rtmem_outer.o(.text) for __rt_SIGRTMEM
    _get_argv_nomalloc.o(.text) refers to sys_command.o(.text) for _sys_command_string
    libshutdown.o(.ARM.Collect$$libshutdown$$00000000) refers (Special) to libshutdown2.o(.ARM.Collect$$libshutdown$$00000002) for __rt_lib_shutdown_cpp_1
    libshutdown.o(.ARM.Collect$$libshutdown$$00000000) refers (Special) to libshutdown2.o(.ARM.Collect$$libshutdown$$00000007) for __rt_lib_shutdown_fp_trap_1
    libshutdown.o(.ARM.Collect$$libshutdown$$00000000) refers (Special) to libshutdown2.o(.ARM.Collect$$libshutdown$$0000000F) for __rt_lib_shutdown_heap_1
    libshutdown.o(.ARM.Collect$$libshutdown$$00000000) refers (Special) to libshutdown2.o(.ARM.Collect$$libshutdown$$00000010) for __rt_lib_shutdown_return
    libshutdown.o(.ARM.Collect$$libshutdown$$00000000) refers (Special) to libshutdown2.o(.ARM.Collect$$libshutdown$$0000000A) for __rt_lib_shutdown_signal_1
    libshutdown.o(.ARM.Collect$$libshutdown$$00000000) refers (Special) to libshutdown2.o(.ARM.Collect$$libshutdown$$00000004) for __rt_lib_shutdown_stdio_1
    libshutdown.o(.ARM.Collect$$libshutdown$$00000000) refers (Special) to libshutdown2.o(.ARM.Collect$$libshutdown$$0000000C) for __rt_lib_shutdown_user_alloc_1
    sys_command.o(.text) refers (Special) to use_no_semi.o(.text) for __I$use$semihosting
    sys_command.o(.text) refers (Special) to indicate_semi.o(.text) for __semihosting_library_function
    sys_command_hlt.o(.text) refers (Special) to use_no_semi.o(.text) for __I$use$semihosting
    sys_command_hlt.o(.text) refers (Special) to indicate_semi.o(.text) for __semihosting_library_function
    defsig_abrt_inner.o(.text) refers to defsig_general.o(.text) for __default_signal_display
    defsig_rtred_inner.o(.text) refers to defsig_general.o(.text) for __default_signal_display
    defsig_rtmem_inner.o(.text) refers to defsig_general.o(.text) for __default_signal_display
    defsig_rtmem_outer.o(.text) refers to defsig_rtmem_inner.o(.text) for __rt_SIGRTMEM_inner
    defsig_rtmem_outer.o(.text) refers to defsig_exit.o(.text) for __sig_exit
    defsig_rtmem_formal.o(.text) refers to rt_raise.o(.text) for __rt_raise
    defsig_stak_inner.o(.text) refers to defsig_general.o(.text) for __default_signal_display
    defsig_pvfn_inner.o(.text) refers to defsig_general.o(.text) for __default_signal_display
    defsig_cppl_inner.o(.text) refers to defsig_general.o(.text) for __default_signal_display
    defsig_segv_inner.o(.text) refers to defsig_general.o(.text) for __default_signal_display
    defsig_other.o(.text) refers to defsig_general.o(.text) for __default_signal_display


==============================================================================

Removing Unused input sections from the image.

    Removing main.o(.text), (0 bytes).
    Removing main.o(.ARM.exidx.text.main), (8 bytes).
    Removing main.o(.ARM.exidx.text.calibrate_task), (8 bytes).
    Removing main.o(.ARM.exidx.text.periodic_task), (8 bytes).
    Removing main.o(.text.__calibrate), (160 bytes).
    Removing main.o(.ARM.exidx.text.__calibrate), (8 bytes).
    Removing main.o(.text.print_float), (168 bytes).
    Removing main.o(.ARM.exidx.text.print_float), (8 bytes).
    Removing main.o(.text.tx_call), (2 bytes).
    Removing main.o(.ARM.exidx.text.tx_call), (8 bytes).
    Removing main.o(.rodata.str1.1), (1 bytes).
    Removing main.o(.bss.buff), (150 bytes).
    Removing main.o(.ARM.use_no_argv), (4 bytes).
    Removing i2c.o(.text), (0 bytes).
    Removing i2c.o(.ARM.exidx.text.i2c_init), (8 bytes).
    Removing i2c.o(.ARM.exidx.text.i2c_start), (8 bytes).
    Removing i2c.o(.ARM.exidx.text.i2c_read_setup), (8 bytes).
    Removing i2c.o(.ARM.exidx.text.i2c_repeated_read), (8 bytes).
    Removing i2c.o(.ARM.exidx.text.i2c_read_byte), (8 bytes).
    Removing i2c.o(.ARM.exidx.text.i2c_write_byte), (8 bytes).
    Removing mma8451.o(.text), (0 bytes).
    Removing mma8451.o(.ARM.exidx.text.init_mma), (8 bytes).
    Removing mma8451.o(.text.Delay), (36 bytes).
    Removing mma8451.o(.ARM.exidx.text.Delay), (8 bytes).
    Removing mma8451.o(.ARM.exidx.text.read_full_xyz), (8 bytes).
    Removing mma8451.o(.text.read_xyz), (104 bytes).
    Removing mma8451.o(.ARM.exidx.text.read_xyz), (8 bytes).
    Removing mma8451.o(.bss.pitch), (4 bytes).
    Removing led.o(.text), (0 bytes).
    Removing led.o(.ARM.exidx.text.init_RGB), (8 bytes).
    Removing led.o(.ARM.exidx.text.toggle), (8 bytes).
    Removing led.o(.text.toggle_r), (16 bytes).
    Removing led.o(.ARM.exidx.text.toggle_r), (8 bytes).
    Removing led.o(.ARM.exidx.text.toggle_g), (8 bytes).
    Removing led.o(.text.toggle_b), (12 bytes).
    Removing led.o(.ARM.exidx.text.toggle_b), (8 bytes).
    Removing led.o(.ARM.exidx.text.toggle_gb), (8 bytes).
    Removing led.o(.ARM.exidx.text.set_r), (8 bytes).
    Removing led.o(.ARM.exidx.text.set_g), (8 bytes).
    Removing led.o(.ARM.exidx.text.set_b), (8 bytes).
    Removing periodictimer.o(.text), (0 bytes).
    Removing periodictimer.o(.ARM.exidx.text.timer0_init), (8 bytes).
    Removing periodictimer.o(.ARM.exidx.text.PIT_IRQHandler), (8 bytes).
    Removing periodictimer.o(.ARM.exidx.text.config_sys_clock), (8 bytes).
    Removing uartcom.o(.text), (0 bytes).
    Removing uartcom.o(.ARM.exidx.text.Com_Init), (8 bytes).
    Removing uartcom.o(.text.Com_HasByte), (12 bytes).
    Removing uartcom.o(.ARM.exidx.text.Com_HasByte), (8 bytes).
    Removing uartcom.o(.text.Com_GetByte), (20 bytes).
    Removing uartcom.o(.ARM.exidx.text.Com_GetByte), (8 bytes).
    Removing uartcom.o(.text.Com_ReadReady), (16 bytes).
    Removing uartcom.o(.ARM.exidx.text.Com_ReadReady), (8 bytes).
    Removing uartcom.o(.text.Com_WriteReady), (16 bytes).
    Removing uartcom.o(.ARM.exidx.text.Com_WriteReady), (8 bytes).
    Removing uartcom.o(.text.Com_ReadByteArray), (36 bytes).
    Removing uartcom.o(.ARM.exidx.text.Com_ReadByteArray), (8 bytes).
    Removing uartcom.o(.text.Com_WriteByteArray), (72 bytes).
    Removing uartcom.o(.ARM.exidx.text.Com_WriteByteArray), (8 bytes).
    Removing uartcom.o(.ARM.exidx.text.UART0_IRQHandler), (8 bytes).
    Removing uartcom.o(.text.stdin_getchar), (16 bytes).
    Removing uartcom.o(.ARM.exidx.text.stdin_getchar), (8 bytes).
    Removing uartcom.o(.text.stdout_putchar), (20 bytes).
    Removing uartcom.o(.ARM.exidx.text.stdout_putchar), (8 bytes).
    Removing uartcom.o(.text.stdout_putstr), (40 bytes).
    Removing uartcom.o(.ARM.exidx.text.stdout_putstr), (8 bytes).
    Removing system_mkl25z4.o(.text), (0 bytes).
    Removing system_mkl25z4.o(.ARM.exidx.text.SystemInit), (8 bytes).
    Removing system_mkl25z4.o(.text.SystemCoreClockUpdate), (268 bytes).
    Removing system_mkl25z4.o(.ARM.exidx.text.SystemCoreClockUpdate), (8 bytes).
    Removing system_mkl25z4.o(.data.SystemCoreClock), (4 bytes).

70 unused section(s) (total 1505 bytes) removed from the image.

==============================================================================

Image Symbol Table

    Local Symbols

    Symbol Name                              Value     Ov Type        Size  Object(Section)

    ../clib/angel/boardlib.s                 0x00000000   Number         0  boardinit1.o ABSOLUTE
    ../clib/angel/boardlib.s                 0x00000000   Number         0  boardinit2.o ABSOLUTE
    ../clib/angel/boardlib.s                 0x00000000   Number         0  boardinit3.o ABSOLUTE
    ../clib/angel/boardlib.s                 0x00000000   Number         0  boardshut.o ABSOLUTE
    ../clib/angel/handlers.s                 0x00000000   Number         0  __scatter_zi.o ABSOLUTE
    ../clib/angel/kernel.s                   0x00000000   Number         0  __rtentry.o ABSOLUTE
    ../clib/angel/kernel.s                   0x00000000   Number         0  __rtentry2.o ABSOLUTE
    ../clib/angel/kernel.s                   0x00000000   Number         0  __rtentry4.o ABSOLUTE
    ../clib/angel/kernel.s                   0x00000000   Number         0  rtexit.o ABSOLUTE
    ../clib/angel/kernel.s                   0x00000000   Number         0  rtexit2.o ABSOLUTE
    ../clib/angel/rt.s                       0x00000000   Number         0  aeabi_idiv0.o ABSOLUTE
    ../clib/angel/rt.s                       0x00000000   Number         0  aeabi_idiv0_sigfpe.o ABSOLUTE
    ../clib/angel/rt.s                       0x00000000   Number         0  rt_div0.o ABSOLUTE
    ../clib/angel/rt.s                       0x00000000   Number         0  rt_raise.o ABSOLUTE
    ../clib/angel/scatterp.s                 0x00000000   Number         0  __scatter.o ABSOLUTE
    ../clib/angel/startup.s                  0x00000000   Number         0  __main.o ABSOLUTE
    ../clib/angel/sys.s                      0x00000000   Number         0  sys_stackheap_outer.o ABSOLUTE
    ../clib/angel/sys.s                      0x00000000   Number         0  libspace.o ABSOLUTE
    ../clib/angel/sys.s                      0x00000000   Number         0  tempstk.o ABSOLUTE
    ../clib/angel/sys.s                      0x00000000   Number         0  use_no_semi.o ABSOLUTE
    ../clib/angel/sys.s                      0x00000000   Number         0  indicate_semi.o ABSOLUTE
    ../clib/angel/sysapp.c                   0x00000000   Number         0  sys_exit.o ABSOLUTE
    ../clib/angel/sysapp.c                   0x00000000   Number         0  sys_exit_hlt.o ABSOLUTE
    ../clib/angel/sysapp.c                   0x00000000   Number         0  sys_wrch.o ABSOLUTE
    ../clib/angel/sysapp.c                   0x00000000   Number         0  sys_wrch_hlt.o ABSOLUTE
    ../clib/angel/sysapp.c                   0x00000000   Number         0  sys_command.o ABSOLUTE
    ../clib/angel/sysapp.c                   0x00000000   Number         0  sys_command_hlt.o ABSOLUTE
    ../clib/armsys.c                         0x00000000   Number         0  argv_veneer.o ABSOLUTE
    ../clib/armsys.c                         0x00000000   Number         0  _get_argv_nomalloc.o ABSOLUTE
    ../clib/armsys.c                         0x00000000   Number         0  no_argv.o ABSOLUTE
    ../clib/division.c                       0x00000000   Number         0  rtudiv10.o ABSOLUTE
    ../clib/division.s                       0x00000000   Number         0  aeabi_sdivfast.o ABSOLUTE
    ../clib/division.s                       0x00000000   Number         0  aeabi_sdivfast_div0.o ABSOLUTE
    ../clib/heapalloc.c                      0x00000000   Number         0  hrguard.o ABSOLUTE
    ../clib/heapaux.c                        0x00000000   Number         0  heapauxi.o ABSOLUTE
    ../clib/libinit.s                        0x00000000   Number         0  libinit.o ABSOLUTE
    ../clib/libinit.s                        0x00000000   Number         0  libinit2.o ABSOLUTE
    ../clib/libinit.s                        0x00000000   Number         0  libshutdown.o ABSOLUTE
    ../clib/libinit.s                        0x00000000   Number         0  libshutdown2.o ABSOLUTE
    ../clib/misc.s                           0x00000000   Number         0  printf_stubs.o ABSOLUTE
    ../clib/printf.c                         0x00000000   Number         0  __2sprintf.o ABSOLUTE
    ../clib/printf.c                         0x00000000   Number         0  noretval__2sprintf.o ABSOLUTE
    ../clib/printf.c                         0x00000000   Number         0  __printf.o ABSOLUTE
    ../clib/printf.c                         0x00000000   Number         0  _printf_pad.o ABSOLUTE
    ../clib/printf.c                         0x00000000   Number         0  _printf_str.o ABSOLUTE
    ../clib/printf.c                         0x00000000   Number         0  _printf_dec.o ABSOLUTE
    ../clib/printf.c                         0x00000000   Number         0  __printf_flags.o ABSOLUTE
    ../clib/printf.c                         0x00000000   Number         0  __printf_ss.o ABSOLUTE
    ../clib/printf.c                         0x00000000   Number         0  __printf_flags_ss.o ABSOLUTE
    ../clib/printf.c                         0x00000000   Number         0  __printf_wp.o ABSOLUTE
    ../clib/printf.c                         0x00000000   Number         0  __printf_flags_wp.o ABSOLUTE
    ../clib/printf.c                         0x00000000   Number         0  __printf_ss_wp.o ABSOLUTE
    ../clib/printf.c                         0x00000000   Number         0  __printf_flags_ss_wp.o ABSOLUTE
    ../clib/printf.c                         0x00000000   Number         0  _printf_intcommon.o ABSOLUTE
    ../clib/printf.c                         0x00000000   Number         0  _printf_char_common.o ABSOLUTE
    ../clib/printf.c                         0x00000000   Number         0  _sputc.o ABSOLUTE
    ../clib/printf.c                         0x00000000   Number         0  _printf_char.o ABSOLUTE
    ../clib/printf.c                         0x00000000   Number         0  __printf_nopercent.o ABSOLUTE
    ../clib/printf_percent.s                 0x00000000   Number         0  _printf_s.o ABSOLUTE
    ../clib/printf_percent.s                 0x00000000   Number         0  _printf_d.o ABSOLUTE
    ../clib/printf_percent.s                 0x00000000   Number         0  _printf_percent.o ABSOLUTE
    ../clib/printf_percent.s                 0x00000000   Number         0  _printf_percent_end.o ABSOLUTE
    ../clib/signal.c                         0x00000000   Number         0  defsig_fpe_outer.o ABSOLUTE
    ../clib/signal.c                         0x00000000   Number         0  defsig_fpe_formal.o ABSOLUTE
    ../clib/signal.c                         0x00000000   Number         0  defsig_exit.o ABSOLUTE
    ../clib/signal.c                         0x00000000   Number         0  defsig_fpe_inner.o ABSOLUTE
    ../clib/signal.c                         0x00000000   Number         0  __raise.o ABSOLUTE
    ../clib/signal.c                         0x00000000   Number         0  defsig_general.o ABSOLUTE
    ../clib/signal.c                         0x00000000   Number         0  defsig_abrt_inner.o ABSOLUTE
    ../clib/signal.c                         0x00000000   Number         0  defsig_rtred_inner.o ABSOLUTE
    ../clib/signal.c                         0x00000000   Number         0  defsig_rtmem_inner.o ABSOLUTE
    ../clib/signal.c                         0x00000000   Number         0  defsig_rtmem_outer.o ABSOLUTE
    ../clib/signal.c                         0x00000000   Number         0  defsig_rtmem_formal.o ABSOLUTE
    ../clib/signal.c                         0x00000000   Number         0  defsig_stak_inner.o ABSOLUTE
    ../clib/signal.c                         0x00000000   Number         0  defsig_pvfn_inner.o ABSOLUTE
    ../clib/signal.c                         0x00000000   Number         0  defsig_cppl_inner.o ABSOLUTE
    ../clib/signal.c                         0x00000000   Number         0  defsig_segv_inner.o ABSOLUTE
    ../clib/signal.c                         0x00000000   Number         0  defsig_other.o ABSOLUTE
    ../clib/signal.s                         0x00000000   Number         0  defsig.o ABSOLUTE
    ../clib/stdlib.c                         0x00000000   Number         0  exit.o ABSOLUTE
    ../clib/string.c                         0x00000000   Number         0  strlen.o ABSOLUTE
    ../fplib/cfplib/cmp.c                    0x00000000   Number         0  fcmp.o ABSOLUTE
    ../fplib/cfplib/cmpret.c                 0x00000000   Number         0  cmpret.o ABSOLUTE
    ../fplib/cfplib/fcmpin.c                 0x00000000   Number         0  fcmpin.o ABSOLUTE
    ../fplib/cfplib/ffix.c                   0x00000000   Number         0  ffixi.o ABSOLUTE
    ../fplib/cfplib/fflt.c                   0x00000000   Number         0  fflti.o ABSOLUTE
    ../fplib/cfplib/fpinit.c                 0x00000000   Number         0  fpinit.o ABSOLUTE
    ../fplib/cfplib/frnd.c                   0x00000000   Number         0  frnd.o ABSOLUTE
    ../fplib/cfplib/nan2.c                   0x00000000   Number         0  fnan2.o ABSOLUTE
    ../fplib/cfplib/retnan.c                 0x00000000   Number         0  retnan.o ABSOLUTE
    ../fplib/faddsub6m.s                     0x00000000   Number         0  faddsub.o ABSOLUTE
    ../fplib/feqf6m.s                        0x00000000   Number         0  feqf.o ABSOLUTE
    ../fplib/fgeqf6m.s                       0x00000000   Number         0  fgef.o ABSOLUTE
    ../fplib/fleqf6m.s                       0x00000000   Number         0  flef.o ABSOLUTE
    ../fplib/fmul6m.s                        0x00000000   Number         0  fmul.o ABSOLUTE
    ../fplib/usenofp.s                       0x00000000   Number         0  usenofp.o ABSOLUTE
    ../mathlib/trunc.c                       0x00000000   Number         0  truncf.o ABSOLUTE
    LED.c                                    0x00000000   Number         0  led.o ABSOLUTE
    PeriodicTimer.c                          0x00000000   Number         0  periodictimer.o ABSOLUTE
    RTE/Device/MKL25Z128xxx4/startup_MKL25Z4.s 0x00000000   Number         0  startup_mkl25z4.o ABSOLUTE
    UARTCom.c                                0x00000000   Number         0  uartcom.o ABSOLUTE
    dc.s                                     0x00000000   Number         0  dc.o ABSOLUTE
    i2c.c                                    0x00000000   Number         0  i2c.o ABSOLUTE
    main.c                                   0x00000000   Number         0  main.o ABSOLUTE
    mma8451.c                                0x00000000   Number         0  mma8451.o ABSOLUTE
    system_MKL25Z4.c                         0x00000000   Number         0  system_mkl25z4.o ABSOLUTE
    RESET                                    0x00000000   Section      192  startup_mkl25z4.o(RESET)
    !!!main                                  0x000000c0   Section        8  __main.o(!!!main)
    !!!scatter                               0x000000c8   Section       60  __scatter.o(!!!scatter)
    !!handler_zi                             0x00000104   Section       28  __scatter_zi.o(!!handler_zi)
    .ARM.Collect$$_printf_percent$$00000000  0x00000120   Section        2  _printf_percent.o(.ARM.Collect$$_printf_percent$$00000000)
    .ARM.Collect$$_printf_percent$$00000009  0x00000122   Section       10  _printf_d.o(.ARM.Collect$$_printf_percent$$00000009)
    .ARM.Collect$$_printf_percent$$00000014  0x0000012c   Section       10  _printf_s.o(.ARM.Collect$$_printf_percent$$00000014)
    .ARM.Collect$$_printf_percent$$00000017  0x00000136   Section        4  _printf_percent_end.o(.ARM.Collect$$_printf_percent$$00000017)
    .ARM.Collect$$libinit$$00000000          0x0000013a   Section        2  libinit.o(.ARM.Collect$$libinit$$00000000)
    .ARM.Collect$$libinit$$00000002          0x0000013c   Section        0  libinit2.o(.ARM.Collect$$libinit$$00000002)
    .ARM.Collect$$libinit$$00000004          0x0000013c   Section        0  libinit2.o(.ARM.Collect$$libinit$$00000004)
    .ARM.Collect$$libinit$$00000006          0x0000013c   Section        0  libinit2.o(.ARM.Collect$$libinit$$00000006)
    .ARM.Collect$$libinit$$0000000C          0x0000013c   Section        0  libinit2.o(.ARM.Collect$$libinit$$0000000C)
    .ARM.Collect$$libinit$$0000000E          0x0000013c   Section        0  libinit2.o(.ARM.Collect$$libinit$$0000000E)
    .ARM.Collect$$libinit$$00000010          0x0000013c   Section        0  libinit2.o(.ARM.Collect$$libinit$$00000010)
    .ARM.Collect$$libinit$$00000013          0x0000013c   Section        0  libinit2.o(.ARM.Collect$$libinit$$00000013)
    .ARM.Collect$$libinit$$00000015          0x0000013c   Section        0  libinit2.o(.ARM.Collect$$libinit$$00000015)
    .ARM.Collect$$libinit$$00000017          0x0000013c   Section        0  libinit2.o(.ARM.Collect$$libinit$$00000017)
    .ARM.Collect$$libinit$$00000019          0x0000013c   Section        0  libinit2.o(.ARM.Collect$$libinit$$00000019)
    .ARM.Collect$$libinit$$0000001B          0x0000013c   Section        0  libinit2.o(.ARM.Collect$$libinit$$0000001B)
    .ARM.Collect$$libinit$$0000001D          0x0000013c   Section        0  libinit2.o(.ARM.Collect$$libinit$$0000001D)
    .ARM.Collect$$libinit$$0000001F          0x0000013c   Section        0  libinit2.o(.ARM.Collect$$libinit$$0000001F)
    .ARM.Collect$$libinit$$00000021          0x0000013c   Section        0  libinit2.o(.ARM.Collect$$libinit$$00000021)
    .ARM.Collect$$libinit$$00000023          0x0000013c   Section        0  libinit2.o(.ARM.Collect$$libinit$$00000023)
    .ARM.Collect$$libinit$$00000025          0x0000013c   Section        0  libinit2.o(.ARM.Collect$$libinit$$00000025)
    .ARM.Collect$$libinit$$00000027          0x0000013c   Section        0  libinit2.o(.ARM.Collect$$libinit$$00000027)
    .ARM.Collect$$libinit$$0000002E          0x0000013c   Section        0  libinit2.o(.ARM.Collect$$libinit$$0000002E)
    .ARM.Collect$$libinit$$00000030          0x0000013c   Section        0  libinit2.o(.ARM.Collect$$libinit$$00000030)
    .ARM.Collect$$libinit$$00000032          0x0000013c   Section        0  libinit2.o(.ARM.Collect$$libinit$$00000032)
    .ARM.Collect$$libinit$$00000034          0x0000013c   Section        0  libinit2.o(.ARM.Collect$$libinit$$00000034)
    .ARM.Collect$$libinit$$00000035          0x0000013c   Section        2  libinit2.o(.ARM.Collect$$libinit$$00000035)
    .ARM.Collect$$libshutdown$$00000000      0x0000013e   Section        2  libshutdown.o(.ARM.Collect$$libshutdown$$00000000)
    .ARM.Collect$$libshutdown$$00000002      0x00000140   Section        0  libshutdown2.o(.ARM.Collect$$libshutdown$$00000002)
    .ARM.Collect$$libshutdown$$00000004      0x00000140   Section        0  libshutdown2.o(.ARM.Collect$$libshutdown$$00000004)
    .ARM.Collect$$libshutdown$$00000007      0x00000140   Section        0  libshutdown2.o(.ARM.Collect$$libshutdown$$00000007)
    .ARM.Collect$$libshutdown$$0000000A      0x00000140   Section        0  libshutdown2.o(.ARM.Collect$$libshutdown$$0000000A)
    .ARM.Collect$$libshutdown$$0000000C      0x00000140   Section        0  libshutdown2.o(.ARM.Collect$$libshutdown$$0000000C)
    .ARM.Collect$$libshutdown$$0000000F      0x00000140   Section        0  libshutdown2.o(.ARM.Collect$$libshutdown$$0000000F)
    .ARM.Collect$$libshutdown$$00000010      0x00000140   Section        2  libshutdown2.o(.ARM.Collect$$libshutdown$$00000010)
    .ARM.Collect$$rtentry$$00000000          0x00000142   Section        0  __rtentry.o(.ARM.Collect$$rtentry$$00000000)
    .ARM.Collect$$rtentry$$00000002          0x00000142   Section        0  __rtentry2.o(.ARM.Collect$$rtentry$$00000002)
    .ARM.Collect$$rtentry$$00000004          0x00000142   Section        6  __rtentry4.o(.ARM.Collect$$rtentry$$00000004)
    .ARM.Collect$$rtentry$$00000009          0x00000148   Section        0  __rtentry2.o(.ARM.Collect$$rtentry$$00000009)
    .ARM.Collect$$rtentry$$0000000A          0x00000148   Section        4  __rtentry2.o(.ARM.Collect$$rtentry$$0000000A)
    .ARM.Collect$$rtentry$$0000000C          0x0000014c   Section        0  __rtentry2.o(.ARM.Collect$$rtentry$$0000000C)
    .ARM.Collect$$rtentry$$0000000D          0x0000014c   Section        8  __rtentry2.o(.ARM.Collect$$rtentry$$0000000D)
    .ARM.Collect$$rtexit$$00000000           0x00000154   Section        2  rtexit.o(.ARM.Collect$$rtexit$$00000000)
    .ARM.Collect$$rtexit$$00000002           0x00000156   Section        0  rtexit2.o(.ARM.Collect$$rtexit$$00000002)
    .ARM.Collect$$rtexit$$00000003           0x00000156   Section        4  rtexit2.o(.ARM.Collect$$rtexit$$00000003)
    .ARM.Collect$$rtexit$$00000004           0x0000015a   Section        6  rtexit2.o(.ARM.Collect$$rtexit$$00000004)
    .text                                    0x00000160   Section       64  startup_mkl25z4.o(.text)
    .text                                    0x000001a0   Section        0  _printf_pad.o(.text)
    .text                                    0x000001ee   Section        0  _printf_str.o(.text)
    .text                                    0x00000240   Section        0  _printf_dec.o(.text)
    .text                                    0x000002ac   Section        0  heapauxi.o(.text)
    .text                                    0x000002b2   Section        0  _printf_intcommon.o(.text)
    .text                                    0x00000362   Section        0  _printf_char.o(.text)
    .text                                    0x00000390   Section        0  rtudiv10.o(.text)
    .text                                    0x000003b8   Section       62  sys_stackheap_outer.o(.text)
    .text                                    0x000003f8   Section        8  libspace.o(.text)
    .ARM.__at_0x400                          0x00000400   Section       16  startup_mkl25z4.o(.ARM.__at_0x400)
    .text                                    0x00000410   Section        0  exit.o(.text)
    .text                                    0x00000420   Section        0  sys_exit.o(.text)
    .text                                    0x0000042c   Section        2  use_no_semi.o(.text)
    .text                                    0x0000042e   Section        0  indicate_semi.o(.text)
    [Anonymous Symbol]                       0x00000430   Section        0  uartcom.o(.text.Com_Init)
    __arm_cp.0_0                             0x000004bc   Number         4  uartcom.o(.text.Com_Init)
    __arm_cp.0_1                             0x000004c0   Number         4  uartcom.o(.text.Com_Init)
    __arm_cp.0_2                             0x000004c4   Number         4  uartcom.o(.text.Com_Init)
    __arm_cp.0_3                             0x000004c8   Number         4  uartcom.o(.text.Com_Init)
    __arm_cp.0_5                             0x000004cc   Number         4  uartcom.o(.text.Com_Init)
    __arm_cp.0_8                             0x000004d0   Number         4  uartcom.o(.text.Com_Init)
    [Anonymous Symbol]                       0x000004d4   Section        0  periodictimer.o(.text.PIT_IRQHandler)
    __arm_cp.1_1                             0x000004ec   Number         4  periodictimer.o(.text.PIT_IRQHandler)
    __arm_cp.1_2                             0x000004f0   Number         4  periodictimer.o(.text.PIT_IRQHandler)
    [Anonymous Symbol]                       0x000004f4   Section        0  system_mkl25z4.o(.text.SystemInit)
    __arm_cp.0_0                             0x000004fc   Number         4  system_mkl25z4.o(.text.SystemInit)
    [Anonymous Symbol]                       0x00000500   Section        0  uartcom.o(.text.UART0_IRQHandler)
    __arm_cp.7_0                             0x0000058c   Number         4  uartcom.o(.text.UART0_IRQHandler)
    __arm_cp.7_1                             0x00000590   Number         4  uartcom.o(.text.UART0_IRQHandler)
    __arm_cp.7_2                             0x00000594   Number         4  uartcom.o(.text.UART0_IRQHandler)
    __arm_cp.7_3                             0x00000598   Number         4  uartcom.o(.text.UART0_IRQHandler)
    __arm_cp.7_4                             0x0000059c   Number         4  uartcom.o(.text.UART0_IRQHandler)
    __arm_cp.7_5                             0x000005a0   Number         4  uartcom.o(.text.UART0_IRQHandler)
    __arm_cp.7_6                             0x000005a4   Number         4  uartcom.o(.text.UART0_IRQHandler)
    __arm_cp.7_7                             0x000005a8   Number         4  uartcom.o(.text.UART0_IRQHandler)
    __arm_cp.7_8                             0x000005ac   Number         4  uartcom.o(.text.UART0_IRQHandler)
    __arm_cp.7_9                             0x000005b0   Number         4  uartcom.o(.text.UART0_IRQHandler)
    __arm_cp.7_10                            0x000005b4   Number         4  uartcom.o(.text.UART0_IRQHandler)
    __arm_cp.7_11                            0x000005b8   Number         4  uartcom.o(.text.UART0_IRQHandler)
    __arm_cp.7_12                            0x000005bc   Number         4  uartcom.o(.text.UART0_IRQHandler)
    [Anonymous Symbol]                       0x000005c0   Section        0  main.o(.text.calibrate_task)
    __arm_cp.1_0                             0x000006a4   Number         4  main.o(.text.calibrate_task)
    __arm_cp.1_1                             0x000006a8   Number         4  main.o(.text.calibrate_task)
    __arm_cp.1_2                             0x000006ac   Number         4  main.o(.text.calibrate_task)
    __arm_cp.1_3                             0x000006b0   Number         4  main.o(.text.calibrate_task)
    __arm_cp.1_4                             0x000006b4   Number         4  main.o(.text.calibrate_task)
    __arm_cp.1_5                             0x000006b8   Number         4  main.o(.text.calibrate_task)
    __arm_cp.1_6                             0x000006bc   Number         4  main.o(.text.calibrate_task)
    __arm_cp.1_7                             0x000006c0   Number         4  main.o(.text.calibrate_task)
    __arm_cp.1_8                             0x000006c4   Number         4  main.o(.text.calibrate_task)
    __arm_cp.1_9                             0x000006c8   Number         4  main.o(.text.calibrate_task)
    __arm_cp.1_10                            0x000006cc   Number         4  main.o(.text.calibrate_task)
    __arm_cp.1_11                            0x000006d0   Number         4  main.o(.text.calibrate_task)
    __arm_cp.1_12                            0x000006d4   Number         4  main.o(.text.calibrate_task)
    __arm_cp.1_13                            0x000006d8   Number         4  main.o(.text.calibrate_task)
    __arm_cp.1_14                            0x000006dc   Number         4  main.o(.text.calibrate_task)
    [Anonymous Symbol]                       0x000006e0   Section        0  periodictimer.o(.text.config_sys_clock)
    __arm_cp.2_0                             0x00000700   Number         4  periodictimer.o(.text.config_sys_clock)
    [Anonymous Symbol]                       0x00000704   Section        0  i2c.o(.text.i2c_init)
    __arm_cp.0_0                             0x0000073c   Number         4  i2c.o(.text.i2c_init)
    __arm_cp.0_1                             0x00000740   Number         4  i2c.o(.text.i2c_init)
    [Anonymous Symbol]                       0x00000744   Section        0  i2c.o(.text.i2c_read_byte)
    [Anonymous Symbol]                       0x000007bc   Section        0  i2c.o(.text.i2c_read_setup)
    [Anonymous Symbol]                       0x00000804   Section        0  i2c.o(.text.i2c_repeated_read)
    [Anonymous Symbol]                       0x0000083c   Section        0  i2c.o(.text.i2c_start)
    __arm_cp.1_0                             0x00000850   Number         4  i2c.o(.text.i2c_start)
    [Anonymous Symbol]                       0x00000854   Section        0  i2c.o(.text.i2c_write_byte)
    __arm_cp.5_0                             0x000008a0   Number         4  i2c.o(.text.i2c_write_byte)
    [Anonymous Symbol]                       0x000008a4   Section        0  led.o(.text.init_RGB)
    __arm_cp.0_0                             0x00000900   Number         4  led.o(.text.init_RGB)
    __arm_cp.0_1                             0x00000904   Number         4  led.o(.text.init_RGB)
    __arm_cp.0_2                             0x00000908   Number         4  led.o(.text.init_RGB)
    __arm_cp.0_3                             0x0000090c   Number         4  led.o(.text.init_RGB)
    __arm_cp.0_4                             0x00000910   Number         4  led.o(.text.init_RGB)
    __arm_cp.0_5                             0x00000914   Number         4  led.o(.text.init_RGB)
    [Anonymous Symbol]                       0x00000918   Section        0  mma8451.o(.text.init_mma)
    __arm_cp.0_0                             0x00000950   Number         4  mma8451.o(.text.init_mma)
    [Anonymous Symbol]                       0x00000954   Section        0  main.o(.text.main)
    __arm_cp.0_2                             0x00000a34   Number         4  main.o(.text.main)
    __arm_cp.0_3                             0x00000a38   Number         4  main.o(.text.main)
    __arm_cp.0_4                             0x00000a3c   Number         4  main.o(.text.main)
    [Anonymous Symbol]                       0x00000a40   Section        0  main.o(.text.periodic_task)
    __arm_cp.2_0                             0x00000b4c   Number         4  main.o(.text.periodic_task)
    __arm_cp.2_1                             0x00000b50   Number         4  main.o(.text.periodic_task)
    __arm_cp.2_3                             0x00000b54   Number         4  main.o(.text.periodic_task)
    __arm_cp.2_5                             0x00000b58   Number         4  main.o(.text.periodic_task)
    __arm_cp.2_6                             0x00000b5c   Number         4  main.o(.text.periodic_task)
    __arm_cp.2_7                             0x00000b60   Number         4  main.o(.text.periodic_task)
    __arm_cp.2_8                             0x00000b64   Number         4  main.o(.text.periodic_task)
    __arm_cp.2_10                            0x00000b68   Number         4  main.o(.text.periodic_task)
    __arm_cp.2_11                            0x00000b6c   Number         4  main.o(.text.periodic_task)
    __arm_cp.2_12                            0x00000b70   Number         4  main.o(.text.periodic_task)
    __arm_cp.2_13                            0x00000b74   Number         4  main.o(.text.periodic_task)
    __arm_cp.2_14                            0x00000b78   Number         4  main.o(.text.periodic_task)
    __arm_cp.2_15                            0x00000b7c   Number         4  main.o(.text.periodic_task)
    __arm_cp.2_16                            0x00000b80   Number         4  main.o(.text.periodic_task)
    __arm_cp.2_17                            0x00000b84   Number         4  main.o(.text.periodic_task)
    __arm_cp.2_18                            0x00000b88   Number         4  main.o(.text.periodic_task)
    __arm_cp.2_19                            0x00000b8c   Number         4  main.o(.text.periodic_task)
    __arm_cp.2_20                            0x00000b90   Number         4  main.o(.text.periodic_task)
    [Anonymous Symbol]                       0x00000b94   Section        0  mma8451.o(.text.read_full_xyz)
    __arm_cp.2_0                             0x00000c10   Number         4  mma8451.o(.text.read_full_xyz)
    __arm_cp.2_1                             0x00000c14   Number         4  mma8451.o(.text.read_full_xyz)
    __arm_cp.2_2                             0x00000c18   Number         4  mma8451.o(.text.read_full_xyz)
    [Anonymous Symbol]                       0x00000c1c   Section        0  led.o(.text.set_b)
    __arm_cp.8_0                             0x00000c30   Number         4  led.o(.text.set_b)
    [Anonymous Symbol]                       0x00000c34   Section        0  led.o(.text.set_g)
    [Anonymous Symbol]                       0x00000c48   Section        0  led.o(.text.set_r)
    __arm_cp.6_0                             0x00000c5c   Number         4  led.o(.text.set_r)
    [Anonymous Symbol]                       0x00000c60   Section        0  periodictimer.o(.text.timer0_init)
    __arm_cp.0_0                             0x00000c94   Number         4  periodictimer.o(.text.timer0_init)
    __arm_cp.0_1                             0x00000c98   Number         4  periodictimer.o(.text.timer0_init)
    __arm_cp.0_2                             0x00000c9c   Number         4  periodictimer.o(.text.timer0_init)
    __arm_cp.0_3                             0x00000ca0   Number         4  periodictimer.o(.text.timer0_init)
    __arm_cp.0_4                             0x00000ca4   Number         4  periodictimer.o(.text.timer0_init)
    [Anonymous Symbol]                       0x00000ca8   Section        0  led.o(.text.toggle)
    [Anonymous Symbol]                       0x00000cbc   Section        0  led.o(.text.toggle_g)
    [Anonymous Symbol]                       0x00000cc8   Section        0  led.o(.text.toggle_gb)
    __arm_cp.5_0                             0x00000cd8   Number         4  led.o(.text.toggle_gb)
    __arm_cp.5_1                             0x00000cdc   Number         4  led.o(.text.toggle_gb)
    .text_divfast                            0x00000ce0   Section      502  aeabi_sdivfast.o(.text_divfast)
    .bss                                     0x1ffff000   Section       96  libspace.o(.bss)
    calibration_counter                      0x1ffff068   Data           4  main.o(.bss.calibration_counter)
    [Anonymous Symbol]                       0x1ffff068   Section        0  main.o(.bss.calibration_counter)
    has_byte                                 0x1ffff070   Data           1  uartcom.o(.bss.has_byte)
    [Anonymous Symbol]                       0x1ffff070   Section        0  uartcom.o(.bss.has_byte)
    last_byte                                0x1ffff071   Data           1  uartcom.o(.bss.last_byte)
    [Anonymous Symbol]                       0x1ffff071   Section        0  uartcom.o(.bss.last_byte)
    maxX                                     0x1ffff074   Data           4  main.o(.bss.maxX)
    [Anonymous Symbol]                       0x1ffff074   Section        0  main.o(.bss.maxX)
    maxY                                     0x1ffff078   Data           4  main.o(.bss.maxY)
    [Anonymous Symbol]                       0x1ffff078   Section        0  main.o(.bss.maxY)
    maxZ                                     0x1ffff07c   Data           4  main.o(.bss.maxZ)
    [Anonymous Symbol]                       0x1ffff07c   Section        0  main.o(.bss.maxZ)
    minX                                     0x1ffff080   Data           4  main.o(.bss.minX)
    [Anonymous Symbol]                       0x1ffff080   Section        0  main.o(.bss.minX)
    minY                                     0x1ffff084   Data           4  main.o(.bss.minY)
    [Anonymous Symbol]                       0x1ffff084   Section        0  main.o(.bss.minY)
    minZ                                     0x1ffff088   Data           4  main.o(.bss.minZ)
    [Anonymous Symbol]                       0x1ffff088   Section        0  main.o(.bss.minZ)
    offsetX                                  0x1ffff08c   Data           4  main.o(.bss.offsetX)
    [Anonymous Symbol]                       0x1ffff08c   Section        0  main.o(.bss.offsetX)
    offsetY                                  0x1ffff090   Data           4  main.o(.bss.offsetY)
    [Anonymous Symbol]                       0x1ffff090   Section        0  main.o(.bss.offsetY)
    offsetZ                                  0x1ffff094   Data           4  main.o(.bss.offsetZ)
    [Anonymous Symbol]                       0x1ffff094   Section        0  main.o(.bss.offsetZ)
    rx_buff                                  0x1ffff09c   Data           4  uartcom.o(.bss.rx_buff)
    [Anonymous Symbol]                       0x1ffff09c   Section        0  uartcom.o(.bss.rx_buff)
    rx_call                                  0x1ffff0a0   Data           4  uartcom.o(.bss.rx_call)
    [Anonymous Symbol]                       0x1ffff0a0   Section        0  uartcom.o(.bss.rx_call)
    rx_count                                 0x1ffff0a4   Data           4  uartcom.o(.bss.rx_count)
    [Anonymous Symbol]                       0x1ffff0a4   Section        0  uartcom.o(.bss.rx_count)
    rx_ind                                   0x1ffff0a8   Data           4  uartcom.o(.bss.rx_ind)
    [Anonymous Symbol]                       0x1ffff0a8   Section        0  uartcom.o(.bss.rx_ind)
    tx_active                                0x1ffff0ad   Data           1  uartcom.o(.bss.tx_active)
    [Anonymous Symbol]                       0x1ffff0ad   Section        0  uartcom.o(.bss.tx_active)
    tx_buff                                  0x1ffff0b0   Data           4  uartcom.o(.bss.tx_buff)
    [Anonymous Symbol]                       0x1ffff0b0   Section        0  uartcom.o(.bss.tx_buff)
    tx_call                                  0x1ffff0b4   Data           4  uartcom.o(.bss.tx_call)
    [Anonymous Symbol]                       0x1ffff0b4   Section        0  uartcom.o(.bss.tx_call)
    tx_count                                 0x1ffff0b8   Data           4  uartcom.o(.bss.tx_count)
    [Anonymous Symbol]                       0x1ffff0b8   Section        0  uartcom.o(.bss.tx_count)
    tx_ind                                   0x1ffff0bc   Data           4  uartcom.o(.bss.tx_ind)
    [Anonymous Symbol]                       0x1ffff0bc   Section        0  uartcom.o(.bss.tx_ind)
    Heap_Mem                                 0x1ffff0c0   Data           0  startup_mkl25z4.o(HEAP)
    Stack_Mem                                0x1ffff0c0   Data         256  startup_mkl25z4.o(STACK)
    HEAP                                     0x1ffff0c0   Section        0  startup_mkl25z4.o(HEAP)
    STACK                                    0x1ffff0c0   Section      256  startup_mkl25z4.o(STACK)
    __initial_sp                             0x1ffff1c0   Data           0  startup_mkl25z4.o(STACK)

    Global Symbols

    Symbol Name                              Value     Ov Type        Size  Object(Section)

    BuildAttributes$$THM_ISAv3M$S$PE$A:L22$X:L11$S22$IEEE1$IW$~IW$USESV6$~STKCKD$USESV7$~SHL$OTIME$ROPI$IEEEJ$EBA8$UX$STANDARDLIB$REQ8$PRES8$EABIv2 0x00000000   Number         0  anon$$obj.o ABSOLUTE
    __Vectors                                0x00000000   Data           4  startup_mkl25z4.o(RESET)
    _printf_flags                            0x00000000   Number         0  printf_stubs.o ABSOLUTE
    _printf_return_value                     0x00000000   Number         0  printf_stubs.o ABSOLUTE
    _printf_sizespec                         0x00000000   Number         0  printf_stubs.o ABSOLUTE
    _printf_widthprec                        0x00000000   Number         0  printf_stubs.o ABSOLUTE
    __ARM_exceptions_init                     - Undefined Weak Reference
    __alloca_initialize                       - Undefined Weak Reference
    __arm_preinit_                            - Undefined Weak Reference
    __arm_relocate_pie_                       - Undefined Weak Reference
    __cpp_initialize__aeabi_                  - Undefined Weak Reference
    __cxa_finalize                            - Undefined Weak Reference
    __rt_locale                               - Undefined Weak Reference
    __sigvec_lookup                           - Undefined Weak Reference
    _atexit_init                              - Undefined Weak Reference
    _call_atexit_fns                          - Undefined Weak Reference
    _clock_init                               - Undefined Weak Reference
    _fp_trap_init                             - Undefined Weak Reference
    _fp_trap_shutdown                         - Undefined Weak Reference
    _get_lc_collate                           - Undefined Weak Reference
    _get_lc_ctype                             - Undefined Weak Reference
    _get_lc_monetary                          - Undefined Weak Reference
    _get_lc_numeric                           - Undefined Weak Reference
    _get_lc_time                              - Undefined Weak Reference
    _getenv_init                              - Undefined Weak Reference
    _handle_redirection                       - Undefined Weak Reference
    _init_alloc                               - Undefined Weak Reference
    _init_user_alloc                          - Undefined Weak Reference
    _initio                                   - Undefined Weak Reference
    _printf_mbtowc                            - Undefined Weak Reference
    _printf_truncate_signed                   - Undefined Weak Reference
    _printf_truncate_unsigned                 - Undefined Weak Reference
    _rand_init                                - Undefined Weak Reference
    _signal_finish                            - Undefined Weak Reference
    _signal_init                              - Undefined Weak Reference
    _terminate_alloc                          - Undefined Weak Reference
    _terminate_user_alloc                     - Undefined Weak Reference
    _terminateio                              - Undefined Weak Reference
    __Vectors_End                            0x000000c0   Data           0  startup_mkl25z4.o(RESET)
    __Vectors_Size                           0x000000c0   Number         0  startup_mkl25z4.o ABSOLUTE
    __main                                   0x000000c1   Thumb Code     8  __main.o(!!!main)
    __scatterload                            0x000000c9   Thumb Code     0  __scatter.o(!!!scatter)
    __scatterload_rt2                        0x000000c9   Thumb Code    52  __scatter.o(!!!scatter)
    __scatterload_rt2_thumb_only             0x000000c9   Thumb Code     0  __scatter.o(!!!scatter)
    __scatterload_null                       0x000000d9   Thumb Code     0  __scatter.o(!!!scatter)
    __scatterload_zeroinit                   0x00000105   Thumb Code    28  __scatter_zi.o(!!handler_zi)
    _printf_percent                          0x00000121   Thumb Code     0  _printf_percent.o(.ARM.Collect$$_printf_percent$$00000000)
    _printf_d                                0x00000123   Thumb Code     0  _printf_d.o(.ARM.Collect$$_printf_percent$$00000009)
    _printf_s                                0x0000012d   Thumb Code     0  _printf_s.o(.ARM.Collect$$_printf_percent$$00000014)
    _printf_percent_end                      0x00000137   Thumb Code     0  _printf_percent_end.o(.ARM.Collect$$_printf_percent$$00000017)
    __rt_lib_init                            0x0000013b   Thumb Code     0  libinit.o(.ARM.Collect$$libinit$$00000000)
    __rt_lib_init_alloca_1                   0x0000013d   Thumb Code     0  libinit2.o(.ARM.Collect$$libinit$$00000030)
    __rt_lib_init_argv_1                     0x0000013d   Thumb Code     0  libinit2.o(.ARM.Collect$$libinit$$0000002E)
    __rt_lib_init_atexit_1                   0x0000013d   Thumb Code     0  libinit2.o(.ARM.Collect$$libinit$$0000001D)
    __rt_lib_init_clock_1                    0x0000013d   Thumb Code     0  libinit2.o(.ARM.Collect$$libinit$$00000023)
    __rt_lib_init_cpp_1                      0x0000013d   Thumb Code     0  libinit2.o(.ARM.Collect$$libinit$$00000034)
    __rt_lib_init_exceptions_1               0x0000013d   Thumb Code     0  libinit2.o(.ARM.Collect$$libinit$$00000032)
    __rt_lib_init_fp_1                       0x0000013d   Thumb Code     0  libinit2.o(.ARM.Collect$$libinit$$00000002)
    __rt_lib_init_fp_trap_1                  0x0000013d   Thumb Code     0  libinit2.o(.ARM.Collect$$libinit$$00000021)
    __rt_lib_init_getenv_1                   0x0000013d   Thumb Code     0  libinit2.o(.ARM.Collect$$libinit$$00000025)
    __rt_lib_init_heap_1                     0x0000013d   Thumb Code     0  libinit2.o(.ARM.Collect$$libinit$$0000000C)
    __rt_lib_init_lc_collate_1               0x0000013d   Thumb Code     0  libinit2.o(.ARM.Collect$$libinit$$00000013)
    __rt_lib_init_lc_ctype_1                 0x0000013d   Thumb Code     0  libinit2.o(.ARM.Collect$$libinit$$00000015)
    __rt_lib_init_lc_monetary_1              0x0000013d   Thumb Code     0  libinit2.o(.ARM.Collect$$libinit$$00000017)
    __rt_lib_init_lc_numeric_1               0x0000013d   Thumb Code     0  libinit2.o(.ARM.Collect$$libinit$$00000019)
    __rt_lib_init_lc_time_1                  0x0000013d   Thumb Code     0  libinit2.o(.ARM.Collect$$libinit$$0000001B)
    __rt_lib_init_preinit_1                  0x0000013d   Thumb Code     0  libinit2.o(.ARM.Collect$$libinit$$00000006)
    __rt_lib_init_rand_1                     0x0000013d   Thumb Code     0  libinit2.o(.ARM.Collect$$libinit$$00000010)
    __rt_lib_init_relocate_pie_1             0x0000013d   Thumb Code     0  libinit2.o(.ARM.Collect$$libinit$$00000004)
    __rt_lib_init_return                     0x0000013d   Thumb Code     0  libinit2.o(.ARM.Collect$$libinit$$00000035)
    __rt_lib_init_signal_1                   0x0000013d   Thumb Code     0  libinit2.o(.ARM.Collect$$libinit$$0000001F)
    __rt_lib_init_stdio_1                    0x0000013d   Thumb Code     0  libinit2.o(.ARM.Collect$$libinit$$00000027)
    __rt_lib_init_user_alloc_1               0x0000013d   Thumb Code     0  libinit2.o(.ARM.Collect$$libinit$$0000000E)
    __rt_lib_shutdown                        0x0000013f   Thumb Code     0  libshutdown.o(.ARM.Collect$$libshutdown$$00000000)
    __rt_lib_shutdown_cpp_1                  0x00000141   Thumb Code     0  libshutdown2.o(.ARM.Collect$$libshutdown$$00000002)
    __rt_lib_shutdown_fp_trap_1              0x00000141   Thumb Code     0  libshutdown2.o(.ARM.Collect$$libshutdown$$00000007)
    __rt_lib_shutdown_heap_1                 0x00000141   Thumb Code     0  libshutdown2.o(.ARM.Collect$$libshutdown$$0000000F)
    __rt_lib_shutdown_return                 0x00000141   Thumb Code     0  libshutdown2.o(.ARM.Collect$$libshutdown$$00000010)
    __rt_lib_shutdown_signal_1               0x00000141   Thumb Code     0  libshutdown2.o(.ARM.Collect$$libshutdown$$0000000A)
    __rt_lib_shutdown_stdio_1                0x00000141   Thumb Code     0  libshutdown2.o(.ARM.Collect$$libshutdown$$00000004)
    __rt_lib_shutdown_user_alloc_1           0x00000141   Thumb Code     0  libshutdown2.o(.ARM.Collect$$libshutdown$$0000000C)
    __rt_entry                               0x00000143   Thumb Code     0  __rtentry.o(.ARM.Collect$$rtentry$$00000000)
    __rt_entry_presh_1                       0x00000143   Thumb Code     0  __rtentry2.o(.ARM.Collect$$rtentry$$00000002)
    __rt_entry_sh                            0x00000143   Thumb Code     0  __rtentry4.o(.ARM.Collect$$rtentry$$00000004)
    __rt_entry_li                            0x00000149   Thumb Code     0  __rtentry2.o(.ARM.Collect$$rtentry$$0000000A)
    __rt_entry_postsh_1                      0x00000149   Thumb Code     0  __rtentry2.o(.ARM.Collect$$rtentry$$00000009)
    __rt_entry_main                          0x0000014d   Thumb Code     0  __rtentry2.o(.ARM.Collect$$rtentry$$0000000D)
    __rt_entry_postli_1                      0x0000014d   Thumb Code     0  __rtentry2.o(.ARM.Collect$$rtentry$$0000000C)
    __rt_exit                                0x00000155   Thumb Code     0  rtexit.o(.ARM.Collect$$rtexit$$00000000)
    __rt_exit_ls                             0x00000157   Thumb Code     0  rtexit2.o(.ARM.Collect$$rtexit$$00000003)
    __rt_exit_prels_1                        0x00000157   Thumb Code     0  rtexit2.o(.ARM.Collect$$rtexit$$00000002)
    __rt_exit_exit                           0x0000015b   Thumb Code     0  rtexit2.o(.ARM.Collect$$rtexit$$00000004)
    Reset_Handler                            0x00000161   Thumb Code    12  startup_mkl25z4.o(.text)
    NMI_Handler                              0x0000016d   Thumb Code     2  startup_mkl25z4.o(.text)
    HardFault_Handler                        0x0000016f   Thumb Code     2  startup_mkl25z4.o(.text)
    SVC_Handler                              0x00000171   Thumb Code     2  startup_mkl25z4.o(.text)
    PendSV_Handler                           0x00000173   Thumb Code     2  startup_mkl25z4.o(.text)
    SysTick_Handler                          0x00000175   Thumb Code     2  startup_mkl25z4.o(.text)
    ADC0_IRQHandler                          0x00000177   Thumb Code     0  startup_mkl25z4.o(.text)
    CMP0_IRQHandler                          0x00000177   Thumb Code     0  startup_mkl25z4.o(.text)
    DAC0_IRQHandler                          0x00000177   Thumb Code     0  startup_mkl25z4.o(.text)
    DMA0_IRQHandler                          0x00000177   Thumb Code     0  startup_mkl25z4.o(.text)
    DMA1_IRQHandler                          0x00000177   Thumb Code     0  startup_mkl25z4.o(.text)
    DMA2_IRQHandler                          0x00000177   Thumb Code     0  startup_mkl25z4.o(.text)
    DMA3_IRQHandler                          0x00000177   Thumb Code     0  startup_mkl25z4.o(.text)
    DefaultISR                               0x00000177   Thumb Code     0  startup_mkl25z4.o(.text)
    FTFA_IRQHandler                          0x00000177   Thumb Code     0  startup_mkl25z4.o(.text)
    I2C0_IRQHandler                          0x00000177   Thumb Code     0  startup_mkl25z4.o(.text)
    I2C1_IRQHandler                          0x00000177   Thumb Code     0  startup_mkl25z4.o(.text)
    LLWU_IRQHandler                          0x00000177   Thumb Code     0  startup_mkl25z4.o(.text)
    LPTMR0_IRQHandler                        0x00000177   Thumb Code     0  startup_mkl25z4.o(.text)
    LVD_LVW_IRQHandler                       0x00000177   Thumb Code     0  startup_mkl25z4.o(.text)
    MCG_IRQHandler                           0x00000177   Thumb Code     0  startup_mkl25z4.o(.text)
    PORTA_IRQHandler                         0x00000177   Thumb Code     0  startup_mkl25z4.o(.text)
    PORTD_IRQHandler                         0x00000177   Thumb Code     0  startup_mkl25z4.o(.text)
    RTC_IRQHandler                           0x00000177   Thumb Code     0  startup_mkl25z4.o(.text)
    RTC_Seconds_IRQHandler                   0x00000177   Thumb Code     0  startup_mkl25z4.o(.text)
    Reserved20_IRQHandler                    0x00000177   Thumb Code     0  startup_mkl25z4.o(.text)
    Reserved39_IRQHandler                    0x00000177   Thumb Code     0  startup_mkl25z4.o(.text)
    Reserved45_IRQHandler                    0x00000177   Thumb Code     0  startup_mkl25z4.o(.text)
    SPI0_IRQHandler                          0x00000177   Thumb Code     0  startup_mkl25z4.o(.text)
    SPI1_IRQHandler                          0x00000177   Thumb Code     0  startup_mkl25z4.o(.text)
    TPM0_IRQHandler                          0x00000177   Thumb Code     0  startup_mkl25z4.o(.text)
    TPM1_IRQHandler                          0x00000177   Thumb Code     0  startup_mkl25z4.o(.text)
    TPM2_IRQHandler                          0x00000177   Thumb Code     0  startup_mkl25z4.o(.text)
    TSI0_IRQHandler                          0x00000177   Thumb Code     0  startup_mkl25z4.o(.text)
    UART1_IRQHandler                         0x00000177   Thumb Code     0  startup_mkl25z4.o(.text)
    UART2_IRQHandler                         0x00000177   Thumb Code     0  startup_mkl25z4.o(.text)
    USB0_IRQHandler                          0x00000177   Thumb Code     0  startup_mkl25z4.o(.text)
    __user_initial_stackheap                 0x0000017d   Thumb Code     0  startup_mkl25z4.o(.text)
    _printf_pre_padding                      0x000001a1   Thumb Code    44  _printf_pad.o(.text)
    _printf_post_padding                     0x000001cd   Thumb Code    34  _printf_pad.o(.text)
    _printf_str                              0x000001ef   Thumb Code    82  _printf_str.o(.text)
    _printf_int_dec                          0x00000241   Thumb Code    90  _printf_dec.o(.text)
    __use_two_region_memory                  0x000002ad   Thumb Code     2  heapauxi.o(.text)
    __rt_heap_escrow$2region                 0x000002af   Thumb Code     2  heapauxi.o(.text)
    __rt_heap_expand$2region                 0x000002b1   Thumb Code     2  heapauxi.o(.text)
    _printf_int_common                       0x000002b3   Thumb Code   176  _printf_intcommon.o(.text)
    _printf_cs_common                        0x00000363   Thumb Code    22  _printf_char.o(.text)
    _printf_char                             0x00000379   Thumb Code    16  _printf_char.o(.text)
    _printf_string                           0x00000389   Thumb Code     8  _printf_char.o(.text)
    __rt_udiv10                              0x00000391   Thumb Code    40  rtudiv10.o(.text)
    __user_setup_stackheap                   0x000003b9   Thumb Code    62  sys_stackheap_outer.o(.text)
    __user_libspace                          0x000003f9   Thumb Code     8  libspace.o(.text)
    __user_perproc_libspace                  0x000003f9   Thumb Code     0  libspace.o(.text)
    __user_perthread_libspace                0x000003f9   Thumb Code     0  libspace.o(.text)
    exit                                     0x00000411   Thumb Code    16  exit.o(.text)
    _sys_exit                                0x00000421   Thumb Code     8  sys_exit.o(.text)
    __I$use$semihosting                      0x0000042d   Thumb Code     0  use_no_semi.o(.text)
    __use_no_semihosting_swi                 0x0000042d   Thumb Code     2  use_no_semi.o(.text)
    __semihosting_library_function           0x0000042f   Thumb Code     0  indicate_semi.o(.text)
    Com_Init                                 0x00000431   Thumb Code   140  uartcom.o(.text.Com_Init)
    PIT_IRQHandler                           0x000004d5   Thumb Code    24  periodictimer.o(.text.PIT_IRQHandler)
    SystemInit                               0x000004f5   Thumb Code     8  system_mkl25z4.o(.text.SystemInit)
    UART0_IRQHandler                         0x00000501   Thumb Code   140  uartcom.o(.text.UART0_IRQHandler)
    calibrate_task                           0x000005c1   Thumb Code   228  main.o(.text.calibrate_task)
    config_sys_clock                         0x000006e1   Thumb Code    32  periodictimer.o(.text.config_sys_clock)
    i2c_init                                 0x00000705   Thumb Code    56  i2c.o(.text.i2c_init)
    i2c_read_byte                            0x00000745   Thumb Code   120  i2c.o(.text.i2c_read_byte)
    i2c_read_setup                           0x000007bd   Thumb Code    72  i2c.o(.text.i2c_read_setup)
    i2c_repeated_read                        0x00000805   Thumb Code    56  i2c.o(.text.i2c_repeated_read)
    i2c_start                                0x0000083d   Thumb Code    20  i2c.o(.text.i2c_start)
    i2c_write_byte                           0x00000855   Thumb Code    76  i2c.o(.text.i2c_write_byte)
    init_RGB                                 0x000008a5   Thumb Code    92  led.o(.text.init_RGB)
    init_mma                                 0x00000919   Thumb Code    56  mma8451.o(.text.init_mma)
    main                                     0x00000955   Thumb Code   224  main.o(.text.main)
    periodic_task                            0x00000a41   Thumb Code   268  main.o(.text.periodic_task)
    read_full_xyz                            0x00000b95   Thumb Code   124  mma8451.o(.text.read_full_xyz)
    set_b                                    0x00000c1d   Thumb Code    20  led.o(.text.set_b)
    set_g                                    0x00000c35   Thumb Code    20  led.o(.text.set_g)
    set_r                                    0x00000c49   Thumb Code    20  led.o(.text.set_r)
    timer0_init                              0x00000c61   Thumb Code    52  periodictimer.o(.text.timer0_init)
    toggle                                   0x00000ca9   Thumb Code    20  led.o(.text.toggle)
    toggle_g                                 0x00000cbd   Thumb Code    12  led.o(.text.toggle_g)
    toggle_gb                                0x00000cc9   Thumb Code    16  led.o(.text.toggle_gb)
    __aeabi_uidiv                            0x00000ce1   Thumb Code    68  aeabi_sdivfast.o(.text_divfast)
    __aeabi_idiv                             0x00000d25   Thumb Code   434  aeabi_sdivfast.o(.text_divfast)
    Region$$Table$$Base                      0x00000ed8   Number         0  anon$$obj.o(Region$$Table)
    Region$$Table$$Limit                     0x00000ee8   Number         0  anon$$obj.o(Region$$Table)
    __libspace_start                         0x1ffff000   Data          96  libspace.o(.bss)
    __temporary_stack_top$libspace           0x1ffff060   Data           0  libspace.o(.bss)
    acc_X                                    0x1ffff060   Data           2  mma8451.o(.bss.acc_X)
    acc_Y                                    0x1ffff062   Data           2  mma8451.o(.bss.acc_Y)
    acc_Z                                    0x1ffff064   Data           2  mma8451.o(.bss.acc_Z)
    direction                                0x1ffff06c   Data           4  main.o(.bss.direction)
    roll                                     0x1ffff098   Data           4  mma8451.o(.bss.roll)
    timerEvent                               0x1ffff0ac   Data           1  periodictimer.o(.bss.timerEvent)



==============================================================================

Memory Map of the image

  Image Entry point : 0x00000161

  Load Region LR_1 (Base: 0x00000000, Size: 0x00000ee8, Max: 0xffffffff, ABSOLUTE)

    Execution Region ER_RO (Exec base: 0x00000000, Load base: 0x00000000, Size: 0x00000ee8, Max: 0xffffffff, ABSOLUTE)

    Exec Addr    Load Addr    Size         Type   Attr      Idx    E Section Name        Object

    0x00000000   0x00000000   0x000000c0   Data   RO          160    RESET               startup_mkl25z4.o
    0x000000c0   0x000000c0   0x00000008   Code   RO          232  * !!!main             c_p.l(__main.o)
    0x000000c8   0x000000c8   0x0000003c   Code   RO          465    !!!scatter          c_p.l(__scatter.o)
    0x00000104   0x00000104   0x0000001c   Code   RO          467    !!handler_zi        c_p.l(__scatter_zi.o)
    0x00000120   0x00000120   0x00000002   Code   RO          219    .ARM.Collect$$_printf_percent$$00000000  c_p.l(_printf_percent.o)
    0x00000122   0x00000122   0x0000000a   Code   RO          218    .ARM.Collect$$_printf_percent$$00000009  c_p.l(_printf_d.o)
    0x0000012c   0x0000012c   0x0000000a   Code   RO          217    .ARM.Collect$$_printf_percent$$00000014  c_p.l(_printf_s.o)
    0x00000136   0x00000136   0x00000004   Code   RO          273    .ARM.Collect$$_printf_percent$$00000017  c_p.l(_printf_percent_end.o)
    0x0000013a   0x0000013a   0x00000002   Code   RO          320    .ARM.Collect$$libinit$$00000000  c_p.l(libinit.o)
    0x0000013c   0x0000013c   0x00000000   Code   RO          338    .ARM.Collect$$libinit$$00000002  c_p.l(libinit2.o)
    0x0000013c   0x0000013c   0x00000000   Code   RO          340    .ARM.Collect$$libinit$$00000004  c_p.l(libinit2.o)
    0x0000013c   0x0000013c   0x00000000   Code   RO          342    .ARM.Collect$$libinit$$00000006  c_p.l(libinit2.o)
    0x0000013c   0x0000013c   0x00000000   Code   RO          345    .ARM.Collect$$libinit$$0000000C  c_p.l(libinit2.o)
    0x0000013c   0x0000013c   0x00000000   Code   RO          347    .ARM.Collect$$libinit$$0000000E  c_p.l(libinit2.o)
    0x0000013c   0x0000013c   0x00000000   Code   RO          349    .ARM.Collect$$libinit$$00000010  c_p.l(libinit2.o)
    0x0000013c   0x0000013c   0x00000000   Code   RO          352    .ARM.Collect$$libinit$$00000013  c_p.l(libinit2.o)
    0x0000013c   0x0000013c   0x00000000   Code   RO          354    .ARM.Collect$$libinit$$00000015  c_p.l(libinit2.o)
    0x0000013c   0x0000013c   0x00000000   Code   RO          356    .ARM.Collect$$libinit$$00000017  c_p.l(libinit2.o)
    0x0000013c   0x0000013c   0x00000000   Code   RO          358    .ARM.Collect$$libinit$$00000019  c_p.l(libinit2.o)
    0x0000013c   0x0000013c   0x00000000   Code   RO          360    .ARM.Collect$$libinit$$0000001B  c_p.l(libinit2.o)
    0x0000013c   0x0000013c   0x00000000   Code   RO          362    .ARM.Collect$$libinit$$0000001D  c_p.l(libinit2.o)
    0x0000013c   0x0000013c   0x00000000   Code   RO          364    .ARM.Collect$$libinit$$0000001F  c_p.l(libinit2.o)
    0x0000013c   0x0000013c   0x00000000   Code   RO          366    .ARM.Collect$$libinit$$00000021  c_p.l(libinit2.o)
    0x0000013c   0x0000013c   0x00000000   Code   RO          368    .ARM.Collect$$libinit$$00000023  c_p.l(libinit2.o)
    0x0000013c   0x0000013c   0x00000000   Code   RO          370    .ARM.Collect$$libinit$$00000025  c_p.l(libinit2.o)
    0x0000013c   0x0000013c   0x00000000   Code   RO          372    .ARM.Collect$$libinit$$00000027  c_p.l(libinit2.o)
    0x0000013c   0x0000013c   0x00000000   Code   RO          376    .ARM.Collect$$libinit$$0000002E  c_p.l(libinit2.o)
    0x0000013c   0x0000013c   0x00000000   Code   RO          378    .ARM.Collect$$libinit$$00000030  c_p.l(libinit2.o)
    0x0000013c   0x0000013c   0x00000000   Code   RO          380    .ARM.Collect$$libinit$$00000032  c_p.l(libinit2.o)
    0x0000013c   0x0000013c   0x00000000   Code   RO          382    .ARM.Collect$$libinit$$00000034  c_p.l(libinit2.o)
    0x0000013c   0x0000013c   0x00000002   Code   RO          383    .ARM.Collect$$libinit$$00000035  c_p.l(libinit2.o)
    0x0000013e   0x0000013e   0x00000002   Code   RO          420    .ARM.Collect$$libshutdown$$00000000  c_p.l(libshutdown.o)
    0x00000140   0x00000140   0x00000000   Code   RO          448    .ARM.Collect$$libshutdown$$00000002  c_p.l(libshutdown2.o)
    0x00000140   0x00000140   0x00000000   Code   RO          450    .ARM.Collect$$libshutdown$$00000004  c_p.l(libshutdown2.o)
    0x00000140   0x00000140   0x00000000   Code   RO          453    .ARM.Collect$$libshutdown$$00000007  c_p.l(libshutdown2.o)
    0x00000140   0x00000140   0x00000000   Code   RO          456    .ARM.Collect$$libshutdown$$0000000A  c_p.l(libshutdown2.o)
    0x00000140   0x00000140   0x00000000   Code   RO          458    .ARM.Collect$$libshutdown$$0000000C  c_p.l(libshutdown2.o)
    0x00000140   0x00000140   0x00000000   Code   RO          461    .ARM.Collect$$libshutdown$$0000000F  c_p.l(libshutdown2.o)
    0x00000140   0x00000140   0x00000002   Code   RO          462    .ARM.Collect$$libshutdown$$00000010  c_p.l(libshutdown2.o)
    0x00000142   0x00000142   0x00000000   Code   RO          260    .ARM.Collect$$rtentry$$00000000  c_p.l(__rtentry.o)
    0x00000142   0x00000142   0x00000000   Code   RO          286    .ARM.Collect$$rtentry$$00000002  c_p.l(__rtentry2.o)
    0x00000142   0x00000142   0x00000006   Code   RO          298    .ARM.Collect$$rtentry$$00000004  c_p.l(__rtentry4.o)
    0x00000148   0x00000148   0x00000000   Code   RO          288    .ARM.Collect$$rtentry$$00000009  c_p.l(__rtentry2.o)
    0x00000148   0x00000148   0x00000004   Code   RO          289    .ARM.Collect$$rtentry$$0000000A  c_p.l(__rtentry2.o)
    0x0000014c   0x0000014c   0x00000000   Code   RO          291    .ARM.Collect$$rtentry$$0000000C  c_p.l(__rtentry2.o)
    0x0000014c   0x0000014c   0x00000008   Code   RO          292    .ARM.Collect$$rtentry$$0000000D  c_p.l(__rtentry2.o)
    0x00000154   0x00000154   0x00000002   Code   RO          329    .ARM.Collect$$rtexit$$00000000  c_p.l(rtexit.o)
    0x00000156   0x00000156   0x00000000   Code   RO          391    .ARM.Collect$$rtexit$$00000002  c_p.l(rtexit2.o)
    0x00000156   0x00000156   0x00000004   Code   RO          392    .ARM.Collect$$rtexit$$00000003  c_p.l(rtexit2.o)
    0x0000015a   0x0000015a   0x00000006   Code   RO          393    .ARM.Collect$$rtexit$$00000004  c_p.l(rtexit2.o)
    0x00000160   0x00000160   0x00000040   Code   RO          162  * .text               startup_mkl25z4.o
    0x000001a0   0x000001a0   0x0000004e   Code   RO          191    .text               c_p.l(_printf_pad.o)
    0x000001ee   0x000001ee   0x00000052   Code   RO          193    .text               c_p.l(_printf_str.o)
    0x00000240   0x00000240   0x0000006c   Code   RO          195    .text               c_p.l(_printf_dec.o)
    0x000002ac   0x000002ac   0x00000006   Code   RO          230    .text               c_p.l(heapauxi.o)
    0x000002b2   0x000002b2   0x000000b0   Code   RO          265    .text               c_p.l(_printf_intcommon.o)
    0x00000362   0x00000362   0x0000002e   Code   RO          271    .text               c_p.l(_printf_char.o)
    0x00000390   0x00000390   0x00000028   Code   RO          274    .text               c_p.l(rtudiv10.o)
    0x000003b8   0x000003b8   0x0000003e   Code   RO          306    .text               c_p.l(sys_stackheap_outer.o)
    0x000003f6   0x000003f6   0x00000002   PAD
    0x000003f8   0x000003f8   0x00000008   Code   RO          325    .text               c_p.l(libspace.o)
    0x00000400   0x00000400   0x00000010   Code   RO          161    .ARM.__at_0x400     startup_mkl25z4.o
    0x00000410   0x00000410   0x00000010   Code   RO          309    .text               c_p.l(exit.o)
    0x00000420   0x00000420   0x0000000c   Code   RO          386    .text               c_p.l(sys_exit.o)
    0x0000042c   0x0000042c   0x00000002   Code   RO          409    .text               c_p.l(use_no_semi.o)
    0x0000042e   0x0000042e   0x00000000   Code   RO          411    .text               c_p.l(indicate_semi.o)
    0x0000042e   0x0000042e   0x00000002   PAD
    0x00000430   0x00000430   0x000000a4   Code   RO          118    .text.Com_Init      uartcom.o
    0x000004d4   0x000004d4   0x00000020   Code   RO          105    .text.PIT_IRQHandler  periodictimer.o
    0x000004f4   0x000004f4   0x0000000c   Code   RO          171    .text.SystemInit    system_mkl25z4.o
    0x00000500   0x00000500   0x000000c0   Code   RO          132    .text.UART0_IRQHandler  uartcom.o
    0x000005c0   0x000005c0   0x00000120   Code   RO            4    .text.calibrate_task  main.o
    0x000006e0   0x000006e0   0x00000024   Code   RO          107    .text.config_sys_clock  periodictimer.o
    0x00000704   0x00000704   0x00000040   Code   RO           36    .text.i2c_init      i2c.o
    0x00000744   0x00000744   0x00000078   Code   RO           44    .text.i2c_read_byte  i2c.o
    0x000007bc   0x000007bc   0x00000048   Code   RO           40    .text.i2c_read_setup  i2c.o
    0x00000804   0x00000804   0x00000038   Code   RO           42    .text.i2c_repeated_read  i2c.o
    0x0000083c   0x0000083c   0x00000018   Code   RO           38    .text.i2c_start     i2c.o
    0x00000854   0x00000854   0x00000050   Code   RO           46    .text.i2c_write_byte  i2c.o
    0x000008a4   0x000008a4   0x00000074   Code   RO           77    .text.init_RGB      led.o
    0x00000918   0x00000918   0x0000003c   Code   RO           56    .text.init_mma      mma8451.o
    0x00000954   0x00000954   0x000000ec   Code   RO            2    .text.main          main.o
    0x00000a40   0x00000a40   0x00000154   Code   RO            6    .text.periodic_task  main.o
    0x00000b94   0x00000b94   0x00000088   Code   RO           60    .text.read_full_xyz  mma8451.o
    0x00000c1c   0x00000c1c   0x00000018   Code   RO           93    .text.set_b         led.o
    0x00000c34   0x00000c34   0x00000014   Code   RO           91    .text.set_g         led.o
    0x00000c48   0x00000c48   0x00000018   Code   RO           89    .text.set_r         led.o
    0x00000c60   0x00000c60   0x00000048   Code   RO          103    .text.timer0_init   periodictimer.o
    0x00000ca8   0x00000ca8   0x00000014   Code   RO           79    .text.toggle        led.o
    0x00000cbc   0x00000cbc   0x0000000c   Code   RO           83    .text.toggle_g      led.o
    0x00000cc8   0x00000cc8   0x00000018   Code   RO           87    .text.toggle_gb     led.o
    0x00000ce0   0x00000ce0   0x000001f6   Code   RO          223    .text_divfast       c_p.l(aeabi_sdivfast.o)
    0x00000ed6   0x00000ed6   0x00000002   PAD
    0x00000ed8   0x00000ed8   0x00000010   Data   RO          464    Region$$Table       anon$$obj.o


    Execution Region ER_RW (Exec base: 0x1ffff000, Load base: 0x00000ee8, Size: 0x00000000, Max: 0xffffffff, ABSOLUTE)

    **** No section assigned to this execution region ****


    Execution Region ER_ZI (Exec base: 0x1ffff000, Load base: 0x00000ee8, Size: 0x000001c0, Max: 0xffffffff, ABSOLUTE)

    Exec Addr    Load Addr    Size         Type   Attr      Idx    E Section Name        Object

    0x1ffff000        -       0x00000060   Zero   RW          326    .bss                c_p.l(libspace.o)
    0x1ffff060        -       0x00000002   Zero   RW           64    .bss.acc_X          mma8451.o
    0x1ffff062        -       0x00000002   Zero   RW           65    .bss.acc_Y          mma8451.o
    0x1ffff064        -       0x00000002   Zero   RW           66    .bss.acc_Z          mma8451.o
    0x1ffff066   0x00000ee8   0x00000002   PAD
    0x1ffff068        -       0x00000004   Zero   RW           16    .bss.calibration_counter  main.o
    0x1ffff06c        -       0x00000004   Zero   RW           14    .bss.direction      main.o
    0x1ffff070        -       0x00000001   Zero   RW          140    .bss.has_byte       uartcom.o
    0x1ffff071        -       0x00000001   Zero   RW          143    .bss.last_byte      uartcom.o
    0x1ffff072   0x00000ee8   0x00000002   PAD
    0x1ffff074        -       0x00000004   Zero   RW           18    .bss.maxX           main.o
    0x1ffff078        -       0x00000004   Zero   RW           20    .bss.maxY           main.o
    0x1ffff07c        -       0x00000004   Zero   RW           22    .bss.maxZ           main.o
    0x1ffff080        -       0x00000004   Zero   RW           19    .bss.minX           main.o
    0x1ffff084        -       0x00000004   Zero   RW           21    .bss.minY           main.o
    0x1ffff088        -       0x00000004   Zero   RW           23    .bss.minZ           main.o
    0x1ffff08c        -       0x00000004   Zero   RW           15    .bss.offsetX        main.o
    0x1ffff090        -       0x00000004   Zero   RW           17    .bss.offsetY        main.o
    0x1ffff094        -       0x00000004   Zero   RW           24    .bss.offsetZ        main.o
    0x1ffff098        -       0x00000004   Zero   RW           67    .bss.roll           mma8451.o
    0x1ffff09c        -       0x00000004   Zero   RW          145    .bss.rx_buff        uartcom.o
    0x1ffff0a0        -       0x00000004   Zero   RW          147    .bss.rx_call        uartcom.o
    0x1ffff0a4        -       0x00000004   Zero   RW          142    .bss.rx_count       uartcom.o
    0x1ffff0a8        -       0x00000004   Zero   RW          146    .bss.rx_ind         uartcom.o
    0x1ffff0ac        -       0x00000001   Zero   RW          109    .bss.timerEvent     periodictimer.o
    0x1ffff0ad        -       0x00000001   Zero   RW          141    .bss.tx_active      uartcom.o
    0x1ffff0ae   0x00000ee8   0x00000002   PAD
    0x1ffff0b0        -       0x00000004   Zero   RW          148    .bss.tx_buff        uartcom.o
    0x1ffff0b4        -       0x00000004   Zero   RW          150    .bss.tx_call        uartcom.o
    0x1ffff0b8        -       0x00000004   Zero   RW          144    .bss.tx_count       uartcom.o
    0x1ffff0bc        -       0x00000004   Zero   RW          149    .bss.tx_ind         uartcom.o
    0x1ffff0c0        -       0x00000000   Zero   RW          159    HEAP                startup_mkl25z4.o
    0x1ffff0c0        -       0x00000100   Zero   RW          158    STACK               startup_mkl25z4.o


==============================================================================

Image component sizes


      Code (inc. data)   RO Data    RW Data    ZI Data      Debug   Object Name

       416         16          0          0          0       2930   i2c.o
       240         40          0          0          0       2559   led.o
       864        144          0          0         44       3116   main.o
       196         16          0          0         10       1803   mma8451.o
       140         32          0          0          1       3753   periodictimer.o
        80         44        192          0        256        840   startup_mkl25z4.o
        12          4          0          0          0       2528   system_mkl25z4.o
       356         76          0          0         35       5750   uartcom.o

    ----------------------------------------------------------------------
      2304        372        208          0        352      23279   Object Totals
         0          0         16          0          0          0   (incl. Generated)
         0          0          0          0          6          0   (incl. Padding)

    ----------------------------------------------------------------------

      Code (inc. data)   RO Data    RW Data    ZI Data      Debug   Library Member Name

         8          0          0          0          0         68   __main.o
         0          0          0          0          0          0   __rtentry.o
        12          0          0          0          0          0   __rtentry2.o
         6          0          0          0          0          0   __rtentry4.o
        60          8          0          0          0          0   __scatter.o
        28          0          0          0          0          0   __scatter_zi.o
        46          0          0          0          0        100   _printf_char.o
        10          0          0          0          0          0   _printf_d.o
       108         18          0          0          0         76   _printf_dec.o
       176          0          0          0          0         84   _printf_intcommon.o
        78          0          0          0          0        100   _printf_pad.o
         2          0          0          0          0          0   _printf_percent.o
         4          0          0          0          0          0   _printf_percent_end.o
        10          0          0          0          0          0   _printf_s.o
        82          0          0          0          0         72   _printf_str.o
       502          0          0          0          0         92   aeabi_sdivfast.o
        16          0          0          0          0         68   exit.o
         6          0          0          0          0        136   heapauxi.o
         0          0          0          0          0          0   indicate_semi.o
         2          0          0          0          0          0   libinit.o
         2          0          0          0          0          0   libinit2.o
         2          0          0          0          0          0   libshutdown.o
         2          0          0          0          0          0   libshutdown2.o
         8          4          0          0         96         68   libspace.o
         2          0          0          0          0          0   rtexit.o
        10          0          0          0          0          0   rtexit2.o
        40          0          0          0          0         60   rtudiv10.o
        12          4          0          0          0         60   sys_exit.o
        62          0          0          0          0         80   sys_stackheap_outer.o
         2          0          0          0          0         68   use_no_semi.o

    ----------------------------------------------------------------------
      1304         34          0          0         96       1132   Library Totals
         6          0          0          0          0          0   (incl. Padding)

    ----------------------------------------------------------------------

      Code (inc. data)   RO Data    RW Data    ZI Data      Debug   Library Name

      1298         34          0          0         96       1132   c_p.l

    ----------------------------------------------------------------------
      1304         34          0          0         96       1132   Library Totals

    ----------------------------------------------------------------------

==============================================================================


      Code (inc. data)   RO Data    RW Data    ZI Data      Debug   

      3608        406        208          0        448      23815   Grand Totals
      3608        406        208          0        448      23815   ELF Image Totals
      3608        406        208          0          0          0   ROM Totals

==============================================================================

    Total RO  Size (Code + RO Data)                 3816 (   3.73kB)
    Total RW  Size (RW Data + ZI Data)               448 (   0.44kB)
    Total ROM Size (Code + RO Data + RW Data)       3816 (   3.73kB)

==============================================================================

