Component: Arm Compiler for Embedded 6.19 Tool: armlink [5e73cb00]

==============================================================================

Section Cross References

    main.o(.ARM.exidx.text.tx_call) refers to main.o(.text.tx_call) for [Anonymous Symbol]
    main.o(.text.main) refers to periodictimer.o(.text.config_sys_clock) for config_sys_clock
    main.o(.text.main) refers to uartcom.o(.text.Com_Init) for Com_Init
    main.o(.text.main) refers to i2c.o(.text.i2c_init) for i2c_init
    main.o(.text.main) refers to mma8451.o(.text.init_mma) for init_mma
    main.o(.text.main) refers to led.o(.text.init_RGB) for init_RGB
    main.o(.text.main) refers to led.o(.text.toggle) for toggle
    main.o(.text.main) refers to recorder.o(.text.RecorderInit) for RecorderInit
    main.o(.text.main) refers to periodictimer.o(.text.timer0_init) for timer0_init
    main.o(.text.main) refers to recorder.o(.text.RecorderGetBuffer) for RecorderGetBuffer
    main.o(.text.main) refers to recorder.o(.text.RecorderGetSize) for RecorderGetSize
    main.o(.text.main) refers to uartcom.o(.text.Com_WriteByteArray) for Com_WriteByteArray
    main.o(.text.main) refers to led.o(.text.set_b) for set_b
    main.o(.text.main) refers to led.o(.text.set_g) for set_g
    main.o(.text.main) refers to led.o(.text.set_r) for set_r
    main.o(.text.main) refers to recorder.o(.text.RecorderCallback) for RecorderCallback
    main.o(.text.main) refers to uartcom.o(.text.Com_HasByte) for Com_HasByte
    main.o(.text.main) refers to uartcom.o(.text.Com_GetByte) for Com_GetByte
    main.o(.text.main) refers to recorder.o(.text.RecorderStart) for RecorderStart
    main.o(.text.main) refers to recorder.o(.text.RecorderFinished) for RecorderFinished
    main.o(.text.main) refers to periodictimer.o(.bss.timerEvent) for timerEvent
    main.o(.text.main) refers to main.o(.text.tx_call) for tx_call
    main.o(.ARM.exidx.text.main) refers to main.o(.text.main) for [Anonymous Symbol]
    i2c.o(.ARM.exidx.text.i2c_init) refers to i2c.o(.text.i2c_init) for [Anonymous Symbol]
    i2c.o(.ARM.exidx.text.i2c_start) refers to i2c.o(.text.i2c_start) for [Anonymous Symbol]
    i2c.o(.ARM.exidx.text.i2c_read_setup) refers to i2c.o(.text.i2c_read_setup) for [Anonymous Symbol]
    i2c.o(.ARM.exidx.text.i2c_repeated_read) refers to i2c.o(.text.i2c_repeated_read) for [Anonymous Symbol]
    i2c.o(.ARM.exidx.text.i2c_read_byte) refers to i2c.o(.text.i2c_read_byte) for [Anonymous Symbol]
    i2c.o(.ARM.exidx.text.i2c_write_byte) refers to i2c.o(.text.i2c_write_byte) for [Anonymous Symbol]
    mma8451.o(.text.init_mma) refers to i2c.o(.text.i2c_read_byte) for i2c_read_byte
    mma8451.o(.text.init_mma) refers to i2c.o(.text.i2c_write_byte) for i2c_write_byte
    mma8451.o(.ARM.exidx.text.init_mma) refers to mma8451.o(.text.init_mma) for [Anonymous Symbol]
    mma8451.o(.ARM.exidx.text.Delay) refers to mma8451.o(.text.Delay) for [Anonymous Symbol]
    mma8451.o(.text.read_full_xyz) refers to i2c.o(.text.i2c_start) for i2c_start
    mma8451.o(.text.read_full_xyz) refers to i2c.o(.text.i2c_read_setup) for i2c_read_setup
    mma8451.o(.text.read_full_xyz) refers to i2c.o(.text.i2c_repeated_read) for i2c_repeated_read
    mma8451.o(.text.read_full_xyz) refers to mma8451.o(.bss.acc_X) for acc_X
    mma8451.o(.text.read_full_xyz) refers to mma8451.o(.bss.acc_Y) for acc_Y
    mma8451.o(.text.read_full_xyz) refers to mma8451.o(.bss.acc_Z) for acc_Z
    mma8451.o(.ARM.exidx.text.read_full_xyz) refers to mma8451.o(.text.read_full_xyz) for [Anonymous Symbol]
    mma8451.o(.text.read_xyz) refers to i2c.o(.text.i2c_read_byte) for i2c_read_byte
    mma8451.o(.text.read_xyz) refers to mma8451.o(.bss.acc_X) for acc_X
    mma8451.o(.text.read_xyz) refers to mma8451.o(.bss.acc_Y) for acc_Y
    mma8451.o(.text.read_xyz) refers to mma8451.o(.bss.acc_Z) for acc_Z
    mma8451.o(.ARM.exidx.text.read_xyz) refers to mma8451.o(.text.read_xyz) for [Anonymous Symbol]
    led.o(.ARM.exidx.text.init_RGB) refers to led.o(.text.init_RGB) for [Anonymous Symbol]
    led.o(.ARM.exidx.text.toggle) refers to led.o(.text.toggle) for [Anonymous Symbol]
    led.o(.ARM.exidx.text.toggle_r) refers to led.o(.text.toggle_r) for [Anonymous Symbol]
    led.o(.ARM.exidx.text.toggle_g) refers to led.o(.text.toggle_g) for [Anonymous Symbol]
    led.o(.ARM.exidx.text.toggle_b) refers to led.o(.text.toggle_b) for [Anonymous Symbol]
    led.o(.ARM.exidx.text.set_r) refers to led.o(.text.set_r) for [Anonymous Symbol]
    led.o(.ARM.exidx.text.set_g) refers to led.o(.text.set_g) for [Anonymous Symbol]
    led.o(.ARM.exidx.text.set_b) refers to led.o(.text.set_b) for [Anonymous Symbol]
    periodictimer.o(.text.timer0_init) refers to periodictimer.o(.bss.timerEvent) for timerEvent
    periodictimer.o(.ARM.exidx.text.timer0_init) refers to periodictimer.o(.text.timer0_init) for [Anonymous Symbol]
    periodictimer.o(.text.PIT_IRQHandler) refers to periodictimer.o(.bss.timerEvent) for timerEvent
    periodictimer.o(.ARM.exidx.text.PIT_IRQHandler) refers to periodictimer.o(.text.PIT_IRQHandler) for [Anonymous Symbol]
    periodictimer.o(.ARM.exidx.text.config_sys_clock) refers to periodictimer.o(.text.config_sys_clock) for [Anonymous Symbol]
    uartcom.o(.text.Com_Init) refers to aeabi_sdivfast.o(.text_divfast) for __aeabi_uidiv
    uartcom.o(.text.Com_Init) refers to uartcom.o(.bss.has_byte) for [Anonymous Symbol]
    uartcom.o(.text.Com_Init) refers to uartcom.o(.bss.tx_active) for [Anonymous Symbol]
    uartcom.o(.ARM.exidx.text.Com_Init) refers to uartcom.o(.text.Com_Init) for [Anonymous Symbol]
    uartcom.o(.text.Com_HasByte) refers to uartcom.o(.bss.has_byte) for [Anonymous Symbol]
    uartcom.o(.ARM.exidx.text.Com_HasByte) refers to uartcom.o(.text.Com_HasByte) for [Anonymous Symbol]
    uartcom.o(.text.Com_GetByte) refers to uartcom.o(.bss.has_byte) for [Anonymous Symbol]
    uartcom.o(.text.Com_GetByte) refers to uartcom.o(.bss.last_byte) for [Anonymous Symbol]
    uartcom.o(.ARM.exidx.text.Com_GetByte) refers to uartcom.o(.text.Com_GetByte) for [Anonymous Symbol]
    uartcom.o(.text.Com_ReadReady) refers to uartcom.o(.bss.rx_count) for [Anonymous Symbol]
    uartcom.o(.ARM.exidx.text.Com_ReadReady) refers to uartcom.o(.text.Com_ReadReady) for [Anonymous Symbol]
    uartcom.o(.text.Com_WriteReady) refers to uartcom.o(.bss.tx_count) for [Anonymous Symbol]
    uartcom.o(.ARM.exidx.text.Com_WriteReady) refers to uartcom.o(.text.Com_WriteReady) for [Anonymous Symbol]
    uartcom.o(.text.Com_ReadByteArray) refers to uartcom.o(.bss.rx_count) for [Anonymous Symbol]
    uartcom.o(.text.Com_ReadByteArray) refers to uartcom.o(.bss.rx_buff) for [Anonymous Symbol]
    uartcom.o(.text.Com_ReadByteArray) refers to uartcom.o(.bss.rx_ind) for [Anonymous Symbol]
    uartcom.o(.text.Com_ReadByteArray) refers to uartcom.o(.bss.rx_call) for [Anonymous Symbol]
    uartcom.o(.ARM.exidx.text.Com_ReadByteArray) refers to uartcom.o(.text.Com_ReadByteArray) for [Anonymous Symbol]
    uartcom.o(.text.Com_WriteByteArray) refers to uartcom.o(.bss.tx_count) for [Anonymous Symbol]
    uartcom.o(.text.Com_WriteByteArray) refers to uartcom.o(.bss.tx_buff) for [Anonymous Symbol]
    uartcom.o(.text.Com_WriteByteArray) refers to uartcom.o(.bss.tx_ind) for [Anonymous Symbol]
    uartcom.o(.text.Com_WriteByteArray) refers to uartcom.o(.bss.tx_call) for [Anonymous Symbol]
    uartcom.o(.text.Com_WriteByteArray) refers to uartcom.o(.bss.tx_active) for [Anonymous Symbol]
    uartcom.o(.ARM.exidx.text.Com_WriteByteArray) refers to uartcom.o(.text.Com_WriteByteArray) for [Anonymous Symbol]
    uartcom.o(.text.UART0_IRQHandler) refers to uartcom.o(.bss.tx_active) for [Anonymous Symbol]
    uartcom.o(.text.UART0_IRQHandler) refers to uartcom.o(.bss.tx_count) for [Anonymous Symbol]
    uartcom.o(.text.UART0_IRQHandler) refers to uartcom.o(.bss.tx_ind) for [Anonymous Symbol]
    uartcom.o(.text.UART0_IRQHandler) refers to uartcom.o(.bss.tx_buff) for [Anonymous Symbol]
    uartcom.o(.text.UART0_IRQHandler) refers to uartcom.o(.bss.tx_call) for [Anonymous Symbol]
    uartcom.o(.text.UART0_IRQHandler) refers to uartcom.o(.bss.rx_count) for [Anonymous Symbol]
    uartcom.o(.text.UART0_IRQHandler) refers to uartcom.o(.bss.rx_ind) for [Anonymous Symbol]
    uartcom.o(.text.UART0_IRQHandler) refers to uartcom.o(.bss.rx_buff) for [Anonymous Symbol]
    uartcom.o(.text.UART0_IRQHandler) refers to uartcom.o(.bss.rx_call) for [Anonymous Symbol]
    uartcom.o(.text.UART0_IRQHandler) refers to uartcom.o(.bss.last_byte) for [Anonymous Symbol]
    uartcom.o(.text.UART0_IRQHandler) refers to uartcom.o(.bss.has_byte) for [Anonymous Symbol]
    uartcom.o(.ARM.exidx.text.UART0_IRQHandler) refers to uartcom.o(.text.UART0_IRQHandler) for [Anonymous Symbol]
    uartcom.o(.ARM.exidx.text.stdin_getchar) refers to uartcom.o(.text.stdin_getchar) for [Anonymous Symbol]
    uartcom.o(.ARM.exidx.text.stdout_putchar) refers to uartcom.o(.text.stdout_putchar) for [Anonymous Symbol]
    uartcom.o(.ARM.exidx.text.stdout_putstr) refers to uartcom.o(.text.stdout_putstr) for [Anonymous Symbol]
    recorder.o(.text.RecorderInit) refers to recorder.o(.bss.use_x) for [Anonymous Symbol]
    recorder.o(.text.RecorderInit) refers to recorder.o(.bss.use_y) for [Anonymous Symbol]
    recorder.o(.text.RecorderInit) refers to recorder.o(.bss.use_z) for [Anonymous Symbol]
    recorder.o(.text.RecorderInit) refers to recorder.o(.bss.recorder_index) for [Anonymous Symbol]
    recorder.o(.text.RecorderInit) refers to recorder.o(.bss.recording) for [Anonymous Symbol]
    recorder.o(.ARM.exidx.text.RecorderInit) refers to recorder.o(.text.RecorderInit) for [Anonymous Symbol]
    recorder.o(.text.RecorderStart) refers to recorder.o(.bss.recorder_index) for [Anonymous Symbol]
    recorder.o(.text.RecorderStart) refers to recorder.o(.bss.recording) for [Anonymous Symbol]
    recorder.o(.ARM.exidx.text.RecorderStart) refers to recorder.o(.text.RecorderStart) for [Anonymous Symbol]
    recorder.o(.text.RecorderCallback) refers to mma8451.o(.text.read_full_xyz) for read_full_xyz
    recorder.o(.text.RecorderCallback) refers to recorder.o(.bss.recording) for [Anonymous Symbol]
    recorder.o(.text.RecorderCallback) refers to recorder.o(.bss.use_x) for [Anonymous Symbol]
    recorder.o(.text.RecorderCallback) refers to mma8451.o(.bss.acc_X) for acc_X
    recorder.o(.text.RecorderCallback) refers to recorder.o(.bss.recorder_index) for [Anonymous Symbol]
    recorder.o(.text.RecorderCallback) refers to recorder.o(.bss.recorder_buffer) for [Anonymous Symbol]
    recorder.o(.text.RecorderCallback) refers to recorder.o(.bss.use_y) for [Anonymous Symbol]
    recorder.o(.text.RecorderCallback) refers to mma8451.o(.bss.acc_Y) for acc_Y
    recorder.o(.text.RecorderCallback) refers to recorder.o(.bss.use_z) for [Anonymous Symbol]
    recorder.o(.text.RecorderCallback) refers to mma8451.o(.bss.acc_Z) for acc_Z
    recorder.o(.ARM.exidx.text.RecorderCallback) refers to recorder.o(.text.RecorderCallback) for [Anonymous Symbol]
    recorder.o(.text.RecorderFinished) refers to recorder.o(.bss.recording) for [Anonymous Symbol]
    recorder.o(.ARM.exidx.text.RecorderFinished) refers to recorder.o(.text.RecorderFinished) for [Anonymous Symbol]
    recorder.o(.text.RecorderGetBuffer) refers to recorder.o(.bss.recorder_buffer) for [Anonymous Symbol]
    recorder.o(.ARM.exidx.text.RecorderGetBuffer) refers to recorder.o(.text.RecorderGetBuffer) for [Anonymous Symbol]
    recorder.o(.ARM.exidx.text.RecorderGetSize) refers to recorder.o(.text.RecorderGetSize) for [Anonymous Symbol]
    startup_mkl25z4.o(STACK) refers (Special) to heapauxi.o(.text) for __use_two_region_memory
    startup_mkl25z4.o(HEAP) refers (Special) to heapauxi.o(.text) for __use_two_region_memory
    startup_mkl25z4.o(RESET) refers (Special) to heapauxi.o(.text) for __use_two_region_memory
    startup_mkl25z4.o(RESET) refers to startup_mkl25z4.o(STACK) for __initial_sp
    startup_mkl25z4.o(RESET) refers to startup_mkl25z4.o(.text) for Reset_Handler
    startup_mkl25z4.o(RESET) refers to uartcom.o(.text.UART0_IRQHandler) for UART0_IRQHandler
    startup_mkl25z4.o(RESET) refers to periodictimer.o(.text.PIT_IRQHandler) for PIT_IRQHandler
    startup_mkl25z4.o(.ARM.__at_0x400) refers (Special) to heapauxi.o(.text) for __use_two_region_memory
    startup_mkl25z4.o(.text) refers (Special) to heapauxi.o(.text) for __use_two_region_memory
    startup_mkl25z4.o(.text) refers to system_mkl25z4.o(.text.SystemInit) for SystemInit
    startup_mkl25z4.o(.text) refers to __main.o(!!!main) for __main
    startup_mkl25z4.o(.text) refers to startup_mkl25z4.o(HEAP) for Heap_Mem
    startup_mkl25z4.o(.text) refers to startup_mkl25z4.o(STACK) for Stack_Mem
    system_mkl25z4.o(.ARM.exidx.text.SystemInit) refers to system_mkl25z4.o(.text.SystemInit) for [Anonymous Symbol]
    system_mkl25z4.o(.text.SystemCoreClockUpdate) refers to aeabi_sdivfast.o(.text_divfast) for __aeabi_uidiv
    system_mkl25z4.o(.text.SystemCoreClockUpdate) refers to system_mkl25z4.o(.data.SystemCoreClock) for SystemCoreClock
    system_mkl25z4.o(.ARM.exidx.text.SystemCoreClockUpdate) refers to system_mkl25z4.o(.text.SystemCoreClockUpdate) for [Anonymous Symbol]
    __main.o(!!!main) refers to __rtentry.o(.ARM.Collect$$rtentry$$00000000) for __rt_entry
    __rtentry.o(.ARM.Collect$$rtentry$$00000000) refers (Special) to __rtentry2.o(.ARM.Collect$$rtentry$$0000000A) for __rt_entry_li
    __rtentry.o(.ARM.Collect$$rtentry$$00000000) refers (Special) to __rtentry2.o(.ARM.Collect$$rtentry$$0000000D) for __rt_entry_main
    __rtentry.o(.ARM.Collect$$rtentry$$00000000) refers (Special) to __rtentry2.o(.ARM.Collect$$rtentry$$0000000C) for __rt_entry_postli_1
    __rtentry.o(.ARM.Collect$$rtentry$$00000000) refers (Special) to __rtentry2.o(.ARM.Collect$$rtentry$$00000009) for __rt_entry_postsh_1
    __rtentry.o(.ARM.Collect$$rtentry$$00000000) refers (Special) to __rtentry2.o(.ARM.Collect$$rtentry$$00000002) for __rt_entry_presh_1
    __rtentry.o(.ARM.Collect$$rtentry$$00000000) refers (Special) to __rtentry4.o(.ARM.Collect$$rtentry$$00000004) for __rt_entry_sh
    aeabi_idiv0_sigfpe.o(.text) refers to rt_div0.o(.text) for __rt_div0
    __rtentry2.o(.ARM.Collect$$rtentry$$00000008) refers to boardinit2.o(.text) for _platform_post_stackheap_init
    __rtentry2.o(.ARM.Collect$$rtentry$$0000000A) refers to libinit.o(.ARM.Collect$$libinit$$00000000) for __rt_lib_init
    __rtentry2.o(.ARM.Collect$$rtentry$$0000000B) refers to boardinit3.o(.text) for _platform_post_lib_init
    __rtentry2.o(.ARM.Collect$$rtentry$$0000000D) refers to main.o(.text.main) for main
    __rtentry2.o(.ARM.Collect$$rtentry$$0000000D) refers to exit.o(.text) for exit
    __rtentry2.o(.ARM.exidx) refers to __rtentry2.o(.ARM.Collect$$rtentry$$00000001) for .ARM.Collect$$rtentry$$00000001
    __rtentry2.o(.ARM.exidx) refers to __rtentry2.o(.ARM.Collect$$rtentry$$00000008) for .ARM.Collect$$rtentry$$00000008
    __rtentry2.o(.ARM.exidx) refers to __rtentry2.o(.ARM.Collect$$rtentry$$0000000A) for .ARM.Collect$$rtentry$$0000000A
    __rtentry2.o(.ARM.exidx) refers to __rtentry2.o(.ARM.Collect$$rtentry$$0000000B) for .ARM.Collect$$rtentry$$0000000B
    __rtentry2.o(.ARM.exidx) refers to __rtentry2.o(.ARM.Collect$$rtentry$$0000000D) for .ARM.Collect$$rtentry$$0000000D
    __rtentry4.o(.ARM.Collect$$rtentry$$00000004) refers to sys_stackheap_outer.o(.text) for __user_setup_stackheap
    __rtentry4.o(.ARM.exidx) refers to __rtentry4.o(.ARM.Collect$$rtentry$$00000004) for .ARM.Collect$$rtentry$$00000004
    rt_div0.o(.text) refers to defsig_fpe_outer.o(.text) for __rt_SIGFPE
    sys_stackheap_outer.o(.text) refers to libspace.o(.text) for __user_perproc_libspace
    sys_stackheap_outer.o(.text) refers to startup_mkl25z4.o(.text) for __user_initial_stackheap
    sys_stackheap_outer.o(__vectab_stack_and_reset_area) refers to tempstk.o(.text) for __temporary_stack_top
    sys_stackheap_outer.o(__vectab_stack_and_reset_area) refers to __main.o(!!!main) for __main
    exit.o(.text) refers to rtexit.o(.ARM.Collect$$rtexit$$00000000) for __rt_exit
    defsig_fpe_outer.o(.text) refers to defsig_fpe_inner.o(.text) for __rt_SIGFPE_inner
    defsig_fpe_outer.o(.text) refers to defsig_exit.o(.text) for __sig_exit
    defsig_fpe_formal.o(.text) refers to rt_raise.o(.text) for __rt_raise
    libinit.o(.ARM.Collect$$libinit$$00000000) refers (Special) to libinit2.o(.ARM.Collect$$libinit$$00000030) for __rt_lib_init_alloca_1
    libinit.o(.ARM.Collect$$libinit$$00000000) refers (Special) to libinit2.o(.ARM.Collect$$libinit$$0000002E) for __rt_lib_init_argv_1
    libinit.o(.ARM.Collect$$libinit$$00000000) refers (Special) to libinit2.o(.ARM.Collect$$libinit$$0000001D) for __rt_lib_init_atexit_1
    libinit.o(.ARM.Collect$$libinit$$00000000) refers (Special) to libinit2.o(.ARM.Collect$$libinit$$00000023) for __rt_lib_init_clock_1
    libinit.o(.ARM.Collect$$libinit$$00000000) refers (Special) to libinit2.o(.ARM.Collect$$libinit$$00000034) for __rt_lib_init_cpp_1
    libinit.o(.ARM.Collect$$libinit$$00000000) refers (Special) to libinit2.o(.ARM.Collect$$libinit$$00000032) for __rt_lib_init_exceptions_1
    libinit.o(.ARM.Collect$$libinit$$00000000) refers (Special) to libinit2.o(.ARM.Collect$$libinit$$00000002) for __rt_lib_init_fp_1
    libinit.o(.ARM.Collect$$libinit$$00000000) refers (Special) to libinit2.o(.ARM.Collect$$libinit$$00000021) for __rt_lib_init_fp_trap_1
    libinit.o(.ARM.Collect$$libinit$$00000000) refers (Special) to libinit2.o(.ARM.Collect$$libinit$$00000025) for __rt_lib_init_getenv_1
    libinit.o(.ARM.Collect$$libinit$$00000000) refers (Special) to libinit2.o(.ARM.Collect$$libinit$$0000000C) for __rt_lib_init_heap_1
    libinit.o(.ARM.Collect$$libinit$$00000000) refers (Special) to libinit2.o(.ARM.Collect$$libinit$$00000013) for __rt_lib_init_lc_collate_1
    libinit.o(.ARM.Collect$$libinit$$00000000) refers (Special) to libinit2.o(.ARM.Collect$$libinit$$00000015) for __rt_lib_init_lc_ctype_1
    libinit.o(.ARM.Collect$$libinit$$00000000) refers (Special) to libinit2.o(.ARM.Collect$$libinit$$00000017) for __rt_lib_init_lc_monetary_1
    libinit.o(.ARM.Collect$$libinit$$00000000) refers (Special) to libinit2.o(.ARM.Collect$$libinit$$00000019) for __rt_lib_init_lc_numeric_1
    libinit.o(.ARM.Collect$$libinit$$00000000) refers (Special) to libinit2.o(.ARM.Collect$$libinit$$0000001B) for __rt_lib_init_lc_time_1
    libinit.o(.ARM.Collect$$libinit$$00000000) refers (Special) to libinit2.o(.ARM.Collect$$libinit$$00000006) for __rt_lib_init_preinit_1
    libinit.o(.ARM.Collect$$libinit$$00000000) refers (Special) to libinit2.o(.ARM.Collect$$libinit$$00000010) for __rt_lib_init_rand_1
    libinit.o(.ARM.Collect$$libinit$$00000000) refers (Special) to libinit2.o(.ARM.Collect$$libinit$$00000004) for __rt_lib_init_relocate_pie_1
    libinit.o(.ARM.Collect$$libinit$$00000000) refers (Special) to libinit2.o(.ARM.Collect$$libinit$$00000035) for __rt_lib_init_return
    libinit.o(.ARM.Collect$$libinit$$00000000) refers (Special) to libinit2.o(.ARM.Collect$$libinit$$0000001F) for __rt_lib_init_signal_1
    libinit.o(.ARM.Collect$$libinit$$00000000) refers (Special) to libinit2.o(.ARM.Collect$$libinit$$00000027) for __rt_lib_init_stdio_1
    libinit.o(.ARM.Collect$$libinit$$00000000) refers (Special) to libinit2.o(.ARM.Collect$$libinit$$0000000E) for __rt_lib_init_user_alloc_1
    libspace.o(.text) refers to libspace.o(.bss) for __libspace_start
    rtexit.o(.ARM.Collect$$rtexit$$00000000) refers (Special) to rtexit2.o(.ARM.Collect$$rtexit$$00000004) for __rt_exit_exit
    rtexit.o(.ARM.Collect$$rtexit$$00000000) refers (Special) to rtexit2.o(.ARM.Collect$$rtexit$$00000003) for __rt_exit_ls
    rtexit.o(.ARM.Collect$$rtexit$$00000000) refers (Special) to rtexit2.o(.ARM.Collect$$rtexit$$00000002) for __rt_exit_prels_1
    rtexit.o(.ARM.exidx) refers (Special) to rtexit2.o(.ARM.Collect$$rtexit$$00000004) for __rt_exit_exit
    rtexit.o(.ARM.exidx) refers (Special) to rtexit2.o(.ARM.Collect$$rtexit$$00000003) for __rt_exit_ls
    rtexit.o(.ARM.exidx) refers (Special) to rtexit2.o(.ARM.Collect$$rtexit$$00000002) for __rt_exit_prels_1
    rtexit.o(.ARM.exidx) refers to rtexit.o(.ARM.Collect$$rtexit$$00000000) for .ARM.Collect$$rtexit$$00000000
    rt_raise.o(.text) refers to __raise.o(.text) for __raise
    rt_raise.o(.text) refers to sys_exit.o(.text) for _sys_exit
    defsig_exit.o(.text) refers to sys_exit.o(.text) for _sys_exit
    defsig_fpe_inner.o(.text) refers to defsig_general.o(.text) for __default_signal_display
    libinit2.o(.ARM.Collect$$libinit$$00000012) refers to libinit2.o(.ARM.Collect$$libinit$$00000011) for .ARM.Collect$$libinit$$00000011
    libinit2.o(.ARM.Collect$$libinit$$00000014) refers to libinit2.o(.ARM.Collect$$libinit$$00000011) for .ARM.Collect$$libinit$$00000011
    libinit2.o(.ARM.Collect$$libinit$$00000016) refers to libinit2.o(.ARM.Collect$$libinit$$00000011) for .ARM.Collect$$libinit$$00000011
    libinit2.o(.ARM.Collect$$libinit$$00000018) refers to libinit2.o(.ARM.Collect$$libinit$$00000011) for .ARM.Collect$$libinit$$00000011
    libinit2.o(.ARM.Collect$$libinit$$0000001A) refers to libinit2.o(.ARM.Collect$$libinit$$00000011) for .ARM.Collect$$libinit$$00000011
    libinit2.o(.ARM.Collect$$libinit$$00000028) refers to argv_veneer.o(.text) for __ARM_argv_veneer
    libinit2.o(.ARM.Collect$$libinit$$00000029) refers to argv_veneer.o(.text) for __ARM_argv_veneer
    sys_exit.o(.text) refers (Special) to use_no_semi.o(.text) for __I$use$semihosting
    sys_exit.o(.text) refers (Special) to indicate_semi.o(.text) for __semihosting_library_function
    sys_exit_hlt.o(.text) refers (Special) to use_no_semi.o(.text) for __I$use$semihosting
    sys_exit_hlt.o(.text) refers (Special) to indicate_semi.o(.text) for __semihosting_library_function
    rtexit2.o(.ARM.Collect$$rtexit$$00000003) refers to libshutdown.o(.ARM.Collect$$libshutdown$$00000000) for __rt_lib_shutdown
    rtexit2.o(.ARM.Collect$$rtexit$$00000004) refers to sys_exit.o(.text) for _sys_exit
    rtexit2.o(.ARM.exidx) refers to rtexit2.o(.ARM.Collect$$rtexit$$00000001) for .ARM.Collect$$rtexit$$00000001
    rtexit2.o(.ARM.exidx) refers to rtexit2.o(.ARM.Collect$$rtexit$$00000003) for .ARM.Collect$$rtexit$$00000003
    rtexit2.o(.ARM.exidx) refers to rtexit2.o(.ARM.Collect$$rtexit$$00000004) for .ARM.Collect$$rtexit$$00000004
    __raise.o(.text) refers to defsig.o(CL$$defsig) for __default_signal_handler
    defsig_general.o(.text) refers to sys_wrch.o(.text) for _ttywrch
    sys_wrch.o(.text) refers (Special) to use_no_semi.o(.text) for __I$use$semihosting
    sys_wrch.o(.text) refers (Special) to indicate_semi.o(.text) for __semihosting_library_function
    sys_wrch_hlt.o(.text) refers (Special) to use_no_semi.o(.text) for __I$use$semihosting
    sys_wrch_hlt.o(.text) refers (Special) to indicate_semi.o(.text) for __semihosting_library_function
    defsig.o(CL$$defsig) refers to defsig_fpe_inner.o(.text) for __rt_SIGFPE_inner
    defsig.o(CL$$defsig) refers to defsig_rtmem_inner.o(.text) for __rt_SIGRTMEM_inner
    _get_argv_nomalloc.o(.text) refers (Special) to hrguard.o(.text) for __heap_region$guard
    _get_argv_nomalloc.o(.text) refers to defsig_rtmem_outer.o(.text) for __rt_SIGRTMEM
    _get_argv_nomalloc.o(.text) refers to sys_command.o(.text) for _sys_command_string
    libshutdown.o(.ARM.Collect$$libshutdown$$00000000) refers (Special) to libshutdown2.o(.ARM.Collect$$libshutdown$$00000002) for __rt_lib_shutdown_cpp_1
    libshutdown.o(.ARM.Collect$$libshutdown$$00000000) refers (Special) to libshutdown2.o(.ARM.Collect$$libshutdown$$00000007) for __rt_lib_shutdown_fp_trap_1
    libshutdown.o(.ARM.Collect$$libshutdown$$00000000) refers (Special) to libshutdown2.o(.ARM.Collect$$libshutdown$$0000000F) for __rt_lib_shutdown_heap_1
    libshutdown.o(.ARM.Collect$$libshutdown$$00000000) refers (Special) to libshutdown2.o(.ARM.Collect$$libshutdown$$00000010) for __rt_lib_shutdown_return
    libshutdown.o(.ARM.Collect$$libshutdown$$00000000) refers (Special) to libshutdown2.o(.ARM.Collect$$libshutdown$$0000000A) for __rt_lib_shutdown_signal_1
    libshutdown.o(.ARM.Collect$$libshutdown$$00000000) refers (Special) to libshutdown2.o(.ARM.Collect$$libshutdown$$00000004) for __rt_lib_shutdown_stdio_1
    libshutdown.o(.ARM.Collect$$libshutdown$$00000000) refers (Special) to libshutdown2.o(.ARM.Collect$$libshutdown$$0000000C) for __rt_lib_shutdown_user_alloc_1
    sys_command.o(.text) refers (Special) to use_no_semi.o(.text) for __I$use$semihosting
    sys_command.o(.text) refers (Special) to indicate_semi.o(.text) for __semihosting_library_function
    sys_command_hlt.o(.text) refers (Special) to use_no_semi.o(.text) for __I$use$semihosting
    sys_command_hlt.o(.text) refers (Special) to indicate_semi.o(.text) for __semihosting_library_function
    defsig_abrt_inner.o(.text) refers to defsig_general.o(.text) for __default_signal_display
    defsig_rtred_inner.o(.text) refers to defsig_general.o(.text) for __default_signal_display
    defsig_rtmem_inner.o(.text) refers to defsig_general.o(.text) for __default_signal_display
    defsig_rtmem_outer.o(.text) refers to defsig_rtmem_inner.o(.text) for __rt_SIGRTMEM_inner
    defsig_rtmem_outer.o(.text) refers to defsig_exit.o(.text) for __sig_exit
    defsig_rtmem_formal.o(.text) refers to rt_raise.o(.text) for __rt_raise
    defsig_stak_inner.o(.text) refers to defsig_general.o(.text) for __default_signal_display
    defsig_pvfn_inner.o(.text) refers to defsig_general.o(.text) for __default_signal_display
    defsig_cppl_inner.o(.text) refers to defsig_general.o(.text) for __default_signal_display
    defsig_segv_inner.o(.text) refers to defsig_general.o(.text) for __default_signal_display
    defsig_other.o(.text) refers to defsig_general.o(.text) for __default_signal_display


==============================================================================

Removing Unused input sections from the image.

    Removing main.o(.text), (0 bytes).
    Removing main.o(.ARM.exidx.text.tx_call), (8 bytes).
    Removing main.o(.ARM.exidx.text.main), (8 bytes).
    Removing main.o(.ARM.use_no_argv), (4 bytes).
    Removing i2c.o(.text), (0 bytes).
    Removing i2c.o(.ARM.exidx.text.i2c_init), (8 bytes).
    Removing i2c.o(.ARM.exidx.text.i2c_start), (8 bytes).
    Removing i2c.o(.ARM.exidx.text.i2c_read_setup), (8 bytes).
    Removing i2c.o(.ARM.exidx.text.i2c_repeated_read), (8 bytes).
    Removing i2c.o(.ARM.exidx.text.i2c_read_byte), (8 bytes).
    Removing i2c.o(.ARM.exidx.text.i2c_write_byte), (8 bytes).
    Removing mma8451.o(.text), (0 bytes).
    Removing mma8451.o(.ARM.exidx.text.init_mma), (8 bytes).
    Removing mma8451.o(.text.Delay), (36 bytes).
    Removing mma8451.o(.ARM.exidx.text.Delay), (8 bytes).
    Removing mma8451.o(.ARM.exidx.text.read_full_xyz), (8 bytes).
    Removing mma8451.o(.text.read_xyz), (104 bytes).
    Removing mma8451.o(.ARM.exidx.text.read_xyz), (8 bytes).
    Removing mma8451.o(.bss.roll), (4 bytes).
    Removing mma8451.o(.bss.pitch), (4 bytes).
    Removing led.o(.text), (0 bytes).
    Removing led.o(.ARM.exidx.text.init_RGB), (8 bytes).
    Removing led.o(.ARM.exidx.text.toggle), (8 bytes).
    Removing led.o(.text.toggle_r), (16 bytes).
    Removing led.o(.ARM.exidx.text.toggle_r), (8 bytes).
    Removing led.o(.text.toggle_g), (16 bytes).
    Removing led.o(.ARM.exidx.text.toggle_g), (8 bytes).
    Removing led.o(.text.toggle_b), (12 bytes).
    Removing led.o(.ARM.exidx.text.toggle_b), (8 bytes).
    Removing led.o(.ARM.exidx.text.set_r), (8 bytes).
    Removing led.o(.ARM.exidx.text.set_g), (8 bytes).
    Removing led.o(.ARM.exidx.text.set_b), (8 bytes).
    Removing periodictimer.o(.text), (0 bytes).
    Removing periodictimer.o(.ARM.exidx.text.timer0_init), (8 bytes).
    Removing periodictimer.o(.ARM.exidx.text.PIT_IRQHandler), (8 bytes).
    Removing periodictimer.o(.ARM.exidx.text.config_sys_clock), (8 bytes).
    Removing uartcom.o(.text), (0 bytes).
    Removing uartcom.o(.ARM.exidx.text.Com_Init), (8 bytes).
    Removing uartcom.o(.ARM.exidx.text.Com_HasByte), (8 bytes).
    Removing uartcom.o(.ARM.exidx.text.Com_GetByte), (8 bytes).
    Removing uartcom.o(.text.Com_ReadReady), (16 bytes).
    Removing uartcom.o(.ARM.exidx.text.Com_ReadReady), (8 bytes).
    Removing uartcom.o(.text.Com_WriteReady), (16 bytes).
    Removing uartcom.o(.ARM.exidx.text.Com_WriteReady), (8 bytes).
    Removing uartcom.o(.text.Com_ReadByteArray), (36 bytes).
    Removing uartcom.o(.ARM.exidx.text.Com_ReadByteArray), (8 bytes).
    Removing uartcom.o(.ARM.exidx.text.Com_WriteByteArray), (8 bytes).
    Removing uartcom.o(.ARM.exidx.text.UART0_IRQHandler), (8 bytes).
    Removing uartcom.o(.text.stdin_getchar), (16 bytes).
    Removing uartcom.o(.ARM.exidx.text.stdin_getchar), (8 bytes).
    Removing uartcom.o(.text.stdout_putchar), (20 bytes).
    Removing uartcom.o(.ARM.exidx.text.stdout_putchar), (8 bytes).
    Removing uartcom.o(.text.stdout_putstr), (40 bytes).
    Removing uartcom.o(.ARM.exidx.text.stdout_putstr), (8 bytes).
    Removing recorder.o(.text), (0 bytes).
    Removing recorder.o(.ARM.exidx.text.RecorderInit), (8 bytes).
    Removing recorder.o(.ARM.exidx.text.RecorderStart), (8 bytes).
    Removing recorder.o(.ARM.exidx.text.RecorderCallback), (8 bytes).
    Removing recorder.o(.ARM.exidx.text.RecorderFinished), (8 bytes).
    Removing recorder.o(.ARM.exidx.text.RecorderGetBuffer), (8 bytes).
    Removing recorder.o(.ARM.exidx.text.RecorderGetSize), (8 bytes).
    Removing system_mkl25z4.o(.text), (0 bytes).
    Removing system_mkl25z4.o(.ARM.exidx.text.SystemInit), (8 bytes).
    Removing system_mkl25z4.o(.text.SystemCoreClockUpdate), (268 bytes).
    Removing system_mkl25z4.o(.ARM.exidx.text.SystemCoreClockUpdate), (8 bytes).
    Removing system_mkl25z4.o(.data.SystemCoreClock), (4 bytes).

66 unused section(s) (total 948 bytes) removed from the image.

==============================================================================

Image Symbol Table

    Local Symbols

    Symbol Name                              Value     Ov Type        Size  Object(Section)

    ../clib/angel/boardlib.s                 0x00000000   Number         0  boardinit1.o ABSOLUTE
    ../clib/angel/boardlib.s                 0x00000000   Number         0  boardinit2.o ABSOLUTE
    ../clib/angel/boardlib.s                 0x00000000   Number         0  boardinit3.o ABSOLUTE
    ../clib/angel/boardlib.s                 0x00000000   Number         0  boardshut.o ABSOLUTE
    ../clib/angel/handlers.s                 0x00000000   Number         0  __scatter_zi.o ABSOLUTE
    ../clib/angel/kernel.s                   0x00000000   Number         0  __rtentry.o ABSOLUTE
    ../clib/angel/kernel.s                   0x00000000   Number         0  __rtentry2.o ABSOLUTE
    ../clib/angel/kernel.s                   0x00000000   Number         0  __rtentry4.o ABSOLUTE
    ../clib/angel/kernel.s                   0x00000000   Number         0  rtexit.o ABSOLUTE
    ../clib/angel/kernel.s                   0x00000000   Number         0  rtexit2.o ABSOLUTE
    ../clib/angel/rt.s                       0x00000000   Number         0  aeabi_idiv0.o ABSOLUTE
    ../clib/angel/rt.s                       0x00000000   Number         0  aeabi_idiv0_sigfpe.o ABSOLUTE
    ../clib/angel/rt.s                       0x00000000   Number         0  rt_div0.o ABSOLUTE
    ../clib/angel/rt.s                       0x00000000   Number         0  rt_raise.o ABSOLUTE
    ../clib/angel/scatterp.s                 0x00000000   Number         0  __scatter.o ABSOLUTE
    ../clib/angel/startup.s                  0x00000000   Number         0  __main.o ABSOLUTE
    ../clib/angel/sys.s                      0x00000000   Number         0  sys_stackheap_outer.o ABSOLUTE
    ../clib/angel/sys.s                      0x00000000   Number         0  libspace.o ABSOLUTE
    ../clib/angel/sys.s                      0x00000000   Number         0  tempstk.o ABSOLUTE
    ../clib/angel/sys.s                      0x00000000   Number         0  use_no_semi.o ABSOLUTE
    ../clib/angel/sys.s                      0x00000000   Number         0  indicate_semi.o ABSOLUTE
    ../clib/angel/sysapp.c                   0x00000000   Number         0  sys_exit.o ABSOLUTE
    ../clib/angel/sysapp.c                   0x00000000   Number         0  sys_exit_hlt.o ABSOLUTE
    ../clib/angel/sysapp.c                   0x00000000   Number         0  sys_wrch.o ABSOLUTE
    ../clib/angel/sysapp.c                   0x00000000   Number         0  sys_wrch_hlt.o ABSOLUTE
    ../clib/angel/sysapp.c                   0x00000000   Number         0  sys_command.o ABSOLUTE
    ../clib/angel/sysapp.c                   0x00000000   Number         0  sys_command_hlt.o ABSOLUTE
    ../clib/armsys.c                         0x00000000   Number         0  argv_veneer.o ABSOLUTE
    ../clib/armsys.c                         0x00000000   Number         0  _get_argv_nomalloc.o ABSOLUTE
    ../clib/armsys.c                         0x00000000   Number         0  no_argv.o ABSOLUTE
    ../clib/division.s                       0x00000000   Number         0  aeabi_sdivfast.o ABSOLUTE
    ../clib/division.s                       0x00000000   Number         0  aeabi_sdivfast_div0.o ABSOLUTE
    ../clib/heapalloc.c                      0x00000000   Number         0  hrguard.o ABSOLUTE
    ../clib/heapaux.c                        0x00000000   Number         0  heapauxi.o ABSOLUTE
    ../clib/libinit.s                        0x00000000   Number         0  libinit.o ABSOLUTE
    ../clib/libinit.s                        0x00000000   Number         0  libinit2.o ABSOLUTE
    ../clib/libinit.s                        0x00000000   Number         0  libshutdown.o ABSOLUTE
    ../clib/libinit.s                        0x00000000   Number         0  libshutdown2.o ABSOLUTE
    ../clib/signal.c                         0x00000000   Number         0  defsig_fpe_outer.o ABSOLUTE
    ../clib/signal.c                         0x00000000   Number         0  defsig_fpe_formal.o ABSOLUTE
    ../clib/signal.c                         0x00000000   Number         0  defsig_exit.o ABSOLUTE
    ../clib/signal.c                         0x00000000   Number         0  defsig_fpe_inner.o ABSOLUTE
    ../clib/signal.c                         0x00000000   Number         0  __raise.o ABSOLUTE
    ../clib/signal.c                         0x00000000   Number         0  defsig_general.o ABSOLUTE
    ../clib/signal.c                         0x00000000   Number         0  defsig_abrt_inner.o ABSOLUTE
    ../clib/signal.c                         0x00000000   Number         0  defsig_rtred_inner.o ABSOLUTE
    ../clib/signal.c                         0x00000000   Number         0  defsig_rtmem_inner.o ABSOLUTE
    ../clib/signal.c                         0x00000000   Number         0  defsig_rtmem_outer.o ABSOLUTE
    ../clib/signal.c                         0x00000000   Number         0  defsig_rtmem_formal.o ABSOLUTE
    ../clib/signal.c                         0x00000000   Number         0  defsig_stak_inner.o ABSOLUTE
    ../clib/signal.c                         0x00000000   Number         0  defsig_pvfn_inner.o ABSOLUTE
    ../clib/signal.c                         0x00000000   Number         0  defsig_cppl_inner.o ABSOLUTE
    ../clib/signal.c                         0x00000000   Number         0  defsig_segv_inner.o ABSOLUTE
    ../clib/signal.c                         0x00000000   Number         0  defsig_other.o ABSOLUTE
    ../clib/signal.s                         0x00000000   Number         0  defsig.o ABSOLUTE
    ../clib/stdlib.c                         0x00000000   Number         0  exit.o ABSOLUTE
    ../fplib/cfplib/fpinit.c                 0x00000000   Number         0  fpinit.o ABSOLUTE
    LED.c                                    0x00000000   Number         0  led.o ABSOLUTE
    PeriodicTimer.c                          0x00000000   Number         0  periodictimer.o ABSOLUTE
    RTE/Device/MKL25Z128xxx4/startup_MKL25Z4.s 0x00000000   Number         0  startup_mkl25z4.o ABSOLUTE
    Recorder.c                               0x00000000   Number         0  recorder.o ABSOLUTE
    UARTCom.c                                0x00000000   Number         0  uartcom.o ABSOLUTE
    dc.s                                     0x00000000   Number         0  dc.o ABSOLUTE
    i2c.c                                    0x00000000   Number         0  i2c.o ABSOLUTE
    main.c                                   0x00000000   Number         0  main.o ABSOLUTE
    mma8451.c                                0x00000000   Number         0  mma8451.o ABSOLUTE
    system_MKL25Z4.c                         0x00000000   Number         0  system_mkl25z4.o ABSOLUTE
    RESET                                    0x00000000   Section      192  startup_mkl25z4.o(RESET)
    !!!main                                  0x000000c0   Section        8  __main.o(!!!main)
    !!!scatter                               0x000000c8   Section       60  __scatter.o(!!!scatter)
    !!handler_zi                             0x00000104   Section       28  __scatter_zi.o(!!handler_zi)
    .ARM.Collect$$libinit$$00000000          0x00000120   Section        2  libinit.o(.ARM.Collect$$libinit$$00000000)
    .ARM.Collect$$libinit$$00000002          0x00000122   Section        0  libinit2.o(.ARM.Collect$$libinit$$00000002)
    .ARM.Collect$$libinit$$00000004          0x00000122   Section        0  libinit2.o(.ARM.Collect$$libinit$$00000004)
    .ARM.Collect$$libinit$$00000006          0x00000122   Section        0  libinit2.o(.ARM.Collect$$libinit$$00000006)
    .ARM.Collect$$libinit$$0000000C          0x00000122   Section        0  libinit2.o(.ARM.Collect$$libinit$$0000000C)
    .ARM.Collect$$libinit$$0000000E          0x00000122   Section        0  libinit2.o(.ARM.Collect$$libinit$$0000000E)
    .ARM.Collect$$libinit$$00000010          0x00000122   Section        0  libinit2.o(.ARM.Collect$$libinit$$00000010)
    .ARM.Collect$$libinit$$00000013          0x00000122   Section        0  libinit2.o(.ARM.Collect$$libinit$$00000013)
    .ARM.Collect$$libinit$$00000015          0x00000122   Section        0  libinit2.o(.ARM.Collect$$libinit$$00000015)
    .ARM.Collect$$libinit$$00000017          0x00000122   Section        0  libinit2.o(.ARM.Collect$$libinit$$00000017)
    .ARM.Collect$$libinit$$00000019          0x00000122   Section        0  libinit2.o(.ARM.Collect$$libinit$$00000019)
    .ARM.Collect$$libinit$$0000001B          0x00000122   Section        0  libinit2.o(.ARM.Collect$$libinit$$0000001B)
    .ARM.Collect$$libinit$$0000001D          0x00000122   Section        0  libinit2.o(.ARM.Collect$$libinit$$0000001D)
    .ARM.Collect$$libinit$$0000001F          0x00000122   Section        0  libinit2.o(.ARM.Collect$$libinit$$0000001F)
    .ARM.Collect$$libinit$$00000021          0x00000122   Section        0  libinit2.o(.ARM.Collect$$libinit$$00000021)
    .ARM.Collect$$libinit$$00000023          0x00000122   Section        0  libinit2.o(.ARM.Collect$$libinit$$00000023)
    .ARM.Collect$$libinit$$00000025          0x00000122   Section        0  libinit2.o(.ARM.Collect$$libinit$$00000025)
    .ARM.Collect$$libinit$$00000027          0x00000122   Section        0  libinit2.o(.ARM.Collect$$libinit$$00000027)
    .ARM.Collect$$libinit$$0000002E          0x00000122   Section        0  libinit2.o(.ARM.Collect$$libinit$$0000002E)
    .ARM.Collect$$libinit$$00000030          0x00000122   Section        0  libinit2.o(.ARM.Collect$$libinit$$00000030)
    .ARM.Collect$$libinit$$00000032          0x00000122   Section        0  libinit2.o(.ARM.Collect$$libinit$$00000032)
    .ARM.Collect$$libinit$$00000034          0x00000122   Section        0  libinit2.o(.ARM.Collect$$libinit$$00000034)
    .ARM.Collect$$libinit$$00000035          0x00000122   Section        2  libinit2.o(.ARM.Collect$$libinit$$00000035)
    .ARM.Collect$$libshutdown$$00000000      0x00000124   Section        2  libshutdown.o(.ARM.Collect$$libshutdown$$00000000)
    .ARM.Collect$$libshutdown$$00000002      0x00000126   Section        0  libshutdown2.o(.ARM.Collect$$libshutdown$$00000002)
    .ARM.Collect$$libshutdown$$00000004      0x00000126   Section        0  libshutdown2.o(.ARM.Collect$$libshutdown$$00000004)
    .ARM.Collect$$libshutdown$$00000007      0x00000126   Section        0  libshutdown2.o(.ARM.Collect$$libshutdown$$00000007)
    .ARM.Collect$$libshutdown$$0000000A      0x00000126   Section        0  libshutdown2.o(.ARM.Collect$$libshutdown$$0000000A)
    .ARM.Collect$$libshutdown$$0000000C      0x00000126   Section        0  libshutdown2.o(.ARM.Collect$$libshutdown$$0000000C)
    .ARM.Collect$$libshutdown$$0000000F      0x00000126   Section        0  libshutdown2.o(.ARM.Collect$$libshutdown$$0000000F)
    .ARM.Collect$$libshutdown$$00000010      0x00000126   Section        2  libshutdown2.o(.ARM.Collect$$libshutdown$$00000010)
    .ARM.Collect$$rtentry$$00000000          0x00000128   Section        0  __rtentry.o(.ARM.Collect$$rtentry$$00000000)
    .ARM.Collect$$rtentry$$00000002          0x00000128   Section        0  __rtentry2.o(.ARM.Collect$$rtentry$$00000002)
    .ARM.Collect$$rtentry$$00000004          0x00000128   Section        6  __rtentry4.o(.ARM.Collect$$rtentry$$00000004)
    .ARM.Collect$$rtentry$$00000009          0x0000012e   Section        0  __rtentry2.o(.ARM.Collect$$rtentry$$00000009)
    .ARM.Collect$$rtentry$$0000000A          0x0000012e   Section        4  __rtentry2.o(.ARM.Collect$$rtentry$$0000000A)
    .ARM.Collect$$rtentry$$0000000C          0x00000132   Section        0  __rtentry2.o(.ARM.Collect$$rtentry$$0000000C)
    .ARM.Collect$$rtentry$$0000000D          0x00000132   Section        8  __rtentry2.o(.ARM.Collect$$rtentry$$0000000D)
    .ARM.Collect$$rtexit$$00000000           0x0000013a   Section        2  rtexit.o(.ARM.Collect$$rtexit$$00000000)
    .ARM.Collect$$rtexit$$00000002           0x0000013c   Section        0  rtexit2.o(.ARM.Collect$$rtexit$$00000002)
    .ARM.Collect$$rtexit$$00000003           0x0000013c   Section        4  rtexit2.o(.ARM.Collect$$rtexit$$00000003)
    .ARM.Collect$$rtexit$$00000004           0x00000140   Section        6  rtexit2.o(.ARM.Collect$$rtexit$$00000004)
    .text                                    0x00000148   Section       64  startup_mkl25z4.o(.text)
    .text                                    0x00000188   Section        0  heapauxi.o(.text)
    .text                                    0x0000018e   Section       62  sys_stackheap_outer.o(.text)
    .text                                    0x000001cc   Section        0  exit.o(.text)
    .text                                    0x000001dc   Section        8  libspace.o(.text)
    .text                                    0x000001e4   Section        0  sys_exit.o(.text)
    .text                                    0x000001f0   Section        2  use_no_semi.o(.text)
    .text                                    0x000001f2   Section        0  indicate_semi.o(.text)
    [Anonymous Symbol]                       0x000001f4   Section        0  uartcom.o(.text.Com_GetByte)
    [Anonymous Symbol]                       0x00000200   Section        0  uartcom.o(.text.Com_HasByte)
    [Anonymous Symbol]                       0x00000208   Section        0  uartcom.o(.text.Com_Init)
    __arm_cp.0_0                             0x00000290   Number         4  uartcom.o(.text.Com_Init)
    __arm_cp.0_1                             0x00000294   Number         4  uartcom.o(.text.Com_Init)
    __arm_cp.0_2                             0x00000298   Number         4  uartcom.o(.text.Com_Init)
    __arm_cp.0_5                             0x0000029c   Number         4  uartcom.o(.text.Com_Init)
    __arm_cp.0_8                             0x000002a0   Number         4  uartcom.o(.text.Com_Init)
    [Anonymous Symbol]                       0x000002a4   Section        0  uartcom.o(.text.Com_WriteByteArray)
    __arm_cp.6_5                             0x000002d4   Number         4  uartcom.o(.text.Com_WriteByteArray)
    [Anonymous Symbol]                       0x000002d8   Section        0  periodictimer.o(.text.PIT_IRQHandler)
    __arm_cp.1_1                             0x000002f0   Number         4  periodictimer.o(.text.PIT_IRQHandler)
    __arm_cp.1_2                             0x000002f4   Number         4  periodictimer.o(.text.PIT_IRQHandler)
    [Anonymous Symbol]                       0x000002f8   Section        0  recorder.o(.text.RecorderCallback)
    __arm_cp.2_2                             0x00000364   Number         4  recorder.o(.text.RecorderCallback)
    __arm_cp.2_6                             0x00000368   Number         4  recorder.o(.text.RecorderCallback)
    __arm_cp.2_8                             0x0000036c   Number         4  recorder.o(.text.RecorderCallback)
    [Anonymous Symbol]                       0x00000370   Section        0  recorder.o(.text.RecorderFinished)
    [Anonymous Symbol]                       0x0000037c   Section        0  recorder.o(.text.RecorderGetBuffer)
    __arm_cp.4_0                             0x00000380   Number         4  recorder.o(.text.RecorderGetBuffer)
    [Anonymous Symbol]                       0x00000384   Section        0  recorder.o(.text.RecorderGetSize)
    [Anonymous Symbol]                       0x0000038c   Section        0  recorder.o(.text.RecorderStart)
    [Anonymous Symbol]                       0x0000039c   Section        0  system_mkl25z4.o(.text.SystemInit)
    __arm_cp.0_0                             0x000003a4   Number         4  system_mkl25z4.o(.text.SystemInit)
    [Anonymous Symbol]                       0x000003a8   Section        0  recorder.o(.text.RecorderInit)
    __arm_cp.0_0                             0x000003c0   Number         4  recorder.o(.text.RecorderInit)
    __arm_cp.0_1                             0x000003c4   Number         4  recorder.o(.text.RecorderInit)
    __arm_cp.0_2                             0x000003c8   Number         4  recorder.o(.text.RecorderInit)
    __arm_cp.0_3                             0x000003cc   Number         4  recorder.o(.text.RecorderInit)
    __arm_cp.0_4                             0x000003d0   Number         4  recorder.o(.text.RecorderInit)
    [Anonymous Symbol]                       0x000003d4   Section        0  periodictimer.o(.text.config_sys_clock)
    __arm_cp.2_0                             0x000003f4   Number         4  periodictimer.o(.text.config_sys_clock)
    [Anonymous Symbol]                       0x000003f8   Section        0  main.o(.text.tx_call)
    .ARM.__at_0x400                          0x00000400   Section       16  startup_mkl25z4.o(.ARM.__at_0x400)
    [Anonymous Symbol]                       0x00000410   Section        0  uartcom.o(.text.UART0_IRQHandler)
    __arm_cp.7_0                             0x0000049c   Number         4  uartcom.o(.text.UART0_IRQHandler)
    __arm_cp.7_1                             0x000004a0   Number         4  uartcom.o(.text.UART0_IRQHandler)
    __arm_cp.7_2                             0x000004a4   Number         4  uartcom.o(.text.UART0_IRQHandler)
    __arm_cp.7_3                             0x000004a8   Number         4  uartcom.o(.text.UART0_IRQHandler)
    __arm_cp.7_4                             0x000004ac   Number         4  uartcom.o(.text.UART0_IRQHandler)
    __arm_cp.7_5                             0x000004b0   Number         4  uartcom.o(.text.UART0_IRQHandler)
    __arm_cp.7_6                             0x000004b4   Number         4  uartcom.o(.text.UART0_IRQHandler)
    __arm_cp.7_7                             0x000004b8   Number         4  uartcom.o(.text.UART0_IRQHandler)
    __arm_cp.7_8                             0x000004bc   Number         4  uartcom.o(.text.UART0_IRQHandler)
    __arm_cp.7_9                             0x000004c0   Number         4  uartcom.o(.text.UART0_IRQHandler)
    __arm_cp.7_10                            0x000004c4   Number         4  uartcom.o(.text.UART0_IRQHandler)
    __arm_cp.7_11                            0x000004c8   Number         4  uartcom.o(.text.UART0_IRQHandler)
    __arm_cp.7_12                            0x000004cc   Number         4  uartcom.o(.text.UART0_IRQHandler)
    [Anonymous Symbol]                       0x000004d0   Section        0  i2c.o(.text.i2c_init)
    __arm_cp.0_0                             0x00000508   Number         4  i2c.o(.text.i2c_init)
    __arm_cp.0_1                             0x0000050c   Number         4  i2c.o(.text.i2c_init)
    [Anonymous Symbol]                       0x00000510   Section        0  i2c.o(.text.i2c_read_byte)
    [Anonymous Symbol]                       0x00000588   Section        0  i2c.o(.text.i2c_read_setup)
    [Anonymous Symbol]                       0x000005d0   Section        0  i2c.o(.text.i2c_repeated_read)
    [Anonymous Symbol]                       0x00000608   Section        0  i2c.o(.text.i2c_start)
    __arm_cp.1_0                             0x0000061c   Number         4  i2c.o(.text.i2c_start)
    [Anonymous Symbol]                       0x00000620   Section        0  i2c.o(.text.i2c_write_byte)
    __arm_cp.5_0                             0x0000066c   Number         4  i2c.o(.text.i2c_write_byte)
    [Anonymous Symbol]                       0x00000670   Section        0  led.o(.text.init_RGB)
    __arm_cp.0_0                             0x000006cc   Number         4  led.o(.text.init_RGB)
    __arm_cp.0_1                             0x000006d0   Number         4  led.o(.text.init_RGB)
    __arm_cp.0_2                             0x000006d4   Number         4  led.o(.text.init_RGB)
    __arm_cp.0_3                             0x000006d8   Number         4  led.o(.text.init_RGB)
    __arm_cp.0_4                             0x000006dc   Number         4  led.o(.text.init_RGB)
    __arm_cp.0_5                             0x000006e0   Number         4  led.o(.text.init_RGB)
    [Anonymous Symbol]                       0x000006e4   Section        0  mma8451.o(.text.init_mma)
    __arm_cp.0_0                             0x0000071c   Number         4  mma8451.o(.text.init_mma)
    [Anonymous Symbol]                       0x00000720   Section        0  main.o(.text.main)
    __arm_cp.1_0                             0x000007d4   Number         4  main.o(.text.main)
    __arm_cp.1_2                             0x000007d8   Number         4  main.o(.text.main)
    [Anonymous Symbol]                       0x000007dc   Section        0  mma8451.o(.text.read_full_xyz)
    __arm_cp.2_0                             0x00000858   Number         4  mma8451.o(.text.read_full_xyz)
    __arm_cp.2_1                             0x0000085c   Number         4  mma8451.o(.text.read_full_xyz)
    __arm_cp.2_2                             0x00000860   Number         4  mma8451.o(.text.read_full_xyz)
    [Anonymous Symbol]                       0x00000864   Section        0  led.o(.text.set_b)
    __arm_cp.7_0                             0x00000878   Number         4  led.o(.text.set_b)
    [Anonymous Symbol]                       0x0000087c   Section        0  led.o(.text.set_g)
    [Anonymous Symbol]                       0x00000890   Section        0  led.o(.text.set_r)
    __arm_cp.5_0                             0x000008a4   Number         4  led.o(.text.set_r)
    [Anonymous Symbol]                       0x000008a8   Section        0  periodictimer.o(.text.timer0_init)
    __arm_cp.0_0                             0x000008dc   Number         4  periodictimer.o(.text.timer0_init)
    __arm_cp.0_1                             0x000008e0   Number         4  periodictimer.o(.text.timer0_init)
    __arm_cp.0_2                             0x000008e4   Number         4  periodictimer.o(.text.timer0_init)
    __arm_cp.0_3                             0x000008e8   Number         4  periodictimer.o(.text.timer0_init)
    __arm_cp.0_4                             0x000008ec   Number         4  periodictimer.o(.text.timer0_init)
    [Anonymous Symbol]                       0x000008f0   Section        0  led.o(.text.toggle)
    __arm_cp.1_0                             0x00000904   Number         4  led.o(.text.toggle)
    __arm_cp.1_1                             0x00000908   Number         4  led.o(.text.toggle)
    .text_divfast                            0x0000090c   Section      502  aeabi_sdivfast.o(.text_divfast)
    .bss                                     0x1ffff000   Section       96  libspace.o(.bss)
    has_byte                                 0x1ffff066   Data           1  uartcom.o(.bss.has_byte)
    [Anonymous Symbol]                       0x1ffff066   Section        0  uartcom.o(.bss.has_byte)
    last_byte                                0x1ffff067   Data           1  uartcom.o(.bss.last_byte)
    [Anonymous Symbol]                       0x1ffff067   Section        0  uartcom.o(.bss.last_byte)
    recorder_buffer                          0x1ffff068   Data        2400  recorder.o(.bss.recorder_buffer)
    [Anonymous Symbol]                       0x1ffff068   Section        0  recorder.o(.bss.recorder_buffer)
    recorder_index                           0x1ffff9c8   Data           4  recorder.o(.bss.recorder_index)
    [Anonymous Symbol]                       0x1ffff9c8   Section        0  recorder.o(.bss.recorder_index)
    recording                                0x1ffff9cc   Data           1  recorder.o(.bss.recording)
    [Anonymous Symbol]                       0x1ffff9cc   Section        0  recorder.o(.bss.recording)
    rx_buff                                  0x1ffff9d0   Data           4  uartcom.o(.bss.rx_buff)
    [Anonymous Symbol]                       0x1ffff9d0   Section        0  uartcom.o(.bss.rx_buff)
    rx_call                                  0x1ffff9d4   Data           4  uartcom.o(.bss.rx_call)
    [Anonymous Symbol]                       0x1ffff9d4   Section        0  uartcom.o(.bss.rx_call)
    rx_count                                 0x1ffff9d8   Data           4  uartcom.o(.bss.rx_count)
    [Anonymous Symbol]                       0x1ffff9d8   Section        0  uartcom.o(.bss.rx_count)
    rx_ind                                   0x1ffff9dc   Data           4  uartcom.o(.bss.rx_ind)
    [Anonymous Symbol]                       0x1ffff9dc   Section        0  uartcom.o(.bss.rx_ind)
    tx_active                                0x1ffff9e1   Data           1  uartcom.o(.bss.tx_active)
    [Anonymous Symbol]                       0x1ffff9e1   Section        0  uartcom.o(.bss.tx_active)
    tx_buff                                  0x1ffff9e4   Data           4  uartcom.o(.bss.tx_buff)
    [Anonymous Symbol]                       0x1ffff9e4   Section        0  uartcom.o(.bss.tx_buff)
    tx_call                                  0x1ffff9e8   Data           4  uartcom.o(.bss.tx_call)
    [Anonymous Symbol]                       0x1ffff9e8   Section        0  uartcom.o(.bss.tx_call)
    tx_count                                 0x1ffff9ec   Data           4  uartcom.o(.bss.tx_count)
    [Anonymous Symbol]                       0x1ffff9ec   Section        0  uartcom.o(.bss.tx_count)
    tx_ind                                   0x1ffff9f0   Data           4  uartcom.o(.bss.tx_ind)
    [Anonymous Symbol]                       0x1ffff9f0   Section        0  uartcom.o(.bss.tx_ind)
    use_x                                    0x1ffff9f4   Data           1  recorder.o(.bss.use_x)
    [Anonymous Symbol]                       0x1ffff9f4   Section        0  recorder.o(.bss.use_x)
    use_y                                    0x1ffff9f5   Data           1  recorder.o(.bss.use_y)
    [Anonymous Symbol]                       0x1ffff9f5   Section        0  recorder.o(.bss.use_y)
    use_z                                    0x1ffff9f6   Data           1  recorder.o(.bss.use_z)
    [Anonymous Symbol]                       0x1ffff9f6   Section        0  recorder.o(.bss.use_z)
    Heap_Mem                                 0x1ffff9f8   Data           0  startup_mkl25z4.o(HEAP)
    Stack_Mem                                0x1ffff9f8   Data         256  startup_mkl25z4.o(STACK)
    HEAP                                     0x1ffff9f8   Section        0  startup_mkl25z4.o(HEAP)
    STACK                                    0x1ffff9f8   Section      256  startup_mkl25z4.o(STACK)
    __initial_sp                             0x1ffffaf8   Data           0  startup_mkl25z4.o(STACK)

    Global Symbols

    Symbol Name                              Value     Ov Type        Size  Object(Section)

    BuildAttributes$$THM_ISAv3M$S$PE$A:L22$X:L11$S22$IEEE1$IW$~IW$USESV6$~STKCKD$USESV7$~SHL$OTIME$ROPI$EBA8$UX$STANDARDLIB$REQ8$PRES8$EABIv2 0x00000000   Number         0  anon$$obj.o ABSOLUTE
    __Vectors                                0x00000000   Data           4  startup_mkl25z4.o(RESET)
    __ARM_exceptions_init                     - Undefined Weak Reference
    __alloca_initialize                       - Undefined Weak Reference
    __arm_preinit_                            - Undefined Weak Reference
    __arm_relocate_pie_                       - Undefined Weak Reference
    __cpp_initialize__aeabi_                  - Undefined Weak Reference
    __cxa_finalize                            - Undefined Weak Reference
    __rt_locale                               - Undefined Weak Reference
    __sigvec_lookup                           - Undefined Weak Reference
    _atexit_init                              - Undefined Weak Reference
    _call_atexit_fns                          - Undefined Weak Reference
    _clock_init                               - Undefined Weak Reference
    _fp_trap_init                             - Undefined Weak Reference
    _fp_trap_shutdown                         - Undefined Weak Reference
    _get_lc_collate                           - Undefined Weak Reference
    _get_lc_ctype                             - Undefined Weak Reference
    _get_lc_monetary                          - Undefined Weak Reference
    _get_lc_numeric                           - Undefined Weak Reference
    _get_lc_time                              - Undefined Weak Reference
    _getenv_init                              - Undefined Weak Reference
    _handle_redirection                       - Undefined Weak Reference
    _init_alloc                               - Undefined Weak Reference
    _init_user_alloc                          - Undefined Weak Reference
    _initio                                   - Undefined Weak Reference
    _rand_init                                - Undefined Weak Reference
    _signal_finish                            - Undefined Weak Reference
    _signal_init                              - Undefined Weak Reference
    _terminate_alloc                          - Undefined Weak Reference
    _terminate_user_alloc                     - Undefined Weak Reference
    _terminateio                              - Undefined Weak Reference
    __Vectors_End                            0x000000c0   Data           0  startup_mkl25z4.o(RESET)
    __Vectors_Size                           0x000000c0   Number         0  startup_mkl25z4.o ABSOLUTE
    __main                                   0x000000c1   Thumb Code     8  __main.o(!!!main)
    __scatterload                            0x000000c9   Thumb Code     0  __scatter.o(!!!scatter)
    __scatterload_rt2                        0x000000c9   Thumb Code    52  __scatter.o(!!!scatter)
    __scatterload_rt2_thumb_only             0x000000c9   Thumb Code     0  __scatter.o(!!!scatter)
    __scatterload_null                       0x000000d9   Thumb Code     0  __scatter.o(!!!scatter)
    __scatterload_zeroinit                   0x00000105   Thumb Code    28  __scatter_zi.o(!!handler_zi)
    __rt_lib_init                            0x00000121   Thumb Code     0  libinit.o(.ARM.Collect$$libinit$$00000000)
    __rt_lib_init_alloca_1                   0x00000123   Thumb Code     0  libinit2.o(.ARM.Collect$$libinit$$00000030)
    __rt_lib_init_argv_1                     0x00000123   Thumb Code     0  libinit2.o(.ARM.Collect$$libinit$$0000002E)
    __rt_lib_init_atexit_1                   0x00000123   Thumb Code     0  libinit2.o(.ARM.Collect$$libinit$$0000001D)
    __rt_lib_init_clock_1                    0x00000123   Thumb Code     0  libinit2.o(.ARM.Collect$$libinit$$00000023)
    __rt_lib_init_cpp_1                      0x00000123   Thumb Code     0  libinit2.o(.ARM.Collect$$libinit$$00000034)
    __rt_lib_init_exceptions_1               0x00000123   Thumb Code     0  libinit2.o(.ARM.Collect$$libinit$$00000032)
    __rt_lib_init_fp_1                       0x00000123   Thumb Code     0  libinit2.o(.ARM.Collect$$libinit$$00000002)
    __rt_lib_init_fp_trap_1                  0x00000123   Thumb Code     0  libinit2.o(.ARM.Collect$$libinit$$00000021)
    __rt_lib_init_getenv_1                   0x00000123   Thumb Code     0  libinit2.o(.ARM.Collect$$libinit$$00000025)
    __rt_lib_init_heap_1                     0x00000123   Thumb Code     0  libinit2.o(.ARM.Collect$$libinit$$0000000C)
    __rt_lib_init_lc_collate_1               0x00000123   Thumb Code     0  libinit2.o(.ARM.Collect$$libinit$$00000013)
    __rt_lib_init_lc_ctype_1                 0x00000123   Thumb Code     0  libinit2.o(.ARM.Collect$$libinit$$00000015)
    __rt_lib_init_lc_monetary_1              0x00000123   Thumb Code     0  libinit2.o(.ARM.Collect$$libinit$$00000017)
    __rt_lib_init_lc_numeric_1               0x00000123   Thumb Code     0  libinit2.o(.ARM.Collect$$libinit$$00000019)
    __rt_lib_init_lc_time_1                  0x00000123   Thumb Code     0  libinit2.o(.ARM.Collect$$libinit$$0000001B)
    __rt_lib_init_preinit_1                  0x00000123   Thumb Code     0  libinit2.o(.ARM.Collect$$libinit$$00000006)
    __rt_lib_init_rand_1                     0x00000123   Thumb Code     0  libinit2.o(.ARM.Collect$$libinit$$00000010)
    __rt_lib_init_relocate_pie_1             0x00000123   Thumb Code     0  libinit2.o(.ARM.Collect$$libinit$$00000004)
    __rt_lib_init_return                     0x00000123   Thumb Code     0  libinit2.o(.ARM.Collect$$libinit$$00000035)
    __rt_lib_init_signal_1                   0x00000123   Thumb Code     0  libinit2.o(.ARM.Collect$$libinit$$0000001F)
    __rt_lib_init_stdio_1                    0x00000123   Thumb Code     0  libinit2.o(.ARM.Collect$$libinit$$00000027)
    __rt_lib_init_user_alloc_1               0x00000123   Thumb Code     0  libinit2.o(.ARM.Collect$$libinit$$0000000E)
    __rt_lib_shutdown                        0x00000125   Thumb Code     0  libshutdown.o(.ARM.Collect$$libshutdown$$00000000)
    __rt_lib_shutdown_cpp_1                  0x00000127   Thumb Code     0  libshutdown2.o(.ARM.Collect$$libshutdown$$00000002)
    __rt_lib_shutdown_fp_trap_1              0x00000127   Thumb Code     0  libshutdown2.o(.ARM.Collect$$libshutdown$$00000007)
    __rt_lib_shutdown_heap_1                 0x00000127   Thumb Code     0  libshutdown2.o(.ARM.Collect$$libshutdown$$0000000F)
    __rt_lib_shutdown_return                 0x00000127   Thumb Code     0  libshutdown2.o(.ARM.Collect$$libshutdown$$00000010)
    __rt_lib_shutdown_signal_1               0x00000127   Thumb Code     0  libshutdown2.o(.ARM.Collect$$libshutdown$$0000000A)
    __rt_lib_shutdown_stdio_1                0x00000127   Thumb Code     0  libshutdown2.o(.ARM.Collect$$libshutdown$$00000004)
    __rt_lib_shutdown_user_alloc_1           0x00000127   Thumb Code     0  libshutdown2.o(.ARM.Collect$$libshutdown$$0000000C)
    __rt_entry                               0x00000129   Thumb Code     0  __rtentry.o(.ARM.Collect$$rtentry$$00000000)
    __rt_entry_presh_1                       0x00000129   Thumb Code     0  __rtentry2.o(.ARM.Collect$$rtentry$$00000002)
    __rt_entry_sh                            0x00000129   Thumb Code     0  __rtentry4.o(.ARM.Collect$$rtentry$$00000004)
    __rt_entry_li                            0x0000012f   Thumb Code     0  __rtentry2.o(.ARM.Collect$$rtentry$$0000000A)
    __rt_entry_postsh_1                      0x0000012f   Thumb Code     0  __rtentry2.o(.ARM.Collect$$rtentry$$00000009)
    __rt_entry_main                          0x00000133   Thumb Code     0  __rtentry2.o(.ARM.Collect$$rtentry$$0000000D)
    __rt_entry_postli_1                      0x00000133   Thumb Code     0  __rtentry2.o(.ARM.Collect$$rtentry$$0000000C)
    __rt_exit                                0x0000013b   Thumb Code     0  rtexit.o(.ARM.Collect$$rtexit$$00000000)
    __rt_exit_ls                             0x0000013d   Thumb Code     0  rtexit2.o(.ARM.Collect$$rtexit$$00000003)
    __rt_exit_prels_1                        0x0000013d   Thumb Code     0  rtexit2.o(.ARM.Collect$$rtexit$$00000002)
    __rt_exit_exit                           0x00000141   Thumb Code     0  rtexit2.o(.ARM.Collect$$rtexit$$00000004)
    Reset_Handler                            0x00000149   Thumb Code    12  startup_mkl25z4.o(.text)
    NMI_Handler                              0x00000155   Thumb Code     2  startup_mkl25z4.o(.text)
    HardFault_Handler                        0x00000157   Thumb Code     2  startup_mkl25z4.o(.text)
    SVC_Handler                              0x00000159   Thumb Code     2  startup_mkl25z4.o(.text)
    PendSV_Handler                           0x0000015b   Thumb Code     2  startup_mkl25z4.o(.text)
    SysTick_Handler                          0x0000015d   Thumb Code     2  startup_mkl25z4.o(.text)
    ADC0_IRQHandler                          0x0000015f   Thumb Code     0  startup_mkl25z4.o(.text)
    CMP0_IRQHandler                          0x0000015f   Thumb Code     0  startup_mkl25z4.o(.text)
    DAC0_IRQHandler                          0x0000015f   Thumb Code     0  startup_mkl25z4.o(.text)
    DMA0_IRQHandler                          0x0000015f   Thumb Code     0  startup_mkl25z4.o(.text)
    DMA1_IRQHandler                          0x0000015f   Thumb Code     0  startup_mkl25z4.o(.text)
    DMA2_IRQHandler                          0x0000015f   Thumb Code     0  startup_mkl25z4.o(.text)
    DMA3_IRQHandler                          0x0000015f   Thumb Code     0  startup_mkl25z4.o(.text)
    DefaultISR                               0x0000015f   Thumb Code     0  startup_mkl25z4.o(.text)
    FTFA_IRQHandler                          0x0000015f   Thumb Code     0  startup_mkl25z4.o(.text)
    I2C0_IRQHandler                          0x0000015f   Thumb Code     0  startup_mkl25z4.o(.text)
    I2C1_IRQHandler                          0x0000015f   Thumb Code     0  startup_mkl25z4.o(.text)
    LLWU_IRQHandler                          0x0000015f   Thumb Code     0  startup_mkl25z4.o(.text)
    LPTMR0_IRQHandler                        0x0000015f   Thumb Code     0  startup_mkl25z4.o(.text)
    LVD_LVW_IRQHandler                       0x0000015f   Thumb Code     0  startup_mkl25z4.o(.text)
    MCG_IRQHandler                           0x0000015f   Thumb Code     0  startup_mkl25z4.o(.text)
    PORTA_IRQHandler                         0x0000015f   Thumb Code     0  startup_mkl25z4.o(.text)
    PORTD_IRQHandler                         0x0000015f   Thumb Code     0  startup_mkl25z4.o(.text)
    RTC_IRQHandler                           0x0000015f   Thumb Code     0  startup_mkl25z4.o(.text)
    RTC_Seconds_IRQHandler                   0x0000015f   Thumb Code     0  startup_mkl25z4.o(.text)
    Reserved20_IRQHandler                    0x0000015f   Thumb Code     0  startup_mkl25z4.o(.text)
    Reserved39_IRQHandler                    0x0000015f   Thumb Code     0  startup_mkl25z4.o(.text)
    Reserved45_IRQHandler                    0x0000015f   Thumb Code     0  startup_mkl25z4.o(.text)
    SPI0_IRQHandler                          0x0000015f   Thumb Code     0  startup_mkl25z4.o(.text)
    SPI1_IRQHandler                          0x0000015f   Thumb Code     0  startup_mkl25z4.o(.text)
    TPM0_IRQHandler                          0x0000015f   Thumb Code     0  startup_mkl25z4.o(.text)
    TPM1_IRQHandler                          0x0000015f   Thumb Code     0  startup_mkl25z4.o(.text)
    TPM2_IRQHandler                          0x0000015f   Thumb Code     0  startup_mkl25z4.o(.text)
    TSI0_IRQHandler                          0x0000015f   Thumb Code     0  startup_mkl25z4.o(.text)
    UART1_IRQHandler                         0x0000015f   Thumb Code     0  startup_mkl25z4.o(.text)
    UART2_IRQHandler                         0x0000015f   Thumb Code     0  startup_mkl25z4.o(.text)
    USB0_IRQHandler                          0x0000015f   Thumb Code     0  startup_mkl25z4.o(.text)
    __user_initial_stackheap                 0x00000165   Thumb Code     0  startup_mkl25z4.o(.text)
    __use_two_region_memory                  0x00000189   Thumb Code     2  heapauxi.o(.text)
    __rt_heap_escrow$2region                 0x0000018b   Thumb Code     2  heapauxi.o(.text)
    __rt_heap_expand$2region                 0x0000018d   Thumb Code     2  heapauxi.o(.text)
    __user_setup_stackheap                   0x0000018f   Thumb Code    62  sys_stackheap_outer.o(.text)
    exit                                     0x000001cd   Thumb Code    16  exit.o(.text)
    __user_libspace                          0x000001dd   Thumb Code     8  libspace.o(.text)
    __user_perproc_libspace                  0x000001dd   Thumb Code     0  libspace.o(.text)
    __user_perthread_libspace                0x000001dd   Thumb Code     0  libspace.o(.text)
    _sys_exit                                0x000001e5   Thumb Code     8  sys_exit.o(.text)
    __I$use$semihosting                      0x000001f1   Thumb Code     0  use_no_semi.o(.text)
    __use_no_semihosting_swi                 0x000001f1   Thumb Code     2  use_no_semi.o(.text)
    __semihosting_library_function           0x000001f3   Thumb Code     0  indicate_semi.o(.text)
    Com_GetByte                              0x000001f5   Thumb Code    12  uartcom.o(.text.Com_GetByte)
    Com_HasByte                              0x00000201   Thumb Code     8  uartcom.o(.text.Com_HasByte)
    Com_Init                                 0x00000209   Thumb Code   136  uartcom.o(.text.Com_Init)
    Com_WriteByteArray                       0x000002a5   Thumb Code    48  uartcom.o(.text.Com_WriteByteArray)
    PIT_IRQHandler                           0x000002d9   Thumb Code    24  periodictimer.o(.text.PIT_IRQHandler)
    RecorderCallback                         0x000002f9   Thumb Code   108  recorder.o(.text.RecorderCallback)
    RecorderFinished                         0x00000371   Thumb Code    12  recorder.o(.text.RecorderFinished)
    RecorderGetBuffer                        0x0000037d   Thumb Code     4  recorder.o(.text.RecorderGetBuffer)
    RecorderGetSize                          0x00000385   Thumb Code     6  recorder.o(.text.RecorderGetSize)
    RecorderStart                            0x0000038d   Thumb Code    16  recorder.o(.text.RecorderStart)
    SystemInit                               0x0000039d   Thumb Code     8  system_mkl25z4.o(.text.SystemInit)
    RecorderInit                             0x000003a9   Thumb Code    24  recorder.o(.text.RecorderInit)
    config_sys_clock                         0x000003d5   Thumb Code    32  periodictimer.o(.text.config_sys_clock)
    tx_call                                  0x000003f9   Thumb Code     2  main.o(.text.tx_call)
    UART0_IRQHandler                         0x00000411   Thumb Code   140  uartcom.o(.text.UART0_IRQHandler)
    i2c_init                                 0x000004d1   Thumb Code    56  i2c.o(.text.i2c_init)
    i2c_read_byte                            0x00000511   Thumb Code   120  i2c.o(.text.i2c_read_byte)
    i2c_read_setup                           0x00000589   Thumb Code    72  i2c.o(.text.i2c_read_setup)
    i2c_repeated_read                        0x000005d1   Thumb Code    56  i2c.o(.text.i2c_repeated_read)
    i2c_start                                0x00000609   Thumb Code    20  i2c.o(.text.i2c_start)
    i2c_write_byte                           0x00000621   Thumb Code    76  i2c.o(.text.i2c_write_byte)
    init_RGB                                 0x00000671   Thumb Code    92  led.o(.text.init_RGB)
    init_mma                                 0x000006e5   Thumb Code    56  mma8451.o(.text.init_mma)
    main                                     0x00000721   Thumb Code   180  main.o(.text.main)
    read_full_xyz                            0x000007dd   Thumb Code   124  mma8451.o(.text.read_full_xyz)
    set_b                                    0x00000865   Thumb Code    20  led.o(.text.set_b)
    set_g                                    0x0000087d   Thumb Code    20  led.o(.text.set_g)
    set_r                                    0x00000891   Thumb Code    20  led.o(.text.set_r)
    timer0_init                              0x000008a9   Thumb Code    52  periodictimer.o(.text.timer0_init)
    toggle                                   0x000008f1   Thumb Code    20  led.o(.text.toggle)
    __aeabi_uidiv                            0x0000090d   Thumb Code    68  aeabi_sdivfast.o(.text_divfast)
    __aeabi_idiv                             0x00000951   Thumb Code   434  aeabi_sdivfast.o(.text_divfast)
    Region$$Table$$Base                      0x00000b04   Number         0  anon$$obj.o(Region$$Table)
    Region$$Table$$Limit                     0x00000b14   Number         0  anon$$obj.o(Region$$Table)
    __libspace_start                         0x1ffff000   Data          96  libspace.o(.bss)
    __temporary_stack_top$libspace           0x1ffff060   Data           0  libspace.o(.bss)
    acc_X                                    0x1ffff060   Data           2  mma8451.o(.bss.acc_X)
    acc_Y                                    0x1ffff062   Data           2  mma8451.o(.bss.acc_Y)
    acc_Z                                    0x1ffff064   Data           2  mma8451.o(.bss.acc_Z)
    timerEvent                               0x1ffff9e0   Data           1  periodictimer.o(.bss.timerEvent)



==============================================================================

Memory Map of the image

  Image Entry point : 0x00000149

  Load Region LR_1 (Base: 0x00000000, Size: 0x00000b14, Max: 0xffffffff, ABSOLUTE)

    Execution Region ER_RO (Exec base: 0x00000000, Load base: 0x00000000, Size: 0x00000b14, Max: 0xffffffff, ABSOLUTE)

    Exec Addr    Load Addr    Size         Type   Attr      Idx    E Section Name        Object

    0x00000000   0x00000000   0x000000c0   Data   RO          163    RESET               startup_mkl25z4.o
    0x000000c0   0x000000c0   0x00000008   Code   RO          198  * !!!main             c_p.l(__main.o)
    0x000000c8   0x000000c8   0x0000003c   Code   RO          375    !!!scatter          c_p.l(__scatter.o)
    0x00000104   0x00000104   0x0000001c   Code   RO          377    !!handler_zi        c_p.l(__scatter_zi.o)
    0x00000120   0x00000120   0x00000002   Code   RO          236    .ARM.Collect$$libinit$$00000000  c_p.l(libinit.o)
    0x00000122   0x00000122   0x00000000   Code   RO          250    .ARM.Collect$$libinit$$00000002  c_p.l(libinit2.o)
    0x00000122   0x00000122   0x00000000   Code   RO          252    .ARM.Collect$$libinit$$00000004  c_p.l(libinit2.o)
    0x00000122   0x00000122   0x00000000   Code   RO          254    .ARM.Collect$$libinit$$00000006  c_p.l(libinit2.o)
    0x00000122   0x00000122   0x00000000   Code   RO          257    .ARM.Collect$$libinit$$0000000C  c_p.l(libinit2.o)
    0x00000122   0x00000122   0x00000000   Code   RO          259    .ARM.Collect$$libinit$$0000000E  c_p.l(libinit2.o)
    0x00000122   0x00000122   0x00000000   Code   RO          261    .ARM.Collect$$libinit$$00000010  c_p.l(libinit2.o)
    0x00000122   0x00000122   0x00000000   Code   RO          264    .ARM.Collect$$libinit$$00000013  c_p.l(libinit2.o)
    0x00000122   0x00000122   0x00000000   Code   RO          266    .ARM.Collect$$libinit$$00000015  c_p.l(libinit2.o)
    0x00000122   0x00000122   0x00000000   Code   RO          268    .ARM.Collect$$libinit$$00000017  c_p.l(libinit2.o)
    0x00000122   0x00000122   0x00000000   Code   RO          270    .ARM.Collect$$libinit$$00000019  c_p.l(libinit2.o)
    0x00000122   0x00000122   0x00000000   Code   RO          272    .ARM.Collect$$libinit$$0000001B  c_p.l(libinit2.o)
    0x00000122   0x00000122   0x00000000   Code   RO          274    .ARM.Collect$$libinit$$0000001D  c_p.l(libinit2.o)
    0x00000122   0x00000122   0x00000000   Code   RO          276    .ARM.Collect$$libinit$$0000001F  c_p.l(libinit2.o)
    0x00000122   0x00000122   0x00000000   Code   RO          278    .ARM.Collect$$libinit$$00000021  c_p.l(libinit2.o)
    0x00000122   0x00000122   0x00000000   Code   RO          280    .ARM.Collect$$libinit$$00000023  c_p.l(libinit2.o)
    0x00000122   0x00000122   0x00000000   Code   RO          282    .ARM.Collect$$libinit$$00000025  c_p.l(libinit2.o)
    0x00000122   0x00000122   0x00000000   Code   RO          284    .ARM.Collect$$libinit$$00000027  c_p.l(libinit2.o)
    0x00000122   0x00000122   0x00000000   Code   RO          288    .ARM.Collect$$libinit$$0000002E  c_p.l(libinit2.o)
    0x00000122   0x00000122   0x00000000   Code   RO          290    .ARM.Collect$$libinit$$00000030  c_p.l(libinit2.o)
    0x00000122   0x00000122   0x00000000   Code   RO          292    .ARM.Collect$$libinit$$00000032  c_p.l(libinit2.o)
    0x00000122   0x00000122   0x00000000   Code   RO          294    .ARM.Collect$$libinit$$00000034  c_p.l(libinit2.o)
    0x00000122   0x00000122   0x00000002   Code   RO          295    .ARM.Collect$$libinit$$00000035  c_p.l(libinit2.o)
    0x00000124   0x00000124   0x00000002   Code   RO          330    .ARM.Collect$$libshutdown$$00000000  c_p.l(libshutdown.o)
    0x00000126   0x00000126   0x00000000   Code   RO          358    .ARM.Collect$$libshutdown$$00000002  c_p.l(libshutdown2.o)
    0x00000126   0x00000126   0x00000000   Code   RO          360    .ARM.Collect$$libshutdown$$00000004  c_p.l(libshutdown2.o)
    0x00000126   0x00000126   0x00000000   Code   RO          363    .ARM.Collect$$libshutdown$$00000007  c_p.l(libshutdown2.o)
    0x00000126   0x00000126   0x00000000   Code   RO          366    .ARM.Collect$$libshutdown$$0000000A  c_p.l(libshutdown2.o)
    0x00000126   0x00000126   0x00000000   Code   RO          368    .ARM.Collect$$libshutdown$$0000000C  c_p.l(libshutdown2.o)
    0x00000126   0x00000126   0x00000000   Code   RO          371    .ARM.Collect$$libshutdown$$0000000F  c_p.l(libshutdown2.o)
    0x00000126   0x00000126   0x00000002   Code   RO          372    .ARM.Collect$$libshutdown$$00000010  c_p.l(libshutdown2.o)
    0x00000128   0x00000128   0x00000000   Code   RO          200    .ARM.Collect$$rtentry$$00000000  c_p.l(__rtentry.o)
    0x00000128   0x00000128   0x00000000   Code   RO          206    .ARM.Collect$$rtentry$$00000002  c_p.l(__rtentry2.o)
    0x00000128   0x00000128   0x00000006   Code   RO          218    .ARM.Collect$$rtentry$$00000004  c_p.l(__rtentry4.o)
    0x0000012e   0x0000012e   0x00000000   Code   RO          208    .ARM.Collect$$rtentry$$00000009  c_p.l(__rtentry2.o)
    0x0000012e   0x0000012e   0x00000004   Code   RO          209    .ARM.Collect$$rtentry$$0000000A  c_p.l(__rtentry2.o)
    0x00000132   0x00000132   0x00000000   Code   RO          211    .ARM.Collect$$rtentry$$0000000C  c_p.l(__rtentry2.o)
    0x00000132   0x00000132   0x00000008   Code   RO          212    .ARM.Collect$$rtentry$$0000000D  c_p.l(__rtentry2.o)
    0x0000013a   0x0000013a   0x00000002   Code   RO          241    .ARM.Collect$$rtexit$$00000000  c_p.l(rtexit.o)
    0x0000013c   0x0000013c   0x00000000   Code   RO          301    .ARM.Collect$$rtexit$$00000002  c_p.l(rtexit2.o)
    0x0000013c   0x0000013c   0x00000004   Code   RO          302    .ARM.Collect$$rtexit$$00000003  c_p.l(rtexit2.o)
    0x00000140   0x00000140   0x00000006   Code   RO          303    .ARM.Collect$$rtexit$$00000004  c_p.l(rtexit2.o)
    0x00000146   0x00000146   0x00000002   PAD
    0x00000148   0x00000148   0x00000040   Code   RO          165  * .text               startup_mkl25z4.o
    0x00000188   0x00000188   0x00000006   Code   RO          196    .text               c_p.l(heapauxi.o)
    0x0000018e   0x0000018e   0x0000003e   Code   RO          222    .text               c_p.l(sys_stackheap_outer.o)
    0x000001cc   0x000001cc   0x00000010   Code   RO          225    .text               c_p.l(exit.o)
    0x000001dc   0x000001dc   0x00000008   Code   RO          237    .text               c_p.l(libspace.o)
    0x000001e4   0x000001e4   0x0000000c   Code   RO          296    .text               c_p.l(sys_exit.o)
    0x000001f0   0x000001f0   0x00000002   Code   RO          319    .text               c_p.l(use_no_semi.o)
    0x000001f2   0x000001f2   0x00000000   Code   RO          321    .text               c_p.l(indicate_semi.o)
    0x000001f2   0x000001f2   0x00000002   PAD
    0x000001f4   0x000001f4   0x0000000c   Code   RO           99    .text.Com_GetByte   uartcom.o
    0x00000200   0x00000200   0x00000008   Code   RO           97    .text.Com_HasByte   uartcom.o
    0x00000208   0x00000208   0x0000009c   Code   RO           95    .text.Com_Init      uartcom.o
    0x000002a4   0x000002a4   0x00000034   Code   RO          107    .text.Com_WriteByteArray  uartcom.o
    0x000002d8   0x000002d8   0x00000020   Code   RO           82    .text.PIT_IRQHandler  periodictimer.o
    0x000002f8   0x000002f8   0x00000078   Code   RO          140    .text.RecorderCallback  recorder.o
    0x00000370   0x00000370   0x0000000c   Code   RO          142    .text.RecorderFinished  recorder.o
    0x0000037c   0x0000037c   0x00000008   Code   RO          144    .text.RecorderGetBuffer  recorder.o
    0x00000384   0x00000384   0x00000006   Code   RO          146    .text.RecorderGetSize  recorder.o
    0x0000038a   0x0000038a   0x00000002   PAD
    0x0000038c   0x0000038c   0x00000010   Code   RO          138    .text.RecorderStart  recorder.o
    0x0000039c   0x0000039c   0x0000000c   Code   RO          174    .text.SystemInit    system_mkl25z4.o
    0x000003a8   0x000003a8   0x0000002c   Code   RO          136    .text.RecorderInit  recorder.o
    0x000003d4   0x000003d4   0x00000024   Code   RO           84    .text.config_sys_clock  periodictimer.o
    0x000003f8   0x000003f8   0x00000002   Code   RO            2    .text.tx_call       main.o
    0x000003fa   0x000003fa   0x00000006   PAD
    0x00000400   0x00000400   0x00000010   Code   RO          164    .ARM.__at_0x400     startup_mkl25z4.o
    0x00000410   0x00000410   0x000000c0   Code   RO          109    .text.UART0_IRQHandler  uartcom.o
    0x000004d0   0x000004d0   0x00000040   Code   RO           15    .text.i2c_init      i2c.o
    0x00000510   0x00000510   0x00000078   Code   RO           23    .text.i2c_read_byte  i2c.o
    0x00000588   0x00000588   0x00000048   Code   RO           19    .text.i2c_read_setup  i2c.o
    0x000005d0   0x000005d0   0x00000038   Code   RO           21    .text.i2c_repeated_read  i2c.o
    0x00000608   0x00000608   0x00000018   Code   RO           17    .text.i2c_start     i2c.o
    0x00000620   0x00000620   0x00000050   Code   RO           25    .text.i2c_write_byte  i2c.o
    0x00000670   0x00000670   0x00000074   Code   RO           56    .text.init_RGB      led.o
    0x000006e4   0x000006e4   0x0000003c   Code   RO           35    .text.init_mma      mma8451.o
    0x00000720   0x00000720   0x000000bc   Code   RO            4    .text.main          main.o
    0x000007dc   0x000007dc   0x00000088   Code   RO           39    .text.read_full_xyz  mma8451.o
    0x00000864   0x00000864   0x00000018   Code   RO           70    .text.set_b         led.o
    0x0000087c   0x0000087c   0x00000014   Code   RO           68    .text.set_g         led.o
    0x00000890   0x00000890   0x00000018   Code   RO           66    .text.set_r         led.o
    0x000008a8   0x000008a8   0x00000048   Code   RO           80    .text.timer0_init   periodictimer.o
    0x000008f0   0x000008f0   0x0000001c   Code   RO           58    .text.toggle        led.o
    0x0000090c   0x0000090c   0x000001f6   Code   RO          189    .text_divfast       c_p.l(aeabi_sdivfast.o)
    0x00000b02   0x00000b02   0x00000002   PAD
    0x00000b04   0x00000b04   0x00000010   Data   RO          374    Region$$Table       anon$$obj.o


    Execution Region ER_RW (Exec base: 0x1ffff000, Load base: 0x00000b14, Size: 0x00000000, Max: 0xffffffff, ABSOLUTE)

    **** No section assigned to this execution region ****


    Execution Region ER_ZI (Exec base: 0x1ffff000, Load base: 0x00000b14, Size: 0x00000af8, Max: 0xffffffff, ABSOLUTE)

    Exec Addr    Load Addr    Size         Type   Attr      Idx    E Section Name        Object

    0x1ffff000        -       0x00000060   Zero   RW          238    .bss                c_p.l(libspace.o)
    0x1ffff060        -       0x00000002   Zero   RW           43    .bss.acc_X          mma8451.o
    0x1ffff062        -       0x00000002   Zero   RW           44    .bss.acc_Y          mma8451.o
    0x1ffff064        -       0x00000002   Zero   RW           45    .bss.acc_Z          mma8451.o
    0x1ffff066        -       0x00000001   Zero   RW          117    .bss.has_byte       uartcom.o
    0x1ffff067        -       0x00000001   Zero   RW          119    .bss.last_byte      uartcom.o
    0x1ffff068        -       0x00000960   Zero   RW          153    .bss.recorder_buffer  recorder.o
    0x1ffff9c8        -       0x00000004   Zero   RW          151    .bss.recorder_index  recorder.o
    0x1ffff9cc        -       0x00000001   Zero   RW          152    .bss.recording      recorder.o
    0x1ffff9cd   0x00000b14   0x00000003   PAD
    0x1ffff9d0        -       0x00000004   Zero   RW          122    .bss.rx_buff        uartcom.o
    0x1ffff9d4        -       0x00000004   Zero   RW          124    .bss.rx_call        uartcom.o
    0x1ffff9d8        -       0x00000004   Zero   RW          120    .bss.rx_count       uartcom.o
    0x1ffff9dc        -       0x00000004   Zero   RW          123    .bss.rx_ind         uartcom.o
    0x1ffff9e0        -       0x00000001   Zero   RW           86    .bss.timerEvent     periodictimer.o
    0x1ffff9e1        -       0x00000001   Zero   RW          118    .bss.tx_active      uartcom.o
    0x1ffff9e2   0x00000b14   0x00000002   PAD
    0x1ffff9e4        -       0x00000004   Zero   RW          125    .bss.tx_buff        uartcom.o
    0x1ffff9e8        -       0x00000004   Zero   RW          127    .bss.tx_call        uartcom.o
    0x1ffff9ec        -       0x00000004   Zero   RW          121    .bss.tx_count       uartcom.o
    0x1ffff9f0        -       0x00000004   Zero   RW          126    .bss.tx_ind         uartcom.o
    0x1ffff9f4        -       0x00000001   Zero   RW          148    .bss.use_x          recorder.o
    0x1ffff9f5        -       0x00000001   Zero   RW          149    .bss.use_y          recorder.o
    0x1ffff9f6        -       0x00000001   Zero   RW          150    .bss.use_z          recorder.o
    0x1ffff9f7   0x00000b14   0x00000001   PAD
    0x1ffff9f8        -       0x00000000   Zero   RW          162    HEAP                startup_mkl25z4.o
    0x1ffff9f8        -       0x00000100   Zero   RW          161    STACK               startup_mkl25z4.o


==============================================================================

Image component sizes


      Code (inc. data)   RO Data    RW Data    ZI Data      Debug   Object Name

       416         16          0          0          0       2930   i2c.o
       212         40          0          0          0       2479   led.o
       190          8          0          0          0        967   main.o
       196         16          0          0          6       1816   mma8451.o
       140         32          0          0          1       3753   periodictimer.o
       206         36          0          0       2408       1552   recorder.o
        80         44        192          0        256        840   startup_mkl25z4.o
        12          4          0          0          0       2528   system_mkl25z4.o
       420         76          0          0         35       5747   uartcom.o

    ----------------------------------------------------------------------
      1880        272        208          0       2712      22612   Object Totals
         0          0         16          0          0          0   (incl. Generated)
         8          0          0          0          6          0   (incl. Padding)

    ----------------------------------------------------------------------

      Code (inc. data)   RO Data    RW Data    ZI Data      Debug   Library Member Name

         8          0          0          0          0         68   __main.o
         0          0          0          0          0          0   __rtentry.o
        12          0          0          0          0          0   __rtentry2.o
         6          0          0          0          0          0   __rtentry4.o
        60          8          0          0          0          0   __scatter.o
        28          0          0          0          0          0   __scatter_zi.o
       502          0          0          0          0         92   aeabi_sdivfast.o
        16          0          0          0          0         68   exit.o
         6          0          0          0          0        136   heapauxi.o
         0          0          0          0          0          0   indicate_semi.o
         2          0          0          0          0          0   libinit.o
         2          0          0          0          0          0   libinit2.o
         2          0          0          0          0          0   libshutdown.o
         2          0          0          0          0          0   libshutdown2.o
         8          4          0          0         96         68   libspace.o
         2          0          0          0          0          0   rtexit.o
        10          0          0          0          0          0   rtexit2.o
        12          4          0          0          0         60   sys_exit.o
        62          0          0          0          0         80   sys_stackheap_outer.o
         2          0          0          0          0         68   use_no_semi.o

    ----------------------------------------------------------------------
       748         16          0          0         96        640   Library Totals
         6          0          0          0          0          0   (incl. Padding)

    ----------------------------------------------------------------------

      Code (inc. data)   RO Data    RW Data    ZI Data      Debug   Library Name

       742         16          0          0         96        640   c_p.l

    ----------------------------------------------------------------------
       748         16          0          0         96        640   Library Totals

    ----------------------------------------------------------------------

==============================================================================


      Code (inc. data)   RO Data    RW Data    ZI Data      Debug   

      2628        288        208          0       2808      22900   Grand Totals
      2628        288        208          0       2808      22900   ELF Image Totals
      2628        288        208          0          0          0   ROM Totals

==============================================================================

    Total RO  Size (Code + RO Data)                 2836 (   2.77kB)
    Total RW  Size (RW Data + ZI Data)              2808 (   2.74kB)
    Total ROM Size (Code + RO Data + RW Data)       2836 (   2.77kB)

==============================================================================

